Archive member included because of file (symbol)

.\CortexM3\ARM_GCC_493\Debug\Maaler.a(cyfitter_cfg.o)
                              .\CortexM3\ARM_GCC_493\Debug\Cm3Start.o (cyfitter_cfg)
.\CortexM3\ARM_GCC_493\Debug\Maaler.a(ADC_DelSig_1.o)
                              .\CortexM3\ARM_GCC_493\Debug\main.o (ADC_DelSig_1_Start)
.\CortexM3\ARM_GCC_493\Debug\Maaler.a(ADC_DelSig_1_INT.o)
                              .\CortexM3\ARM_GCC_493\Debug\Maaler.a(ADC_DelSig_1.o) (ADC_DelSig_1_ISR1)
.\CortexM3\ARM_GCC_493\Debug\Maaler.a(ADC_DelSig_1_Ext_CP_Clk.o)
                              .\CortexM3\ARM_GCC_493\Debug\Maaler.a(ADC_DelSig_1.o) (ADC_DelSig_1_Ext_CP_Clk_SetDividerRegister)
.\CortexM3\ARM_GCC_493\Debug\Maaler.a(ADC_DelSig_1_theACLK.o)
                              .\CortexM3\ARM_GCC_493\Debug\Maaler.a(ADC_DelSig_1.o) (ADC_DelSig_1_theACLK_SetDividerRegister)
.\CortexM3\ARM_GCC_493\Debug\Maaler.a(CyLib.o)
                              .\CortexM3\ARM_GCC_493\Debug\Cm3Start.o (CyResetStatus)
.\CortexM3\ARM_GCC_493\Debug\Maaler.a(cyPm.o)
                              .\CortexM3\ARM_GCC_493\Debug\Maaler.a(CyLib.o) (CyPmReadStatus)
.\CortexM3\ARM_GCC_493\Debug\Maaler.a(test.o)
                              .\CortexM3\ARM_GCC_493\Debug\sample.o (test_Write)
.\CortexM3\ARM_GCC_493\Debug\Maaler.a(AMux_1.o)
                              .\CortexM3\ARM_GCC_493\Debug\main.o (AMux_1_Start)
.\CortexM3\ARM_GCC_493\Debug\Maaler.a(AMux_2.o)
                              .\CortexM3\ARM_GCC_493\Debug\main.o (AMux_2_Start)
.\CortexM3\ARM_GCC_493\Debug\Maaler.a(CyBootAsmGnu.o)
                              .\CortexM3\ARM_GCC_493\Debug\Maaler.a(cyfitter_cfg.o) (CyDelayCycles)
.\CortexM3\ARM_GCC_493\Debug\Maaler.a(CyFlash.o)
                              .\CortexM3\ARM_GCC_493\Debug\Maaler.a(cyPm.o) (CyFlash_SetWaitCycles)
.\CortexM3\ARM_GCC_493\Debug\Maaler.a(CySpc.o)
                              .\CortexM3\ARM_GCC_493\Debug\Maaler.a(CyFlash.o) (CySpcStart)
c:/program files (x86)/cypress/psoc creator/4.0/psoc creator/import/gnu/arm/4.9.3/bin/../lib/gcc/arm-none-eabi/4.9.3/../../../../arm-none-eabi/lib/armv7-m\libM.a(lib_a-s_atan.o)
                              .\CortexM3\ARM_GCC_493\Debug\main.o (atan)
c:/program files (x86)/cypress/psoc creator/4.0/psoc creator/import/gnu/arm/4.9.3/bin/../lib/gcc/arm-none-eabi/4.9.3/../../../../arm-none-eabi/lib/armv7-m\libM.a(lib_a-s_cos.o)
                              .\CortexM3\ARM_GCC_493\Debug\main.o (cos)
c:/program files (x86)/cypress/psoc creator/4.0/psoc creator/import/gnu/arm/4.9.3/bin/../lib/gcc/arm-none-eabi/4.9.3/../../../../arm-none-eabi/lib/armv7-m\libM.a(lib_a-s_fabs.o)
                              c:/program files (x86)/cypress/psoc creator/4.0/psoc creator/import/gnu/arm/4.9.3/bin/../lib/gcc/arm-none-eabi/4.9.3/../../../../arm-none-eabi/lib/armv7-m\libM.a(lib_a-s_atan.o) (fabs)
c:/program files (x86)/cypress/psoc creator/4.0/psoc creator/import/gnu/arm/4.9.3/bin/../lib/gcc/arm-none-eabi/4.9.3/../../../../arm-none-eabi/lib/armv7-m\libM.a(lib_a-w_sqrt.o)
                              .\CortexM3\ARM_GCC_493\Debug\main.o (sqrt)
c:/program files (x86)/cypress/psoc creator/4.0/psoc creator/import/gnu/arm/4.9.3/bin/../lib/gcc/arm-none-eabi/4.9.3/../../../../arm-none-eabi/lib/armv7-m\libM.a(lib_a-e_rem_pio2.o)
                              c:/program files (x86)/cypress/psoc creator/4.0/psoc creator/import/gnu/arm/4.9.3/bin/../lib/gcc/arm-none-eabi/4.9.3/../../../../arm-none-eabi/lib/armv7-m\libM.a(lib_a-s_cos.o) (__ieee754_rem_pio2)
c:/program files (x86)/cypress/psoc creator/4.0/psoc creator/import/gnu/arm/4.9.3/bin/../lib/gcc/arm-none-eabi/4.9.3/../../../../arm-none-eabi/lib/armv7-m\libM.a(lib_a-e_sqrt.o)
                              c:/program files (x86)/cypress/psoc creator/4.0/psoc creator/import/gnu/arm/4.9.3/bin/../lib/gcc/arm-none-eabi/4.9.3/../../../../arm-none-eabi/lib/armv7-m\libM.a(lib_a-w_sqrt.o) (__ieee754_sqrt)
c:/program files (x86)/cypress/psoc creator/4.0/psoc creator/import/gnu/arm/4.9.3/bin/../lib/gcc/arm-none-eabi/4.9.3/../../../../arm-none-eabi/lib/armv7-m\libM.a(lib_a-k_cos.o)
                              c:/program files (x86)/cypress/psoc creator/4.0/psoc creator/import/gnu/arm/4.9.3/bin/../lib/gcc/arm-none-eabi/4.9.3/../../../../arm-none-eabi/lib/armv7-m\libM.a(lib_a-s_cos.o) (__kernel_cos)
c:/program files (x86)/cypress/psoc creator/4.0/psoc creator/import/gnu/arm/4.9.3/bin/../lib/gcc/arm-none-eabi/4.9.3/../../../../arm-none-eabi/lib/armv7-m\libM.a(lib_a-k_rem_pio2.o)
                              c:/program files (x86)/cypress/psoc creator/4.0/psoc creator/import/gnu/arm/4.9.3/bin/../lib/gcc/arm-none-eabi/4.9.3/../../../../arm-none-eabi/lib/armv7-m\libM.a(lib_a-e_rem_pio2.o) (__kernel_rem_pio2)
c:/program files (x86)/cypress/psoc creator/4.0/psoc creator/import/gnu/arm/4.9.3/bin/../lib/gcc/arm-none-eabi/4.9.3/../../../../arm-none-eabi/lib/armv7-m\libM.a(lib_a-k_sin.o)
[...]
Memory Configuration

Name             Origin             Length             Attributes
rom              0x00000000         0x00040000         xr
ram              0x1fff8000         0x00010000         xrw
*default*        0x00000000         0xffffffff

Linker script and memory map

LOAD c:/program files (x86)/cypress/psoc creator/4.0/psoc creator/import/gnu/arm/4.9.3/bin/../lib/gcc/arm-none-eabi/4.9.3/armv7-m/crti.o
LOAD c:/program files (x86)/cypress/psoc creator/4.0/psoc creator/import/gnu/arm/4.9.3/bin/../lib/gcc/arm-none-eabi/4.9.3/armv7-m/crtbegin.o
LOAD c:/program files (x86)/cypress/psoc creator/4.0/psoc creator/import/gnu/arm/4.9.3/bin/../lib/gcc/arm-none-eabi/4.9.3/../../../../arm-none-eabi/lib/armv7-m/crt0.o
START GROUP
LOAD .\CortexM3\ARM_GCC_493\Debug\main.o
LOAD .\CortexM3\ARM_GCC_493\Debug\sample.o
LOAD .\CortexM3\ARM_GCC_493\Debug\cymetadata.o
LOAD .\CortexM3\ARM_GCC_493\Debug\Cm3Start.o
LOAD .\CortexM3\ARM_GCC_493\Debug\Maaler.a
LOAD C:\Program Files (x86)\Cypress\PSoC Creator\4.0\PSoC Creator\psoc\content\cycomponentlibrary\CyComponentLibrary.cylib\CortexM3\ARM_GCC_493\Debug\CyComponentLibrary.a
LOAD c:/program files (x86)/cypress/psoc creator/4.0/psoc creator/import/gnu/arm/4.9.3/bin/../lib/gcc/arm-none-eabi/4.9.3/../../../../arm-none-eabi/lib/armv7-m\libM.a
END GROUP
START GROUP
LOAD c:/program files (x86)/cypress/psoc creator/4.0/psoc creator/import/gnu/arm/4.9.3/bin/../lib/gcc/arm-none-eabi/4.9.3/armv7-m\libgcc.a
LOAD c:/program files (x86)/cypress/psoc creator/4.0/psoc creator/import/gnu/arm/4.9.3/bin/../lib/gcc/arm-none-eabi/4.9.3/../../../../arm-none-eabi/lib/armv7-m\libg_nano.a
LOAD c:/program files (x86)/cypress/psoc creator/4.0/psoc creator/import/gnu/arm/4.9.3/bin/../lib/gcc/arm-none-eabi/4.9.3/../../../../arm-none-eabi/lib/armv7-m\libc_nano.a
END GROUP
START GROUP
LOAD c:/program files (x86)/cypress/psoc creator/4.0/psoc creator/import/gnu/arm/4.9.3/bin/../lib/gcc/arm-none-eabi/4.9.3/armv7-m\libgcc.a
LOAD c:/program files (x86)/cypress/psoc creator/4.0/psoc creator/import/gnu/arm/4.9.3/bin/../lib/gcc/arm-none-eabi/4.9.3/../../../../arm-none-eabi/lib/armv7-m\libc_nano.a
END GROUP
LOAD c:/program files (x86)/cypress/psoc creator/4.0/psoc creator/import/gnu/arm/4.9.3/bin/../lib/gcc/arm-none-eabi/4.9.3/armv7-m/crtend.o
LOAD c:/program files (x86)/cypress/psoc creator/4.0/psoc creator/import/gnu/arm/4.9.3/bin/../lib/gcc/arm-none-eabi/4.9.3/armv7-m/crtn.o
START GROUP
LOAD c:/program files (x86)/cypress/psoc creator/4.0/psoc creator/import/gnu/arm/4.9.3/bin/../lib/gcc/arm-none-eabi/4.9.3/armv7-m\libgcc.a
LOAD c:/program files (x86)/cypress/psoc creator/4.0/psoc creator/import/gnu/arm/4.9.3/bin/../lib/gcc/arm-none-eabi/4.9.3/../../../../arm-none-eabi/lib/armv7-m\libc.a
LOAD c:/program files (x86)/cypress/psoc creator/4.0/psoc creator/import/gnu/arm/4.9.3/bin/../lib/gcc/arm-none-eabi/4.9.3/../../../../arm-none-eabi/lib/armv7-m\libnosys.a
END GROUP
                0x00000000                CY_APPL_ORIGIN = 0x0
                0x00000100                CY_FLASH_ROW_SIZE = 0x100
                0x00000020                CY_ECC_ROW_SIZE = 0x20
                0x00000000                CY_EE_IN_BTLDR = 0x0
                0x00000000                CY_APPL_LOADABLE = 0x0
                0x00000800                CY_EE_SIZE = 0x800
                0x00000001                CY_APPL_NUM = 0x1
                0x00000001                CY_APPL_MAX = 0x1
                0x00000040                CY_METADATA_SIZE = 0x40
                0x00000000                CY_APPL_LOADABLE = 0x0
                0x00000000                CY_CHECKSUM_EXCLUDE_SIZE = ALIGN (0x0, CY_FLASH_ROW_SIZE)
                0x1fff8dc8                PROVIDE (__cy_heap_start, _end)
                0x00000001                PROVIDE (__cy_region_num, ((__cy_regions_end - __cy_regions) / 0x10))
                0x20008000                PROVIDE (__cy_stack, (ORIGIN (ram) + 0x10000))
                0x20007800                PROVIDE (__cy_heap_end, (__cy_stack - 0x800))

.cybootloader   0x00000000        0x0
 *(.cybootloader)
                0x00000000                appl1_start = CY_APPL_ORIGIN?CY_APPL_ORIGIN:ALIGN (CY_FLASH_ROW_SIZE)
                0x0001ff00                appl2_start = (appl1_start + ALIGN ((((0x40000 - appl1_start) - (0x2 * CY_FLASH_ROW_SIZE)) / 0x2), CY_FLASH_ROW_SIZE))
                0x00000000                appl_start = (CY_APPL_NUM == 0x1)?appl1_start:appl2_start
                0x00000000                ecc_offset = ((appl_start / CY_FLASH_ROW_SIZE) * CY_ECC_ROW_SIZE)
                0x00000000                ee_offset = (CY_APPL_LOADABLE && ! (CY_EE_IN_BTLDR))?((CY_EE_SIZE / CY_APPL_MAX) * (CY_APPL_NUM - 0x1)):0x0
                0x00000800                ee_size = (CY_APPL_LOADABLE && ! (CY_EE_IN_BTLDR))?(CY_EE_SIZE / CY_APPL_MAX):CY_EE_SIZE
                0x00000000                PROVIDE (CY_ECC_OFFSET, ecc_offset)

.text           0x00000000     0x40da
 CREATE_OBJECT_SYMBOLS
                0x00000000                PROVIDE (__cy_interrupt_vector, RomVectors)
 *(.romvectors)
 .romvectors    0x00000000       0x10 .\CortexM3\ARM_GCC_493\Debug\Cm3Start.o
                0x00000000                RomVectors
                0x00000001                ASSERT ((. != __cy_interrupt_vector), No interrupt vector)
                0x00000001                ASSERT (CY_APPL_ORIGIN?(SIZEOF (.cybootloader) <= CY_APPL_ORIGIN):0x1, Wrong image location)
                0x00000010                PROVIDE (__cy_reset, Reset)
 *(.text.Reset)
 .text.Reset    0x00000010       0x18 .\CortexM3\ARM_GCC_493\Debug\Cm3Start.o
                0x00000010                Reset
                0x00000001                ASSERT ((. != __cy_reset), No reset code)
 *(.dma_init)
                0x00000001                ASSERT ((((appl_start + .) <= 0x10000) || 0x1), DMA Init must be within the first 64k of flash)
 *(.text .text.* .gnu.linkonce.t.*)
 .text          0x00000028       0x5c c:/program files (x86)/cypress/psoc creator/4.0/psoc creator/import/gnu/arm/4.9.3/bin/../lib/gcc/arm-none-eabi/4.9.3/armv7-m/crtbegin.o
 .text.FFT      0x00000084      0x43c .\CortexM3\ARM_GCC_493\Debug\main.o
                0x00000084                FFT
 .text.calculate_50Hz_Amp
                0x000004c0       0x1c .\CortexM3\ARM_GCC_493\Debug\main.o
                0x000004c0                calculate_50Hz_Amp
 *fill*         0x000004dc        0x4 
 .text.calculate_50Hz_RMS
                0x000004e0       0x38 .\CortexM3\ARM_GCC_493\Debug\main.o
                0x000004e0                calculate_50Hz_RMS
 .text.calculate_50Hz_PF
                0x00000518       0x7c .\CortexM3\ARM_GCC_493\Debug\main.o
                0x00000518                calculate_50Hz_PF
 .text.calculate_THD
                0x00000594       0xa4 .\CortexM3\ARM_GCC_493\Debug\main.o
                0x00000594                calculate_THD
 .text.main     0x00000638      0x1cc .\CortexM3\ARM_GCC_493\Debug\main.o
                0x00000638                main
 .text.sampleUandI
                0x00000804       0xa0 .\CortexM3\ARM_GCC_493\Debug\sample.o
                0x00000804                sampleUandI
 .text.IntDefaultHandler
                0x000008a4       0x14 .\CortexM3\ARM_GCC_493\Debug\Cm3Start.o
                0x000008a4                IntDefaultHandler
 .text.Start_c  0x000008b8       0x98 .\CortexM3\ARM_GCC_493\Debug\Cm3Start.o
                0x000008b8                Start_c
 .text.initialize_psoc
                0x00000950       0x8c .\CortexM3\ARM_GCC_493\Debug\Cm3Start.o
                0x00000950                initialize_psoc
 .text.CYMEMZERO
                0x000009dc       0x1c .\CortexM3\ARM_GCC_493\Debug\Maaler.a(cyfitter_cfg.o)
 .text.CYCONFIGCPY
                0x000009f8       0x1c .\CortexM3\ARM_GCC_493\Debug\Maaler.a(cyfitter_cfg.o)
 .text.CyClockStartupError
                0x00000a14        0xc .\CortexM3\ARM_GCC_493\Debug\Maaler.a(cyfitter_cfg.o)
 .text.cfg_write_bytes32
                0x00000a20       0x74 .\CortexM3\ARM_GCC_493\Debug\Maaler.a(cyfitter_cfg.o)
 .text.ClockSetup
                0x00000a94      0x144 .\CortexM3\ARM_GCC_493\Debug\Maaler.a(cyfitter_cfg.o)
 .text.AnalogSetDefault
                0x00000bd8       0x44 .\CortexM3\ARM_GCC_493\Debug\Maaler.a(cyfitter_cfg.o)
 .text.AMux_1_Set
                0x00000c1c       0x6c .\CortexM3\ARM_GCC_493\Debug\Maaler.a(cyfitter_cfg.o)
                0x00000c1c                AMux_1_Set
 .text.AMux_1_Unset
                0x00000c88       0x74 .\CortexM3\ARM_GCC_493\Debug\Maaler.a(cyfitter_cfg.o)
                0x00000c88                AMux_1_Unset
 .text.AMux_2_Set
                0x00000cfc       0x6c .\CortexM3\ARM_GCC_493\Debug\Maaler.a(cyfitter_cfg.o)
                0x00000cfc                AMux_2_Set
 .text.AMux_2_Unset
                0x00000d68       0x74 .\CortexM3\ARM_GCC_493\Debug\Maaler.a(cyfitter_cfg.o)
                0x00000d68                AMux_2_Unset
 .text.cyfitter_cfg
                0x00000ddc      0x12c .\CortexM3\ARM_GCC_493\Debug\Maaler.a(cyfitter_cfg.o)
                0x00000ddc                cyfitter_cfg
 .text.ADC_DelSig_1_Init
                0x00000f08      0x158 .\CortexM3\ARM_GCC_493\Debug\Maaler.a(ADC_DelSig_1.o)
                0x00000f08                ADC_DelSig_1_Init
 .text.ADC_DelSig_1_Enable
                0x00001060      0x158 .\CortexM3\ARM_GCC_493\Debug\Maaler.a(ADC_DelSig_1.o)
                0x00001060                ADC_DelSig_1_Enable
 .text.ADC_DelSig_1_Start
                0x000011b8       0x30 .\CortexM3\ARM_GCC_493\Debug\Maaler.a(ADC_DelSig_1.o)
                0x000011b8                ADC_DelSig_1_Start
 .text.ADC_DelSig_1_StartConvert
                0x000011e8       0x20 .\CortexM3\ARM_GCC_493\Debug\Maaler.a(ADC_DelSig_1.o)
                0x000011e8                ADC_DelSig_1_StartConvert
 .text.ADC_DelSig_1_StopConvert
                0x00001208       0x20 .\CortexM3\ARM_GCC_493\Debug\Maaler.a(ADC_DelSig_1.o)
                0x00001208                ADC_DelSig_1_StopConvert
 .text.ADC_DelSig_1_IsEndConversion
                0x00001228       0x50 .\CortexM3\ARM_GCC_493\Debug\Maaler.a(ADC_DelSig_1.o)
                0x00001228                ADC_DelSig_1_IsEndConversion
 .text.ADC_DelSig_1_GetResult16
                0x00001278       0x7c .\CortexM3\ARM_GCC_493\Debug\Maaler.a(ADC_DelSig_1.o)
                0x00001278                ADC_DelSig_1_GetResult16
 .text.ADC_DelSig_1_CountsTo_mVolts
                0x000012f4       0x40 .\CortexM3\ARM_GCC_493\Debug\Maaler.a(ADC_DelSig_1.o)
                0x000012f4                ADC_DelSig_1_CountsTo_mVolts
 .text.ADC_DelSig_1_InitConfig
                0x00001334      0x3f0 .\CortexM3\ARM_GCC_493\Debug\Maaler.a(ADC_DelSig_1.o)
 .text.ADC_DelSig_1_GainCompensation
                0x00001724      0x16c .\CortexM3\ARM_GCC_493\Debug\Maaler.a(ADC_DelSig_1.o)
 .text.ADC_DelSig_1_SetDSMRef0Reg
                0x00001890       0x78 .\CortexM3\ARM_GCC_493\Debug\Maaler.a(ADC_DelSig_1.o)
 .text.ADC_DelSig_1_Read16
                0x00001908       0x3c .\CortexM3\ARM_GCC_493\Debug\Maaler.a(ADC_DelSig_1.o)
                0x00001908                ADC_DelSig_1_Read16
 .text.ADC_DelSig_1_ISR1
                0x00001944        0xc .\CortexM3\ARM_GCC_493\Debug\Maaler.a(ADC_DelSig_1_INT.o)
                0x00001944                ADC_DelSig_1_ISR1
 .text.ADC_DelSig_1_ISR2
                0x00001950        0xc .\CortexM3\ARM_GCC_493\Debug\Maaler.a(ADC_DelSig_1_INT.o)
                0x00001950                ADC_DelSig_1_ISR2
 .text.ADC_DelSig_1_ISR3
                0x0000195c        0xc .\CortexM3\ARM_GCC_493\Debug\Maaler.a(ADC_DelSig_1_INT.o)
                0x0000195c                ADC_DelSig_1_ISR3
 .text.ADC_DelSig_1_ISR4
                0x00001968        0xc .\CortexM3\ARM_GCC_493\Debug\Maaler.a(ADC_DelSig_1_INT.o)
                0x00001968                ADC_DelSig_1_ISR4
 .text.ADC_DelSig_1_Ext_CP_Clk_SetDividerRegister
                0x00001974      0x160 .\CortexM3\ARM_GCC_493\Debug\Maaler.a(ADC_DelSig_1_Ext_CP_Clk.o)
                0x00001974                ADC_DelSig_1_Ext_CP_Clk_SetDividerRegister
 .text.ADC_DelSig_1_Ext_CP_Clk_GetDividerRegister
                0x00001ad4       0x18 .\CortexM3\ARM_GCC_493\Debug\Maaler.a(ADC_DelSig_1_Ext_CP_Clk.o)
                0x00001ad4                ADC_DelSig_1_Ext_CP_Clk_GetDividerRegister
 .text.ADC_DelSig_1_Ext_CP_Clk_SetModeRegister
                0x00001aec       0x34 .\CortexM3\ARM_GCC_493\Debug\Maaler.a(ADC_DelSig_1_Ext_CP_Clk.o)
                0x00001aec                ADC_DelSig_1_Ext_CP_Clk_SetModeRegister
 .text.ADC_DelSig_1_Ext_CP_Clk_GetSourceRegister
                0x00001b20       0x20 .\CortexM3\ARM_GCC_493\Debug\Maaler.a(ADC_DelSig_1_Ext_CP_Clk.o)
                0x00001b20                ADC_DelSig_1_Ext_CP_Clk_GetSourceRegister
 .text.ADC_DelSig_1_theACLK_SetDividerRegister
                0x00001b40      0x160 .\CortexM3\ARM_GCC_493\Debug\Maaler.a(ADC_DelSig_1_theACLK.o)
                0x00001b40                ADC_DelSig_1_theACLK_SetDividerRegister
 .text.ADC_DelSig_1_theACLK_GetDividerRegister
                0x00001ca0       0x18 .\CortexM3\ARM_GCC_493\Debug\Maaler.a(ADC_DelSig_1_theACLK.o)
                0x00001ca0                ADC_DelSig_1_theACLK_GetDividerRegister
 .text.ADC_DelSig_1_theACLK_SetModeRegister
                0x00001cb8       0x34 .\CortexM3\ARM_GCC_493\Debug\Maaler.a(ADC_DelSig_1_theACLK.o)
                0x00001cb8                ADC_DelSig_1_theACLK_SetModeRegister
 .text.ADC_DelSig_1_theACLK_GetSourceRegister
                0x00001cec       0x20 .\CortexM3\ARM_GCC_493\Debug\Maaler.a(ADC_DelSig_1_theACLK.o)
                0x00001cec                ADC_DelSig_1_theACLK_GetSourceRegister
 .text.CyHalt   0x00001d0c       0x18 .\CortexM3\ARM_GCC_493\Debug\Maaler.a(CyLib.o)
                0x00001d0c                CyHalt
 .text.CyDelayUs
                0x00001d24       0x24 .\CortexM3\ARM_GCC_493\Debug\Maaler.a(CyLib.o)
                0x00001d24                CyDelayUs
 .text.CyIntSetVector
                0x00001d48       0x50 .\CortexM3\ARM_GCC_493\Debug\Maaler.a(CyLib.o)
                0x00001d48                CyIntSetVector
 .text.CyIntSetPriority
                0x00001d98       0x44 .\CortexM3\ARM_GCC_493\Debug\Maaler.a(CyLib.o)
                0x00001d98                CyIntSetPriority
 .text.test_Write
                0x00001ddc       0x34 .\CortexM3\ARM_GCC_493\Debug\Maaler.a(test.o)
                0x00001ddc                test_Write
 .text.AMux_1_Start
                0x00001e10       0x30 .\CortexM3\ARM_GCC_493\Debug\Maaler.a(AMux_1.o)
                0x00001e10                AMux_1_Start
 .text.AMux_1_FastSelect
                0x00001e40       0x34 .\CortexM3\ARM_GCC_493\Debug\Maaler.a(AMux_1.o)
                0x00001e40                AMux_1_FastSelect
 .text.AMux_2_Start
                0x00001e74       0x30 .\CortexM3\ARM_GCC_493\Debug\Maaler.a(AMux_2.o)
                0x00001e74                AMux_2_Start
 .text.AMux_2_FastSelect
                0x00001ea4       0x34 .\CortexM3\ARM_GCC_493\Debug\Maaler.a(AMux_2.o)
                0x00001ea4                AMux_2_FastSelect
 .text          0x00001ed8       0x20 .\CortexM3\ARM_GCC_493\Debug\Maaler.a(CyBootAsmGnu.o)
                0x00001ed8                CyDelayCycles
                0x00001ee8                CyEnterCriticalSection
                0x00001ef0                CyExitCriticalSection
 .text.atan     0x00001ef8      0x338 c:/program files (x86)/cypress/psoc creator/4.0/psoc creator/import/gnu/arm/4.9.3/bin/../lib/gcc/arm-none-eabi/4.9.3/../../../../arm-none-eabi/lib/armv7-m\libM.a(lib_a-s_atan.o)
                0x00001ef8                atan
 .text.cos      0x00002230       0x90 c:/program files (x86)/cypress/psoc creator/4.0/psoc creator/import/gnu/arm/4.9.3/bin/../lib/gcc/arm-none-eabi/4.9.3/../../../../arm-none-eabi/lib/armv7-m\libM.a(lib_a-s_cos.o)
                0x00002230                cos
 .text.fabs     0x000022c0        0x8 c:/program files (x86)/cypress/psoc creator/4.0/psoc creator/import/gnu/arm/4.9.3/bin/../lib/gcc/arm-none-eabi/4.9.3/../../../../arm-none-eabi/lib/armv7-m\libM.a(lib_a-s_fabs.o)
                0x000022c0                fabs
 .text.sqrt     0x000022c8       0xac c:/program files (x86)/cypress/psoc creator/4.0/psoc creator/import/gnu/arm/4.9.3/bin/../lib/gcc/arm-none-eabi/4.9.3/../../../../arm-none-eabi/lib/armv7-m\libM.a(lib_a-w_sqrt.o)
                0x000022c8                sqrt
 *fill*         0x00002374        0x4 
 .text.__ieee754_rem_pio2
                0x00002378      0x428 c:/program files (x86)/cypress/psoc creator/4.0/psoc creator/import/gnu/arm/4.9.3/bin/../lib/gcc/arm-none-eabi/4.9.3/../../../../arm-none-eabi/lib/armv7-m\libM.a(lib_a-e_rem_pio2.o)
                0x00002378                __ieee754_rem_pio2
 .text.__ieee754_sqrt
                0x000027a0      0x18c c:/program files (x86)/cypress/psoc creator/4.0/psoc creator/import/gnu/arm/4.9.3/bin/../lib/gcc/arm-none-eabi/4.9.3/../../../../arm-none-eabi/lib/armv7-m\libM.a(lib_a-e_sqrt.o)
                0x000027a0                __ieee754_sqrt
 *fill*         0x0000292c        0x4 
 .text.__kernel_cos
                0x00002930      0x248 c:/program files (x86)/cypress/psoc creator/4.0/psoc creator/import/gnu/arm/4.9.3/bin/../lib/gcc/arm-none-eabi/4.9.3/../../../../arm-none-eabi/lib/armv7-m\libM.a(lib_a-k_cos.o)
                0x00002930                __kernel_cos
 .text.__kernel_rem_pio2
                0x00002b78      0x808 c:/program files (x86)/cypress/psoc creator/4.0/psoc creator/import/gnu/arm/4.9.3/bin/../lib/gcc/arm-none-eabi/4.9.3/../../../../arm-none-eabi/lib/armv7-m\libM.a(lib_a-k_rem_pio2.o)
                0x00002b78                __kernel_rem_pio2
 .text.__kernel_sin
                0x00003380      0x170 c:/program files (x86)/cypress/psoc creator/4.0/psoc creator/import/gnu/arm/4.9.3/bin/../lib/gcc/arm-none-eabi/4.9.3/../../../../arm-none-eabi/lib/armv7-m\libM.a(lib_a-k_sin.o)
                0x00003380                __kernel_sin
 .text.floor    0x000034f0      0x118 c:/program files (x86)/cypress/psoc creator/4.0/psoc creator/import/gnu/arm/4.9.3/bin/../lib/gcc/arm-none-eabi/4.9.3/../../../../arm-none-eabi/lib/armv7-m\libM.a(lib_a-s_floor.o)
                0x000034f0                floor
 .text.__fpclassifyd
                0x00003608       0x58 c:/program files (x86)/cypress/psoc creator/4.0/psoc creator/import/gnu/arm/4.9.3/bin/../lib/gcc/arm-none-eabi/4.9.3/../../../../arm-none-eabi/lib/armv7-m\libM.a(lib_a-s_fpclassify.o)
                0x00003608                __fpclassifyd
 .text.matherr  0x00003660        0x4 c:/program files (x86)/cypress/psoc creator/4.0/psoc creator/import/gnu/arm/4.9.3/bin/../lib/gcc/arm-none-eabi/4.9.3/../../../../arm-none-eabi/lib/armv7-m\libM.a(lib_a-s_matherr.o)
                0x00003660                matherr
 *fill*         0x00003664        0x4 
 .text.scalbn   0x00003668       0xf0 c:/program files (x86)/cypress/psoc creator/4.0/psoc creator/import/gnu/arm/4.9.3/bin/../lib/gcc/arm-none-eabi/4.9.3/../../../../arm-none-eabi/lib/armv7-m\libM.a(lib_a-s_scalbn.o)
                0x00003668                scalbn
 .text.copysign
                0x00003758       0x10 c:/program files (x86)/cypress/psoc creator/4.0/psoc creator/import/gnu/arm/4.9.3/bin/../lib/gcc/arm-none-eabi/4.9.3/../../../../arm-none-eabi/lib/armv7-m\libM.a(lib_a-s_copysign.o)
                0x00003758                copysign
 .text          0x00003768      0x370 c:/program files (x86)/cypress/psoc creator/4.0/psoc creator/import/gnu/arm/4.9.3/bin/../lib/gcc/arm-none-eabi/4.9.3/armv7-m\libgcc.a(_arm_addsubdf3.o)
                0x00003768                __aeabi_drsub
                0x00003770                __aeabi_dsub
                0x00003770                __subdf3
                0x00003774                __aeabi_dadd
                0x00003774                __adddf3
                0x000039ec                __floatunsidf
                0x000039ec                __aeabi_ui2d
                0x00003a0c                __floatsidf
                0x00003a0c                __aeabi_i2d
                0x00003a30                __aeabi_f2d
                0x00003a30                __extendsfdf2
                0x00003a6c                __floatundidf
                0x00003a6c                __aeabi_ul2d
                0x00003a7c                __floatdidf
                0x00003a7c                __aeabi_l2d
 .text          0x00003ad8      0x424 c:/program files (x86)/cypress/psoc creator/4.0/psoc creator/import/gnu/arm/4.9.3/bin/../lib/gcc/arm-none-eabi/4.9.3/armv7-m\libgcc.a(_arm_muldivdf3.o)
                0x00003ad8                __aeabi_dmul
                0x00003ad8                __muldf3
                0x00003d2c                __divdf3
                0x00003d2c                __aeabi_ddiv
 .text          0x00003efc      0x110 c:/program files (x86)/cypress/psoc creator/4.0/psoc creator/import/gnu/arm/4.9.3/bin/../lib/gcc/arm-none-eabi/4.9.3/armv7-m\libgcc.a(_arm_cmpdf2.o)
                0x00003efc                __gtdf2
                0x00003efc                __gedf2
                0x00003f04                __ltdf2
                0x00003f04                __ledf2
                0x00003f0c                __nedf2
                0x00003f0c                __eqdf2
                0x00003f0c                __cmpdf2
                0x00003f88                __aeabi_cdrcmple
                0x00003f98                __aeabi_cdcmpeq
                0x00003f98                __aeabi_cdcmple
                0x00003fa8                __aeabi_dcmpeq
                0x00003fbc                __aeabi_dcmplt
                0x00003fd0                __aeabi_dcmple
                0x00003fe4                __aeabi_dcmpge
                0x00003ff8                __aeabi_dcmpgt
 .text          0x0000400c       0x50 c:/program files (x86)/cypress/psoc creator/4.0/psoc creator/import/gnu/arm/4.9.3/bin/../lib/gcc/arm-none-eabi/4.9.3/armv7-m\libgcc.a(_arm_fixdfsi.o)
                0x0000400c                __aeabi_d2iz
                0x0000400c                __fixdfsi
 .text.__errno  0x0000405c        0xc c:/program files (x86)/cypress/psoc creator/4.0/psoc creator/import/gnu/arm/4.9.3/bin/../lib/gcc/arm-none-eabi/4.9.3/../../../../arm-none-eabi/lib/armv7-m\libg_nano.a(lib_a-errno.o)
                0x0000405c                __errno
 .text.__libc_init_array
                0x00004068       0x4c c:/program files (x86)/cypress/psoc creator/4.0/psoc creator/import/gnu/arm/4.9.3/bin/../lib/gcc/arm-none-eabi/4.9.3/../../../../arm-none-eabi/lib/armv7-m\libg_nano.a(lib_a-init.o)
                0x00004068                __libc_init_array
 .text.memcpy   0x000040b4       0x16 c:/program files (x86)/cypress/psoc creator/4.0/psoc creator/import/gnu/arm/4.9.3/bin/../lib/gcc/arm-none-eabi/4.9.3/../../../../arm-none-eabi/lib/armv7-m\libg_nano.a(lib_a-memcpy.o)
                0x000040b4                memcpy
 .text.memset   0x000040ca       0x10 c:/program files (x86)/cypress/psoc creator/4.0/psoc creator/import/gnu/arm/4.9.3/bin/../lib/gcc/arm-none-eabi/4.9.3/../../../../arm-none-eabi/lib/armv7-m\libg_nano.a(lib_a-memset.o)
                0x000040ca                memset
 *(.plt)
 *(.gnu.warning)
 *(.glue_7t)
 .glue_7t       0x00000000        0x0 linker stubs
 *(.glue_7)
 .glue_7        0x00000000        0x0 linker stubs
 *(.vfp11_veneer)
 .vfp11_veneer  0x00000000        0x0 linker stubs
 *(.bootloader)
 *(.ARM.extab* .gnu.linkonce.armextab.*)
 *(.gcc_except_table)

.v4_bx          0x000040dc        0x0
 .v4_bx         0x00000000        0x0 linker stubs

.iplt           0x000040dc        0x0
 .iplt          0x00000000        0x0 c:/program files (x86)/cypress/psoc creator/4.0/psoc creator/import/gnu/arm/4.9.3/bin/../lib/gcc/arm-none-eabi/4.9.3/armv7-m/crtbegin.o

.eh_frame_hdr
 *(.eh_frame_hdr)

.eh_frame       0x000040dc        0x4
 *(.eh_frame)
 .eh_frame      0x000040dc        0x0 c:/program files (x86)/cypress/psoc creator/4.0/psoc creator/import/gnu/arm/4.9.3/bin/../lib/gcc/arm-none-eabi/4.9.3/armv7-m/crtbegin.o
 .eh_frame      0x000040dc        0x4 c:/program files (x86)/cypress/psoc creator/4.0/psoc creator/import/gnu/arm/4.9.3/bin/../lib/gcc/arm-none-eabi/4.9.3/armv7-m/crtend.o
                0x000040e0                PROVIDE (__exidx_start, .)

.ARM.exidx
 *(.ARM.exidx* .gnu.linkonce.armexidx.*)
                0x000040e0                __exidx_end = .

.rodata         0x000040e0      0x2b0
 *(.rodata .rodata.* .gnu.linkonce.r.*)
 .rodata        0x000040e0       0x58 .\CortexM3\ARM_GCC_493\Debug\Maaler.a(cyfitter_cfg.o)
                0x000040e0                AMux_1__addrTable
                0x000040f0                AMux_1__maskTable
                0x000040f4                AMux_2__addrTable
                0x00004104                AMux_2__maskTable
 .rodata.atanlo
                0x00004138       0x20 c:/program files (x86)/cypress/psoc creator/4.0/psoc creator/import/gnu/arm/4.9.3/bin/../lib/gcc/arm-none-eabi/4.9.3/../../../../arm-none-eabi/lib/armv7-m\libM.a(lib_a-s_atan.o)
 .rodata.atanhi
                0x00004158       0x20 c:/program files (x86)/cypress/psoc creator/4.0/psoc creator/import/gnu/arm/4.9.3/bin/../lib/gcc/arm-none-eabi/4.9.3/../../../../arm-none-eabi/lib/armv7-m\libM.a(lib_a-s_atan.o)
 .rodata.str1.4
                0x00004178        0x8 c:/program files (x86)/cypress/psoc creator/4.0/psoc creator/import/gnu/arm/4.9.3/bin/../lib/gcc/arm-none-eabi/4.9.3/../../../../arm-none-eabi/lib/armv7-m\libM.a(lib_a-w_sqrt.o)
 .rodata.npio2_hw
                0x00004180       0x80 c:/program files (x86)/cypress/psoc creator/4.0/psoc creator/import/gnu/arm/4.9.3/bin/../lib/gcc/arm-none-eabi/4.9.3/../../../../arm-none-eabi/lib/armv7-m\libM.a(lib_a-e_rem_pio2.o)
 .rodata.two_over_pi
                0x00004200      0x108 c:/program files (x86)/cypress/psoc creator/4.0/psoc creator/import/gnu/arm/4.9.3/bin/../lib/gcc/arm-none-eabi/4.9.3/../../../../arm-none-eabi/lib/armv7-m\libM.a(lib_a-e_rem_pio2.o)
 .rodata.init_jk
                0x00004308       0x10 c:/program files (x86)/cypress/psoc creator/4.0/psoc creator/import/gnu/arm/4.9.3/bin/../lib/gcc/arm-none-eabi/4.9.3/../../../../arm-none-eabi/lib/armv7-m\libM.a(lib_a-k_rem_pio2.o)
 .rodata.PIo2   0x00004318       0x40 c:/program files (x86)/cypress/psoc creator/4.0/psoc creator/import/gnu/arm/4.9.3/bin/../lib/gcc/arm-none-eabi/4.9.3/../../../../arm-none-eabi/lib/armv7-m\libM.a(lib_a-k_rem_pio2.o)
 .rodata.str1.1
                0x00004358        0x2 c:/program files (x86)/cypress/psoc creator/4.0/psoc creator/import/gnu/arm/4.9.3/bin/../lib/gcc/arm-none-eabi/4.9.3/../../../../arm-none-eabi/lib/armv7-m\libg_nano.a(lib_a-impure.o)
                0x0000435c                . = ALIGN (0x4)
 *fill*         0x0000435a        0x2 
 *(.init)
 .init          0x0000435c        0x4 c:/program files (x86)/cypress/psoc creator/4.0/psoc creator/import/gnu/arm/4.9.3/bin/../lib/gcc/arm-none-eabi/4.9.3/armv7-m/crti.o
                0x0000435c                _init
 .init          0x00004360        0x8 c:/program files (x86)/cypress/psoc creator/4.0/psoc creator/import/gnu/arm/4.9.3/bin/../lib/gcc/arm-none-eabi/4.9.3/armv7-m/crtn.o
                0x00004368                . = ALIGN (0x4)
                0x00004368                __preinit_array_start = .
 *(.preinit_array)
                0x00004368                __preinit_array_end = .
                0x00004368                . = ALIGN (0x4)
                0x00004368                __init_array_start = .
 *(SORT(.init_array.*))
 *(.init_array)
 .init_array    0x00004368        0x4 c:/program files (x86)/cypress/psoc creator/4.0/psoc creator/import/gnu/arm/4.9.3/bin/../lib/gcc/arm-none-eabi/4.9.3/armv7-m/crtbegin.o
 .init_array    0x0000436c        0x4 .\CortexM3\ARM_GCC_493\Debug\Cm3Start.o
                0x00004370                __init_array_end = .
                0x00004370                . = ALIGN (0x4)
 *(.fini)
 .fini          0x00004370        0x4 c:/program files (x86)/cypress/psoc creator/4.0/psoc creator/import/gnu/arm/4.9.3/bin/../lib/gcc/arm-none-eabi/4.9.3/armv7-m/crti.o
                0x00004370                _fini
 .fini          0x00004374        0x8 c:/program files (x86)/cypress/psoc creator/4.0/psoc creator/import/gnu/arm/4.9.3/bin/../lib/gcc/arm-none-eabi/4.9.3/armv7-m/crtn.o
                0x0000437c                . = ALIGN (0x4)
                0x0000437c                __fini_array_start = .
 *(.fini_array)
 .fini_array    0x0000437c        0x4 c:/program files (x86)/cypress/psoc creator/4.0/psoc creator/import/gnu/arm/4.9.3/bin/../lib/gcc/arm-none-eabi/4.9.3/armv7-m/crtbegin.o
 *(SORT(.fini_array.*))
                0x00004380                __fini_array_end = .
                0x00004380                . = ALIGN (0x4)
 *crtbegin.o(.ctors)
 *(EXCLUDE_FILE(*crtend.o) .ctors)
 *(SORT(.ctors.*))
 *crtend.o(.ctors)
                0x00004380                . = ALIGN (0x4)
 *crtbegin.o(.dtors)
 *(EXCLUDE_FILE(*crtend.o) .dtors)
 *(SORT(.dtors.*))
 *crtend.o(.dtors)
                0x00004380                . = ALIGN (0x4)
                0x00004380                __cy_regions = .
                0x00004380        0x4 LONG 0x4390 __cy_region_init_ram
                0x00004384        0x4 LONG 0x1fff8108 __cy_region_start_data
                0x00004388        0x4 LONG 0x80 __cy_region_init_size_ram
                0x0000438c        0x4 LONG 0xc40 __cy_region_zero_size_ram
                0x00004390                __cy_regions_end = .
                0x00004390                . = ALIGN (0x8)
                0x00004390                _etext = .

.cy_checksum_exclude
                0x00004390        0x0
 *(.cy_checksum_exclude)

.ramvectors     0x1fff8000      0x100
                0x1fff8000                __cy_region_start_ram = .
 *(.ramvectors)
 .ramvectors    0x1fff8000      0x100 .\CortexM3\ARM_GCC_493\Debug\Cm3Start.o
                0x1fff8000                CyRamVectors

.noinit         0x1fff8100        0x5
 *(.noinit)
 .noinit        0x1fff8100        0x4 .\CortexM3\ARM_GCC_493\Debug\Cm3Start.o
 .noinit        0x1fff8104        0x1 .\CortexM3\ARM_GCC_493\Debug\Maaler.a(CyLib.o)
                0x1fff8104                CyResetStatus

.data           0x1fff8108       0x80 load address 0x00004390
                0x1fff8108                __cy_region_start_data = .
 *(.jcr)
 .jcr           0x1fff8108        0x0 c:/program files (x86)/cypress/psoc creator/4.0/psoc creator/import/gnu/arm/4.9.3/bin/../lib/gcc/arm-none-eabi/4.9.3/armv7-m/crtbegin.o
 .jcr           0x1fff8108        0x4 c:/program files (x86)/cypress/psoc creator/4.0/psoc creator/import/gnu/arm/4.9.3/bin/../lib/gcc/arm-none-eabi/4.9.3/armv7-m/crtend.o
 *(.got.plt)
 *(.got)
 *(.shdata)
 *(.data .data.* .gnu.linkonce.d.*)
 .data          0x1fff810c        0x1 .\CortexM3\ARM_GCC_493\Debug\Maaler.a(ADC_DelSig_1.o)
                0x1fff810c                ADC_DelSig_1_Config
 *fill*         0x1fff810d        0x3 
 .data          0x1fff8110       0x10 .\CortexM3\ARM_GCC_493\Debug\Maaler.a(CyLib.o)
                0x1fff8110                cydelay_freq_hz
                0x1fff8114                cydelay_freq_khz
                0x1fff8118                cydelay_freq_mhz
                0x1fff811c                cydelay_32k_ms
 .data          0x1fff8120        0x1 .\CortexM3\ARM_GCC_493\Debug\Maaler.a(AMux_1.o)
 .data          0x1fff8121        0x1 .\CortexM3\ARM_GCC_493\Debug\Maaler.a(AMux_2.o)
 .data.__fdlib_version
                0x1fff8122        0x1 c:/program files (x86)/cypress/psoc creator/4.0/psoc creator/import/gnu/arm/4.9.3/bin/../lib/gcc/arm-none-eabi/4.9.3/../../../../arm-none-eabi/lib/armv7-m\libM.a(lib_a-s_lib_ver.o)
                0x1fff8122                __fdlib_version
 *fill*         0x1fff8123        0x1 
 .data.impure_data
                0x1fff8124       0x60 c:/program files (x86)/cypress/psoc creator/4.0/psoc creator/import/gnu/arm/4.9.3/bin/../lib/gcc/arm-none-eabi/4.9.3/../../../../arm-none-eabi/lib/armv7-m\libg_nano.a(lib_a-impure.o)
 .data._impure_ptr
                0x1fff8184        0x4 c:/program files (x86)/cypress/psoc creator/4.0/psoc creator/import/gnu/arm/4.9.3/bin/../lib/gcc/arm-none-eabi/4.9.3/../../../../arm-none-eabi/lib/armv7-m\libg_nano.a(lib_a-impure.o)
                0x1fff8184                _impure_ptr
                0x1fff8188                . = ALIGN (0x8)
 *(.ram)
                0x1fff8188                _edata = .

.igot.plt       0x1fff8188        0x0 load address 0x00004410
 .igot.plt      0x00000000        0x0 c:/program files (x86)/cypress/psoc creator/4.0/psoc creator/import/gnu/arm/4.9.3/bin/../lib/gcc/arm-none-eabi/4.9.3/armv7-m/crtbegin.o

.bss            0x1fff8188      0xc40 load address 0x00004410
                0x1fff8188                PROVIDE (__bss_start__, .)
 *(.shbss)
 *(.bss .bss.* .gnu.linkonce.b.*)
 .bss           0x1fff8188       0x1c c:/program files (x86)/cypress/psoc creator/4.0/psoc creator/import/gnu/arm/4.9.3/bin/../lib/gcc/arm-none-eabi/4.9.3/armv7-m/crtbegin.o
 *fill*         0x1fff81a4        0x4 
 .bss           0x1fff81a8      0xc00 .\CortexM3\ARM_GCC_493\Debug\main.o
                0x1fff81a8                Abs_volt
                0x1fff83a8                Re_volt
                0x1fff85a8                Im_volt
                0x1fff87a8                Abs_Ampere
                0x1fff89a8                Re_Ampere
                0x1fff8ba8                Im_Ampere
 .bss           0x1fff8da8       0x14 .\CortexM3\ARM_GCC_493\Debug\Maaler.a(ADC_DelSig_1.o)
                0x1fff8da8                ADC_DelSig_1_convDone
                0x1fff8da9                ADC_DelSig_1_stopConversion
                0x1fff8daa                ADC_DelSig_1_initVar
                0x1fff8dab                ADC_DelSig_1_started
 *(COMMON)
 COMMON         0x1fff8dbc        0x8 .\CortexM3\ARM_GCC_493\Debug\Maaler.a(ADC_DelSig_1.o)
                0x1fff8dbc                ADC_DelSig_1_CountsPerVolt
                0x1fff8dc0                ADC_DelSig_1_Offset
                0x1fff8dc8                . = ALIGN (0x8)
 *fill*         0x1fff8dc4        0x4 
 *(.ram.b)
                0x1fff8dc8                _end = .
                0x1fff8dc8                __end = .
                0x1fff8dc8                PROVIDE (end, .)
                0x1fff8dc8                PROVIDE (__bss_end__, .)
                0x00004390                __cy_region_init_ram = LOADADDR (.data)
                0x00000080                __cy_region_init_size_ram = (_edata - ADDR (.data))
                0x00000c40                __cy_region_zero_size_ram = (_end - _edata)

.heap           0x1fff8dc8       0x80 load address 0x00004410
                0x1fff8dc8                . = _end
                0x1fff8e48                . = (. + 0x80)
 *fill*         0x1fff8dc8       0x80 
                0x1fff8e48                __cy_heap_limit = .

.stack          0x20007800      0x800
                0x20007800                __cy_stack_limit = .
                0x20008000                . = (. + 0x800)
 *fill*         0x20007800      0x800 
                0x00000001                ASSERT ((__cy_stack_limit >= __cy_heap_limit), region RAM overflowed with stack)
                0x00000000                cy_checksum_exclude_size = (CY_APPL_LOADABLE == 0x1)?SIZEOF (.cy_checksum_exclude):0x0
                0x00000001                ASSERT ((cy_checksum_exclude_size <= CY_CHECKSUM_EXCLUDE_SIZE), CY_BOOT: Section .cy_checksum_exclude size exceedes specified limit.)

.cyloadermeta
 *(.cyloadermeta)

.cyloadablemeta
 *(.cyloadablemeta)

.cyconfigecc    0x80000000       0x78
 *(.cyconfigecc)
 .cyconfigecc   0x80000000       0x78 .\CortexM3\ARM_GCC_493\Debug\cymetadata.o
                0x80000000                cy_meta_configecc

.cycustnvl      0x90000000        0x4
 *(.cycustnvl)
 .cycustnvl     0x90000000        0x4 .\CortexM3\ARM_GCC_493\Debug\cymetadata.o
                0x90000000                cy_meta_custnvl

.cywolatch      0x90100000        0x4
 *(.cywolatch)
 .cywolatch     0x90100000        0x4 .\CortexM3\ARM_GCC_493\Debug\cymetadata.o
                0x90100000                cy_meta_wonvl

.cyeeprom       0x90200000        0x0
 *(.cyeeprom)
                0x00000001                ASSERT ((. <= ((0x90200000 + ee_offset) + ee_size)), .cyeeprom data will not fit in EEPROM)

.cyflashprotect
                0x90400000      0x100
 *(.cyflashprotect)
 .cyflashprotect
                0x90400000      0x100 .\CortexM3\ARM_GCC_493\Debug\cymetadata.o
                0x90400000                cy_meta_flashprotect

.cymeta         0x90500000        0xc
 *(.cymeta)
 .cymeta        0x90500000        0xc .\CortexM3\ARM_GCC_493\Debug\cymetadata.o
                0x90500000                cy_metadata

.rel.dyn        0x00004410        0x0 load address 0x9050000c
 .rel.iplt      0x00000000        0x0 c:/program files (x86)/cypress/psoc creator/4.0/psoc creator/import/gnu/arm/4.9.3/bin/../lib/gcc/arm-none-eabi/4.9.3/armv7-m/crtbegin.o

.stab
 *(.stab)

.stabstr
 *(.stabstr)

.debug
 *(.debug)

.line
 *(.line)

.debug_srcinfo
 *(.debug_srcinfo)

.debug_sfnames
 *(.debug_sfnames)

.debug_aranges  0x00000000      0x840
 *(.debug_aranges)
 .debug_aranges
                0x00000000       0x48 .\CortexM3\ARM_GCC_493\Debug\main.o
 .debug_aranges
                0x00000048       0x20 .\CortexM3\ARM_GCC_493\Debug\sample.o
 .debug_aranges
                0x00000068       0x18 .\CortexM3\ARM_GCC_493\Debug\cymetadata.o
 .debug_aranges
                0x00000080       0x48 .\CortexM3\ARM_GCC_493\Debug\Cm3Start.o
 .debug_aranges
                0x000000c8       0x80 .\CortexM3\ARM_GCC_493\Debug\Maaler.a(cyfitter_cfg.o)
 .debug_aranges
                0x00000148       0xe8 .\CortexM3\ARM_GCC_493\Debug\Maaler.a(ADC_DelSig_1.o)
 .debug_aranges
                0x00000230       0x38 .\CortexM3\ARM_GCC_493\Debug\Maaler.a(ADC_DelSig_1_INT.o)
 .debug_aranges
                0x00000268       0x70 .\CortexM3\ARM_GCC_493\Debug\Maaler.a(ADC_DelSig_1_Ext_CP_Clk.o)
 .debug_aranges
                0x000002d8       0x80 .\CortexM3\ARM_GCC_493\Debug\Maaler.a(ADC_DelSig_1_theACLK.o)
 .debug_aranges
                0x00000358      0x2a0 .\CortexM3\ARM_GCC_493\Debug\Maaler.a(CyLib.o)
 .debug_aranges
                0x000005f8       0x98 .\CortexM3\ARM_GCC_493\Debug\Maaler.a(cyPm.o)
 .debug_aranges
                0x00000690       0x38 .\CortexM3\ARM_GCC_493\Debug\Maaler.a(test.o)
 .debug_aranges
                0x000006c8       0x30 .\CortexM3\ARM_GCC_493\Debug\Maaler.a(AMux_1.o)
 .debug_aranges
                0x000006f8       0x30 .\CortexM3\ARM_GCC_493\Debug\Maaler.a(AMux_2.o)
 .debug_aranges
                0x00000728       0x20 .\CortexM3\ARM_GCC_493\Debug\Maaler.a(CyBootAsmGnu.o)
 .debug_aranges
                0x00000748       0x80 .\CortexM3\ARM_GCC_493\Debug\Maaler.a(CyFlash.o)
 .debug_aranges
                0x000007c8       0x78 .\CortexM3\ARM_GCC_493\Debug\Maaler.a(CySpc.o)

.debug_pubnames
 *(.debug_pubnames)

.debug_info     0x00000000     0x39f5
 *(.debug_info .gnu.linkonce.wi.*)
 .debug_info    0x00000000      0x3b6 .\CortexM3\ARM_GCC_493\Debug\main.o
 .debug_info    0x000003b6      0x11d .\CortexM3\ARM_GCC_493\Debug\sample.o
 .debug_info    0x000004d3      0x13a .\CortexM3\ARM_GCC_493\Debug\cymetadata.o
 .debug_info    0x0000060d      0x319 .\CortexM3\ARM_GCC_493\Debug\Cm3Start.o
 .debug_info    0x00000926      0x4b1 .\CortexM3\ARM_GCC_493\Debug\Maaler.a(cyfitter_cfg.o)
 .debug_info    0x00000dd7      0x725 .\CortexM3\ARM_GCC_493\Debug\Maaler.a(ADC_DelSig_1.o)
 .debug_info    0x000014fc       0xcc .\CortexM3\ARM_GCC_493\Debug\Maaler.a(ADC_DelSig_1_INT.o)
 .debug_info    0x000015c8      0x25d .\CortexM3\ARM_GCC_493\Debug\Maaler.a(ADC_DelSig_1_Ext_CP_Clk.o)
 .debug_info    0x00001825      0x299 .\CortexM3\ARM_GCC_493\Debug\Maaler.a(ADC_DelSig_1_theACLK.o)
 .debug_info    0x00001abe      0xe4a .\CortexM3\ARM_GCC_493\Debug\Maaler.a(CyLib.o)
 .debug_info    0x00002908      0x561 .\CortexM3\ARM_GCC_493\Debug\Maaler.a(cyPm.o)
 .debug_info    0x00002e69      0x11e .\CortexM3\ARM_GCC_493\Debug\Maaler.a(test.o)
 .debug_info    0x00002f87      0x10a .\CortexM3\ARM_GCC_493\Debug\Maaler.a(AMux_1.o)
 .debug_info    0x00003091      0x10a .\CortexM3\ARM_GCC_493\Debug\Maaler.a(AMux_2.o)
 .debug_info    0x0000319b       0x9d .\CortexM3\ARM_GCC_493\Debug\Maaler.a(CyBootAsmGnu.o)
 .debug_info    0x00003238      0x36a .\CortexM3\ARM_GCC_493\Debug\Maaler.a(CyFlash.o)
 .debug_info    0x000035a2      0x453 .\CortexM3\ARM_GCC_493\Debug\Maaler.a(CySpc.o)

.debug_abbrev   0x00000000     0x1149
 *(.debug_abbrev)
 .debug_abbrev  0x00000000      0x12c .\CortexM3\ARM_GCC_493\Debug\main.o
 .debug_abbrev  0x0000012c       0x9f .\CortexM3\ARM_GCC_493\Debug\sample.o
 .debug_abbrev  0x000001cb       0x5d .\CortexM3\ARM_GCC_493\Debug\cymetadata.o
 .debug_abbrev  0x00000228      0x1b6 .\CortexM3\ARM_GCC_493\Debug\Cm3Start.o
 .debug_abbrev  0x000003de      0x1b0 .\CortexM3\ARM_GCC_493\Debug\Maaler.a(cyfitter_cfg.o)
 .debug_abbrev  0x0000058e      0x19d .\CortexM3\ARM_GCC_493\Debug\Maaler.a(ADC_DelSig_1.o)
 .debug_abbrev  0x0000072b       0x42 .\CortexM3\ARM_GCC_493\Debug\Maaler.a(ADC_DelSig_1_INT.o)
 .debug_abbrev  0x0000076d      0x11d .\CortexM3\ARM_GCC_493\Debug\Maaler.a(ADC_DelSig_1_Ext_CP_Clk.o)
 .debug_abbrev  0x0000088a      0x11d .\CortexM3\ARM_GCC_493\Debug\Maaler.a(ADC_DelSig_1_theACLK.o)
 .debug_abbrev  0x000009a7      0x217 .\CortexM3\ARM_GCC_493\Debug\Maaler.a(CyLib.o)
 .debug_abbrev  0x00000bbe      0x161 .\CortexM3\ARM_GCC_493\Debug\Maaler.a(cyPm.o)
 .debug_abbrev  0x00000d1f       0x90 .\CortexM3\ARM_GCC_493\Debug\Maaler.a(test.o)
 .debug_abbrev  0x00000daf       0x6f .\CortexM3\ARM_GCC_493\Debug\Maaler.a(AMux_1.o)
 .debug_abbrev  0x00000e1e       0x6f .\CortexM3\ARM_GCC_493\Debug\Maaler.a(AMux_2.o)
 .debug_abbrev  0x00000e8d       0x14 .\CortexM3\ARM_GCC_493\Debug\Maaler.a(CyBootAsmGnu.o)
 .debug_abbrev  0x00000ea1      0x13c .\CortexM3\ARM_GCC_493\Debug\Maaler.a(CyFlash.o)
 .debug_abbrev  0x00000fdd      0x16c .\CortexM3\ARM_GCC_493\Debug\Maaler.a(CySpc.o)

.debug_line     0x00000000     0x22df
 *(.debug_line)
 .debug_line    0x00000000      0x2c3 .\CortexM3\ARM_GCC_493\Debug\main.o
 .debug_line    0x000002c3      0x172 .\CortexM3\ARM_GCC_493\Debug\sample.o
 .debug_line    0x00000435       0x51 .\CortexM3\ARM_GCC_493\Debug\cymetadata.o
 .debug_line    0x00000486      0x1dc .\CortexM3\ARM_GCC_493\Debug\Cm3Start.o
 .debug_line    0x00000662      0x24f .\CortexM3\ARM_GCC_493\Debug\Maaler.a(cyfitter_cfg.o)
 .debug_line    0x000008b1      0x3ca .\CortexM3\ARM_GCC_493\Debug\Maaler.a(ADC_DelSig_1.o)
 .debug_line    0x00000c7b       0x95 .\CortexM3\ARM_GCC_493\Debug\Maaler.a(ADC_DelSig_1_INT.o)
 .debug_line    0x00000d10      0x1b2 .\CortexM3\ARM_GCC_493\Debug\Maaler.a(ADC_DelSig_1_Ext_CP_Clk.o)
 .debug_line    0x00000ec2      0x1d3 .\CortexM3\ARM_GCC_493\Debug\Maaler.a(ADC_DelSig_1_theACLK.o)
 .debug_line    0x00001095      0x882 .\CortexM3\ARM_GCC_493\Debug\Maaler.a(CyLib.o)
 .debug_line    0x00001917      0x37f .\CortexM3\ARM_GCC_493\Debug\Maaler.a(cyPm.o)
 .debug_line    0x00001c96       0x93 .\CortexM3\ARM_GCC_493\Debug\Maaler.a(test.o)
 .debug_line    0x00001d29       0x9b .\CortexM3\ARM_GCC_493\Debug\Maaler.a(AMux_1.o)
 .debug_line    0x00001dc4       0x9b .\CortexM3\ARM_GCC_493\Debug\Maaler.a(AMux_2.o)
 .debug_line    0x00001e5f       0x66 .\CortexM3\ARM_GCC_493\Debug\Maaler.a(CyBootAsmGnu.o)
 .debug_line    0x00001ec5      0x205 .\CortexM3\ARM_GCC_493\Debug\Maaler.a(CyFlash.o)
 .debug_line    0x000020ca      0x215 .\CortexM3\ARM_GCC_493\Debug\Maaler.a(CySpc.o)

.debug_frame    0x00000000     0x244c
 *(.debug_frame)
 .debug_frame   0x00000000      0x104 .\CortexM3\ARM_GCC_493\Debug\main.o
 .debug_frame   0x00000104       0x3c .\CortexM3\ARM_GCC_493\Debug\sample.o
 .debug_frame   0x00000140       0xd8 .\CortexM3\ARM_GCC_493\Debug\Cm3Start.o
 .debug_frame   0x00000218      0x20c .\CortexM3\ARM_GCC_493\Debug\Maaler.a(cyfitter_cfg.o)
 .debug_frame   0x00000424      0x40c .\CortexM3\ARM_GCC_493\Debug\Maaler.a(ADC_DelSig_1.o)
 .debug_frame   0x00000830       0xa0 .\CortexM3\ARM_GCC_493\Debug\Maaler.a(ADC_DelSig_1_INT.o)
 .debug_frame   0x000008d0      0x1b4 .\CortexM3\ARM_GCC_493\Debug\Maaler.a(ADC_DelSig_1_Ext_CP_Clk.o)
 .debug_frame   0x00000a84      0x200 .\CortexM3\ARM_GCC_493\Debug\Maaler.a(ADC_DelSig_1_theACLK.o)
 .debug_frame   0x00000c84      0xc0c .\CortexM3\ARM_GCC_493\Debug\Maaler.a(CyLib.o)
 .debug_frame   0x00001890      0x234 .\CortexM3\ARM_GCC_493\Debug\Maaler.a(cyPm.o)
 .debug_frame   0x00001ac4       0xa8 .\CortexM3\ARM_GCC_493\Debug\Maaler.a(test.o)
 .debug_frame   0x00001b6c       0x88 .\CortexM3\ARM_GCC_493\Debug\Maaler.a(AMux_1.o)
 .debug_frame   0x00001bf4       0x88 .\CortexM3\ARM_GCC_493\Debug\Maaler.a(AMux_2.o)
 .debug_frame   0x00001c7c      0x210 .\CortexM3\ARM_GCC_493\Debug\Maaler.a(CyFlash.o)
 .debug_frame   0x00001e8c      0x1f8 .\CortexM3\ARM_GCC_493\Debug\Maaler.a(CySpc.o)
 .debug_frame   0x00002084       0x38 c:/program files (x86)/cypress/psoc creator/4.0/psoc creator/import/gnu/arm/4.9.3/bin/../lib/gcc/arm-none-eabi/4.9.3/../../../../arm-none-eabi/lib/armv7-m\libM.a(lib_a-s_atan.o)
 .debug_frame   0x000020bc       0x38 c:/program files (x86)/cypress/psoc creator/4.0/psoc creator/import/gnu/arm/4.9.3/bin/../lib/gcc/arm-none-eabi/4.9.3/../../../../arm-none-eabi/lib/armv7-m\libM.a(lib_a-s_cos.o)
 .debug_frame   0x000020f4       0x20 c:/program files (x86)/cypress/psoc creator/4.0/psoc creator/import/gnu/arm/4.9.3/bin/../lib/gcc/arm-none-eabi/4.9.3/../../../../arm-none-eabi/lib/armv7-m\libM.a(lib_a-s_fabs.o)
 .debug_frame   0x00002114       0x44 c:/program files (x86)/cypress/psoc creator/4.0/psoc creator/import/gnu/arm/4.9.3/bin/../lib/gcc/arm-none-eabi/4.9.3/../../../../arm-none-eabi/lib/armv7-m\libM.a(lib_a-w_sqrt.o)
 .debug_frame   0x00002158       0x48 c:/program files (x86)/cypress/psoc creator/4.0/psoc creator/import/gnu/arm/4.9.3/bin/../lib/gcc/arm-none-eabi/4.9.3/../../../../arm-none-eabi/lib/armv7-m\libM.a(lib_a-e_rem_pio2.o)
 .debug_frame   0x000021a0       0x30 c:/program files (x86)/cypress/psoc creator/4.0/psoc creator/import/gnu/arm/4.9.3/bin/../lib/gcc/arm-none-eabi/4.9.3/../../../../arm-none-eabi/lib/armv7-m\libM.a(lib_a-e_sqrt.o)
 .debug_frame   0x000021d0       0x4c c:/program files (x86)/cypress/psoc creator/4.0/psoc creator/import/gnu/arm/4.9.3/bin/../lib/gcc/arm-none-eabi/4.9.3/../../../../arm-none-eabi/lib/armv7-m\libM.a(lib_a-k_cos.o)
 .debug_frame   0x0000221c       0x54 c:/program files (x86)/cypress/psoc creator/4.0/psoc creator/import/gnu/arm/4.9.3/bin/../lib/gcc/arm-none-eabi/4.9.3/../../../../arm-none-eabi/lib/armv7-m\libM.a(lib_a-k_rem_pio2.o)
 .debug_frame   0x00002270       0x48 c:/program files (x86)/cypress/psoc creator/4.0/psoc creator/import/gnu/arm/4.9.3/bin/../lib/gcc/arm-none-eabi/4.9.3/../../../../arm-none-eabi/lib/armv7-m\libM.a(lib_a-k_sin.o)
 .debug_frame   0x000022b8       0x34 c:/program files (x86)/cypress/psoc creator/4.0/psoc creator/import/gnu/arm/4.9.3/bin/../lib/gcc/arm-none-eabi/4.9.3/../../../../arm-none-eabi/lib/armv7-m\libM.a(lib_a-s_floor.o)
 .debug_frame   0x000022ec       0x34 c:/program files (x86)/cypress/psoc creator/4.0/psoc creator/import/gnu/arm/4.9.3/bin/../lib/gcc/arm-none-eabi/4.9.3/../../../../arm-none-eabi/lib/armv7-m\libM.a(lib_a-s_fpclassify.o)
 .debug_frame   0x00002320       0x20 c:/program files (x86)/cypress/psoc creator/4.0/psoc creator/import/gnu/arm/4.9.3/bin/../lib/gcc/arm-none-eabi/4.9.3/../../../../arm-none-eabi/lib/armv7-m\libM.a(lib_a-s_matherr.o)
 .debug_frame   0x00002340       0x30 c:/program files (x86)/cypress/psoc creator/4.0/psoc creator/import/gnu/arm/4.9.3/bin/../lib/gcc/arm-none-eabi/4.9.3/../../../../arm-none-eabi/lib/armv7-m\libM.a(lib_a-s_scalbn.o)
 .debug_frame   0x00002370       0x20 c:/program files (x86)/cypress/psoc creator/4.0/psoc creator/import/gnu/arm/4.9.3/bin/../lib/gcc/arm-none-eabi/4.9.3/../../../../arm-none-eabi/lib/armv7-m\libM.a(lib_a-s_copysign.o)
 .debug_frame   0x00002390       0x20 c:/program files (x86)/cypress/psoc creator/4.0/psoc creator/import/gnu/arm/4.9.3/bin/../lib/gcc/arm-none-eabi/4.9.3/../../../../arm-none-eabi/lib/armv7-m\libg_nano.a(lib_a-errno.o)
 .debug_frame   0x000023b0       0x28 c:/program files (x86)/cypress/psoc creator/4.0/psoc creator/import/gnu/arm/4.9.3/bin/../lib/gcc/arm-none-eabi/4.9.3/../../../../arm-none-eabi/lib/armv7-m\libg_nano.a(lib_a-exit.o)
 .debug_frame   0x000023d8       0x2c c:/program files (x86)/cypress/psoc creator/4.0/psoc creator/import/gnu/arm/4.9.3/bin/../lib/gcc/arm-none-eabi/4.9.3/../../../../arm-none-eabi/lib/armv7-m\libg_nano.a(lib_a-init.o)
 .debug_frame   0x00002404       0x28 c:/program files (x86)/cypress/psoc creator/4.0/psoc creator/import/gnu/arm/4.9.3/bin/../lib/gcc/arm-none-eabi/4.9.3/../../../../arm-none-eabi/lib/armv7-m\libg_nano.a(lib_a-memcpy.o)
 .debug_frame   0x0000242c       0x20 c:/program files (x86)/cypress/psoc creator/4.0/psoc creator/import/gnu/arm/4.9.3/bin/../lib/gcc/arm-none-eabi/4.9.3/../../../../arm-none-eabi/lib/armv7-m\libg_nano.a(lib_a-memset.o)

.debug_str      0x00000000     0x1dce
 *(.debug_str)
 .debug_str     0x00000000      0x243 .\CortexM3\ARM_GCC_493\Debug\main.o
                                0x28b (size before relaxing)
 .debug_str     0x00000243       0x31 .\CortexM3\ARM_GCC_493\Debug\sample.o
                                0x1d1 (size before relaxing)
 .debug_str     0x00000274       0x7b .\CortexM3\ARM_GCC_493\Debug\cymetadata.o
                                0x1f7 (size before relaxing)
 .debug_str     0x000002ef      0x13c .\CortexM3\ARM_GCC_493\Debug\Cm3Start.o
                                0x2d8 (size before relaxing)
 .debug_str     0x0000042b      0x1dc .\CortexM3\ARM_GCC_493\Debug\Maaler.a(cyfitter_cfg.o)
                                0x384 (size before relaxing)
 .debug_str     0x00000607      0x43e .\CortexM3\ARM_GCC_493\Debug\Maaler.a(ADC_DelSig_1.o)
                                0x624 (size before relaxing)
 .debug_str     0x00000a45       0x72 .\CortexM3\ARM_GCC_493\Debug\Maaler.a(ADC_DelSig_1_INT.o)
                                0x1ee (size before relaxing)
 .debug_str     0x00000ab7      0x220 .\CortexM3\ARM_GCC_493\Debug\Maaler.a(ADC_DelSig_1_Ext_CP_Clk.o)
                                0x3bb (size before relaxing)
 .debug_str     0x00000cd7      0x208 .\CortexM3\ARM_GCC_493\Debug\Maaler.a(ADC_DelSig_1_theACLK.o)
                                0x3ec (size before relaxing)
 .debug_str     0x00000edf      0x806 .\CortexM3\ARM_GCC_493\Debug\Maaler.a(CyLib.o)
                                0x9eb (size before relaxing)
 .debug_str     0x000016e5      0x365 .\CortexM3\ARM_GCC_493\Debug\Maaler.a(cyPm.o)
                                0x538 (size before relaxing)
 .debug_str     0x00001a4a       0x61 .\CortexM3\ARM_GCC_493\Debug\Maaler.a(test.o)
                                0x1ea (size before relaxing)
 .debug_str     0x00001aab       0x65 .\CortexM3\ARM_GCC_493\Debug\Maaler.a(AMux_1.o)
                                0x1e6 (size before relaxing)
 .debug_str     0x00001b10       0x60 .\CortexM3\ARM_GCC_493\Debug\Maaler.a(AMux_2.o)
                                0x1e6 (size before relaxing)
 .debug_str     0x00001b70      0x145 .\CortexM3\ARM_GCC_493\Debug\Maaler.a(CyFlash.o)
                                0x2f7 (size before relaxing)
 .debug_str     0x00001cb5      0x119 .\CortexM3\ARM_GCC_493\Debug\Maaler.a(CySpc.o)
                                0x2f4 (size before relaxing)

.debug_loc
 *(.debug_loc)

.debug_macinfo
 *(.debug_macinfo)

.debug_ranges   0x00000000      0x718
 *(.debug_ranges)
 .debug_ranges  0x00000000       0x38 .\CortexM3\ARM_GCC_493\Debug\main.o
 .debug_ranges  0x00000038       0x10 .\CortexM3\ARM_GCC_493\Debug\sample.o
 .debug_ranges  0x00000048       0x38 .\CortexM3\ARM_GCC_493\Debug\Cm3Start.o
 .debug_ranges  0x00000080       0x70 .\CortexM3\ARM_GCC_493\Debug\Maaler.a(cyfitter_cfg.o)
 .debug_ranges  0x000000f0       0xd8 .\CortexM3\ARM_GCC_493\Debug\Maaler.a(ADC_DelSig_1.o)
 .debug_ranges  0x000001c8       0x28 .\CortexM3\ARM_GCC_493\Debug\Maaler.a(ADC_DelSig_1_INT.o)
 .debug_ranges  0x000001f0       0x60 .\CortexM3\ARM_GCC_493\Debug\Maaler.a(ADC_DelSig_1_Ext_CP_Clk.o)
 .debug_ranges  0x00000250       0x70 .\CortexM3\ARM_GCC_493\Debug\Maaler.a(ADC_DelSig_1_theACLK.o)
 .debug_ranges  0x000002c0      0x290 .\CortexM3\ARM_GCC_493\Debug\Maaler.a(CyLib.o)
 .debug_ranges  0x00000550       0x88 .\CortexM3\ARM_GCC_493\Debug\Maaler.a(cyPm.o)
 .debug_ranges  0x000005d8       0x28 .\CortexM3\ARM_GCC_493\Debug\Maaler.a(test.o)
 .debug_ranges  0x00000600       0x20 .\CortexM3\ARM_GCC_493\Debug\Maaler.a(AMux_1.o)
 .debug_ranges  0x00000620       0x20 .\CortexM3\ARM_GCC_493\Debug\Maaler.a(AMux_2.o)
 .debug_ranges  0x00000640       0x70 .\CortexM3\ARM_GCC_493\Debug\Maaler.a(CyFlash.o)
 .debug_ranges  0x000006b0       0x68 .\CortexM3\ARM_GCC_493\Debug\Maaler.a(CySpc.o)

.comment        0x00000000       0x70
 .comment       0x00000000       0x70 .\CortexM3\ARM_GCC_493\Debug\main.o
                                 0x71 (size before relaxing)
 .comment       0x00000000       0x71 .\CortexM3\ARM_GCC_493\Debug\sample.o
 .comment       0x00000000       0x71 .\CortexM3\ARM_GCC_493\Debug\cymetadata.o
 .comment       0x00000000       0x71 .\CortexM3\ARM_GCC_493\Debug\Cm3Start.o
 .comment       0x00000000       0x71 .\CortexM3\ARM_GCC_493\Debug\Maaler.a(cyfitter_cfg.o)
 .comment       0x00000000       0x71 .\CortexM3\ARM_GCC_493\Debug\Maaler.a(ADC_DelSig_1.o)
 .comment       0x00000000       0x71 .\CortexM3\ARM_GCC_493\Debug\Maaler.a(ADC_DelSig_1_INT.o)
 .comment       0x00000000       0x71 .\CortexM3\ARM_GCC_493\Debug\Maaler.a(ADC_DelSig_1_Ext_CP_Clk.o)
 .comment       0x00000000       0x71 .\CortexM3\ARM_GCC_493\Debug\Maaler.a(ADC_DelSig_1_theACLK.o)
 .comment       0x00000000       0x71 .\CortexM3\ARM_GCC_493\Debug\Maaler.a(CyLib.o)
 .comment       0x00000000       0x71 .\CortexM3\ARM_GCC_493\Debug\Maaler.a(cyPm.o)
 .comment       0x00000000       0x71 .\CortexM3\ARM_GCC_493\Debug\Maaler.a(test.o)
 .comment       0x00000000       0x71 .\CortexM3\ARM_GCC_493\Debug\Maaler.a(AMux_1.o)
 .comment       0x00000000       0x71 .\CortexM3\ARM_GCC_493\Debug\Maaler.a(AMux_2.o)
 .comment       0x00000000       0x71 .\CortexM3\ARM_GCC_493\Debug\Maaler.a(CyFlash.o)
 .comment       0x00000000       0x71 .\CortexM3\ARM_GCC_493\Debug\Maaler.a(CySpc.o)

.debug_weaknames
 *(.debug_weaknames)

.debug_funcnames
 *(.debug_funcnames)

.debug_typenames
 *(.debug_typenames)

.debug_varnames
 *(.debug_varnames)

.note.gnu.arm.ident
 *(.note.gnu.arm.ident)

.ARM.attributes
                0x00000000       0x29
 *(.ARM.attributes)
 .ARM.attributes
                0x00000000       0x1d c:/program files (x86)/cypress/psoc creator/4.0/psoc creator/import/gnu/arm/4.9.3/bin/../lib/gcc/arm-none-eabi/4.9.3/armv7-m/crti.o
 .ARM.attributes
                0x0000001d       0x2d c:/program files (x86)/cypress/psoc creator/4.0/psoc creator/import/gnu/arm/4.9.3/bin/../lib/gcc/arm-none-eabi/4.9.3/armv7-m/crtbegin.o
 .ARM.attributes
                0x0000004a       0x1b c:/program files (x86)/cypress/psoc creator/4.0/psoc creator/import/gnu/arm/4.9.3/bin/../lib/gcc/arm-none-eabi/4.9.3/../../../../arm-none-eabi/lib/armv7-m/crt0.o
 .ARM.attributes
                0x00000065       0x33 .\CortexM3\ARM_GCC_493\Debug\main.o
 .ARM.attributes
                0x00000098       0x33 .\CortexM3\ARM_GCC_493\Debug\sample.o
 .ARM.attributes
                0x000000cb       0x33 .\CortexM3\ARM_GCC_493\Debug\cymetadata.o
 .ARM.attributes
                0x000000fe       0x33 .\CortexM3\ARM_GCC_493\Debug\Cm3Start.o
 .ARM.attributes
                0x00000131       0x33 .\CortexM3\ARM_GCC_493\Debug\Maaler.a(cyfitter_cfg.o)
 .ARM.attributes
                0x00000164       0x33 .\CortexM3\ARM_GCC_493\Debug\Maaler.a(ADC_DelSig_1.o)
 .ARM.attributes
                0x00000197       0x33 .\CortexM3\ARM_GCC_493\Debug\Maaler.a(ADC_DelSig_1_INT.o)
 .ARM.attributes
                0x000001ca       0x33 .\CortexM3\ARM_GCC_493\Debug\Maaler.a(ADC_DelSig_1_Ext_CP_Clk.o)
 .ARM.attributes
                0x000001fd       0x33 .\CortexM3\ARM_GCC_493\Debug\Maaler.a(ADC_DelSig_1_theACLK.o)
 .ARM.attributes
                0x00000230       0x33 .\CortexM3\ARM_GCC_493\Debug\Maaler.a(CyLib.o)
 .ARM.attributes
                0x00000263       0x33 .\CortexM3\ARM_GCC_493\Debug\Maaler.a(cyPm.o)
 .ARM.attributes
                0x00000296       0x33 .\CortexM3\ARM_GCC_493\Debug\Maaler.a(test.o)
 .ARM.attributes
                0x000002c9       0x33 .\CortexM3\ARM_GCC_493\Debug\Maaler.a(AMux_1.o)
 .ARM.attributes
                0x000002fc       0x33 .\CortexM3\ARM_GCC_493\Debug\Maaler.a(AMux_2.o)
 .ARM.attributes
                0x0000032f       0x21 .\CortexM3\ARM_GCC_493\Debug\Maaler.a(CyBootAsmGnu.o)
 .ARM.attributes
                0x00000350       0x33 .\CortexM3\ARM_GCC_493\Debug\Maaler.a(CyFlash.o)
 .ARM.attributes
                0x00000383       0x33 .\CortexM3\ARM_GCC_493\Debug\Maaler.a(CySpc.o)
 .ARM.attributes
                0x000003b6       0x2d c:/program files (x86)/cypress/psoc creator/4.0/psoc creator/import/gnu/arm/4.9.3/bin/../lib/gcc/arm-none-eabi/4.9.3/../../../../arm-none-eabi/lib/armv7-m\libM.a(lib_a-s_atan.o)
 .ARM.attributes
                0x000003e3       0x2d c:/program files (x86)/cypress/psoc creator/4.0/psoc creator/import/gnu/arm/4.9.3/bin/../lib/gcc/arm-none-eabi/4.9.3/../../../../arm-none-eabi/lib/armv7-m\libM.a(lib_a-s_cos.o)
 .ARM.attributes
                0x00000410       0x2d c:/program files (x86)/cypress/psoc creator/4.0/psoc creator/import/gnu/arm/4.9.3/bin/../lib/gcc/arm-none-eabi/4.9.3/../../../../arm-none-eabi/lib/armv7-m\libM.a(lib_a-s_fabs.o)
 .ARM.attributes
                0x0000043d       0x2d c:/program files (x86)/cypress/psoc creator/4.0/psoc creator/import/gnu/arm/4.9.3/bin/../lib/gcc/arm-none-eabi/4.9.3/../../../../arm-none-eabi/lib/armv7-m\libM.a(lib_a-w_sqrt.o)
 .ARM.attributes
                0x0000046a       0x2d c:/program files (x86)/cypress/psoc creator/4.0/psoc creator/import/gnu/arm/4.9.3/bin/../lib/gcc/arm-none-eabi/4.9.3/../../../../arm-none-eabi/lib/armv7-m\libM.a(lib_a-e_rem_pio2.o)
 .ARM.attributes
                0x00000497       0x2d c:/program files (x86)/cypress/psoc creator/4.0/psoc creator/import/gnu/arm/4.9.3/bin/../lib/gcc/arm-none-eabi/4.9.3/../../../../arm-none-eabi/lib/armv7-m\libM.a(lib_a-e_sqrt.o)
 .ARM.attributes
                0x000004c4       0x2d c:/program files (x86)/cypress/psoc creator/4.0/psoc creator/import/gnu/arm/4.9.3/bin/../lib/gcc/arm-none-eabi/4.9.3/../../../../arm-none-eabi/lib/armv7-m\libM.a(lib_a-k_cos.o)
 .ARM.attributes
                0x000004f1       0x2d c:/program files (x86)/cypress/psoc creator/4.0/psoc creator/import/gnu/arm/4.9.3/bin/../lib/gcc/arm-none-eabi/4.9.3/../../../../arm-none-eabi/lib/armv7-m\libM.a(lib_a-k_rem_pio2.o)
 .ARM.attributes
                0x0000051e       0x2d c:/program files (x86)/cypress/psoc creator/4.0/psoc creator/import/gnu/arm/4.9.3/bin/../lib/gcc/arm-none-eabi/4.9.3/../../../../arm-none-eabi/lib/armv7-m\libM.a(lib_a-k_sin.o)
 .ARM.attributes
                0x0000054b       0x2d c:/program files (x86)/cypress/psoc creator/4.0/psoc creator/import/gnu/arm/4.9.3/bin/../lib/gcc/arm-none-eabi/4.9.3/../../../../arm-none-eabi/lib/armv7-m\libM.a(lib_a-s_floor.o)
 .ARM.attributes
                0x00000578       0x2d c:/program files (x86)/cypress/psoc creator/4.0/psoc creator/import/gnu/arm/4.9.3/bin/../lib/gcc/arm-none-eabi/4.9.3/../../../../arm-none-eabi/lib/armv7-m\libM.a(lib_a-s_fpclassify.o)
 .ARM.attributes
                0x000005a5       0x2d c:/program files (x86)/cypress/psoc creator/4.0/psoc creator/import/gnu/arm/4.9.3/bin/../lib/gcc/arm-none-eabi/4.9.3/../../../../arm-none-eabi/lib/armv7-m\libM.a(lib_a-s_lib_ver.o)
 .ARM.attributes
                0x000005d2       0x2d c:/program files (x86)/cypress/psoc creator/4.0/psoc creator/import/gnu/arm/4.9.3/bin/../lib/gcc/arm-none-eabi/4.9.3/../../../../arm-none-eabi/lib/armv7-m\libM.a(lib_a-s_matherr.o)
 .ARM.attributes
                0x000005ff       0x2d c:/program files (x86)/cypress/psoc creator/4.0/psoc creator/import/gnu/arm/4.9.3/bin/../lib/gcc/arm-none-eabi/4.9.3/../../../../arm-none-eabi/lib/armv7-m\libM.a(lib_a-s_scalbn.o)
 .ARM.attributes
                0x0000062c       0x2d c:/program files (x86)/cypress/psoc creator/4.0/psoc creator/import/gnu/arm/4.9.3/bin/../lib/gcc/arm-none-eabi/4.9.3/../../../../arm-none-eabi/lib/armv7-m\libM.a(lib_a-s_copysign.o)
 .ARM.attributes
                0x00000659       0x1d c:/program files (x86)/cypress/psoc creator/4.0/psoc creator/import/gnu/arm/4.9.3/bin/../lib/gcc/arm-none-eabi/4.9.3/armv7-m\libgcc.a(_arm_addsubdf3.o)
 .ARM.attributes
                0x00000676       0x1d c:/program files (x86)/cypress/psoc creator/4.0/psoc creator/import/gnu/arm/4.9.3/bin/../lib/gcc/arm-none-eabi/4.9.3/armv7-m\libgcc.a(_arm_muldivdf3.o)
 .ARM.attributes
                0x00000693       0x1d c:/program files (x86)/cypress/psoc creator/4.0/psoc creator/import/gnu/arm/4.9.3/bin/../lib/gcc/arm-none-eabi/4.9.3/armv7-m\libgcc.a(_arm_cmpdf2.o)
 .ARM.attributes
                0x000006b0       0x1d c:/program files (x86)/cypress/psoc creator/4.0/psoc creator/import/gnu/arm/4.9.3/bin/../lib/gcc/arm-none-eabi/4.9.3/armv7-m\libgcc.a(_arm_fixdfsi.o)
 .ARM.attributes
                0x000006cd       0x1d c:/program files (x86)/cypress/psoc creator/4.0/psoc creator/import/gnu/arm/4.9.3/bin/../lib/gcc/arm-none-eabi/4.9.3/armv7-m\libgcc.a(_arm_addsubsf3.o)
 .ARM.attributes
                0x000006ea       0x1d c:/program files (x86)/cypress/psoc creator/4.0/psoc creator/import/gnu/arm/4.9.3/bin/../lib/gcc/arm-none-eabi/4.9.3/armv7-m\libgcc.a(_arm_muldivsf3.o)
 .ARM.attributes
                0x00000707       0x1d c:/program files (x86)/cypress/psoc creator/4.0/psoc creator/import/gnu/arm/4.9.3/bin/../lib/gcc/arm-none-eabi/4.9.3/armv7-m\libgcc.a(_arm_fixunssfsi.o)
 .ARM.attributes
                0x00000724       0x2d c:/program files (x86)/cypress/psoc creator/4.0/psoc creator/import/gnu/arm/4.9.3/bin/../lib/gcc/arm-none-eabi/4.9.3/../../../../arm-none-eabi/lib/armv7-m\libg_nano.a(lib_a-errno.o)
 .ARM.attributes
                0x00000751       0x2d c:/program files (x86)/cypress/psoc creator/4.0/psoc creator/import/gnu/arm/4.9.3/bin/../lib/gcc/arm-none-eabi/4.9.3/../../../../arm-none-eabi/lib/armv7-m\libg_nano.a(lib_a-exit.o)
 .ARM.attributes
                0x0000077e       0x2d c:/program files (x86)/cypress/psoc creator/4.0/psoc creator/import/gnu/arm/4.9.3/bin/../lib/gcc/arm-none-eabi/4.9.3/../../../../arm-none-eabi/lib/armv7-m\libg_nano.a(lib_a-impure.o)
 .ARM.attributes
                0x000007ab       0x2d c:/program files (x86)/cypress/psoc creator/4.0/psoc creator/import/gnu/arm/4.9.3/bin/../lib/gcc/arm-none-eabi/4.9.3/../../../../arm-none-eabi/lib/armv7-m\libg_nano.a(lib_a-init.o)
 .ARM.attributes
                0x000007d8       0x2d c:/program files (x86)/cypress/psoc creator/4.0/psoc creator/import/gnu/arm/4.9.3/bin/../lib/gcc/arm-none-eabi/4.9.3/../../../../arm-none-eabi/lib/armv7-m\libg_nano.a(lib_a-memcpy.o)
 .ARM.attributes
                0x00000805       0x2d c:/program files (x86)/cypress/psoc creator/4.0/psoc creator/import/gnu/arm/4.9.3/bin/../lib/gcc/arm-none-eabi/4.9.3/../../../../arm-none-eabi/lib/armv7-m\libg_nano.a(lib_a-memset.o)
 .ARM.attributes
                0x00000832       0x2d c:/program files (x86)/cypress/psoc creator/4.0/psoc creator/import/gnu/arm/4.9.3/bin/../lib/gcc/arm-none-eabi/4.9.3/armv7-m/crtend.o
 .ARM.attributes
                0x0000085f       0x1d c:/program files (x86)/cypress/psoc creator/4.0/psoc creator/import/gnu/arm/4.9.3/bin/../lib/gcc/arm-none-eabi/4.9.3/armv7-m/crtn.o

/DISCARD/
 *(.note.GNU-stack)
OUTPUT(.\CortexM3\ARM_GCC_493\Debug\Maaler.elf elf32-littlearm)
