Archive member included because of file (symbol)

.\CortexM3\ARM_GCC_493\Debug\Maaler.a(cyfitter_cfg.o)
                              .\CortexM3\ARM_GCC_493\Debug\Cm3Start.o (cyfitter_cfg)
.\CortexM3\ARM_GCC_493\Debug\Maaler.a(ADC_DelSig_1.o)
                              .\CortexM3\ARM_GCC_493\Debug\main.o (ADC_DelSig_1_Start)
.\CortexM3\ARM_GCC_493\Debug\Maaler.a(ADC_DelSig_1_INT.o)
                              .\CortexM3\ARM_GCC_493\Debug\Maaler.a(ADC_DelSig_1.o) (ADC_DelSig_1_ISR1)
.\CortexM3\ARM_GCC_493\Debug\Maaler.a(ADC_DelSig_1_Ext_CP_Clk.o)
                              .\CortexM3\ARM_GCC_493\Debug\Maaler.a(ADC_DelSig_1.o) (ADC_DelSig_1_Ext_CP_Clk_SetModeRegister)
.\CortexM3\ARM_GCC_493\Debug\Maaler.a(ADC_DelSig_1_theACLK.o)
                              .\CortexM3\ARM_GCC_493\Debug\Maaler.a(ADC_DelSig_1.o) (ADC_DelSig_1_theACLK_SetModeRegister)
.\CortexM3\ARM_GCC_493\Debug\Maaler.a(CyLib.o)
                              .\CortexM3\ARM_GCC_493\Debug\Cm3Start.o (CyHalt)
.\CortexM3\ARM_GCC_493\Debug\Maaler.a(cyPm.o)
                              .\CortexM3\ARM_GCC_493\Debug\Maaler.a(CyLib.o) (CyPmReadStatus)
.\CortexM3\ARM_GCC_493\Debug\Maaler.a(test.o)
                              .\CortexM3\ARM_GCC_493\Debug\main.o (test_Write)
.\CortexM3\ARM_GCC_493\Debug\Maaler.a(AMux_1.o)
                              .\CortexM3\ARM_GCC_493\Debug\main.o (AMux_1_Start)
.\CortexM3\ARM_GCC_493\Debug\Maaler.a(AMux_2.o)
                              .\CortexM3\ARM_GCC_493\Debug\main.o (AMux_2_Start)
.\CortexM3\ARM_GCC_493\Debug\Maaler.a(CyBootAsmGnu.o)
                              .\CortexM3\ARM_GCC_493\Debug\Maaler.a(cyfitter_cfg.o) (CyDelayCycles)
.\CortexM3\ARM_GCC_493\Debug\Maaler.a(CyFlash.o)
                              .\CortexM3\ARM_GCC_493\Debug\Maaler.a(cyPm.o) (CyFlash_SetWaitCycles)
.\CortexM3\ARM_GCC_493\Debug\Maaler.a(CySpc.o)
                              .\CortexM3\ARM_GCC_493\Debug\Maaler.a(CyFlash.o) (CySpcStart)
c:/program files (x86)/cypress/psoc creator/4.0/psoc creator/import/gnu/arm/4.9.3/bin/../lib/gcc/arm-none-eabi/4.9.3/armv7-m\libgcc.a(_arm_addsubdf3.o)
                              .\CortexM3\ARM_GCC_493\Debug\Maaler.a(ADC_DelSig_1.o) (__aeabi_f2d)
c:/program files (x86)/cypress/psoc creator/4.0/psoc creator/import/gnu/arm/4.9.3/bin/../lib/gcc/arm-none-eabi/4.9.3/armv7-m\libgcc.a(_arm_cmpdf2.o)
                              .\CortexM3\ARM_GCC_493\Debug\Maaler.a(ADC_DelSig_1.o) (__aeabi_dcmpgt)
c:/program files (x86)/cypress/psoc creator/4.0/psoc creator/import/gnu/arm/4.9.3/bin/../lib/gcc/arm-none-eabi/4.9.3/armv7-m\libgcc.a(_arm_addsubsf3.o)
                              .\CortexM3\ARM_GCC_493\Debug\Maaler.a(ADC_DelSig_1.o) (__aeabi_ui2f)
c:/program files (x86)/cypress/psoc creator/4.0/psoc creator/import/gnu/arm/4.9.3/bin/../lib/gcc/arm-none-eabi/4.9.3/armv7-m\libgcc.a(_arm_muldivsf3.o)
                              .\CortexM3\ARM_GCC_493\Debug\Maaler.a(ADC_DelSig_1.o) (__aeabi_fmul)
c:/program files (x86)/cypress/psoc creator/4.0/psoc creator/import/gnu/arm/4.9.3/bin/../lib/gcc/arm-none-eabi/4.9.3/armv7-m\libgcc.a(_arm_fixunssfsi.o)
                              .\CortexM3\ARM_GCC_493\Debug\Maaler.a(ADC_DelSig_1.o) (__aeabi_f2uiz)
c:/program files (x86)/cypress/psoc creator/4.0/psoc creator/import/gnu/arm/4.9.3/bin/../lib/gcc/arm-none-eabi/4.9.3/../../../../arm-none-eabi/lib/armv7-m\libg_nano.a(lib_a-errno.o)
                              .\CortexM3\ARM_GCC_493\Debug\Cm3Start.o (__errno)
c:/program files (x86)/cypress/psoc creator/4.0/psoc creator/import/gnu/arm/4.9.3/bin/../lib/gcc/arm-none-eabi/4.9.3/../../../../arm-none-eabi/lib/armv7-m\libg_nano.a(lib_a-exit.o)
                              c:/program files (x86)/cypress/psoc creator/4.0/psoc creator/import/gnu/arm/4.9.3/bin/../lib/gcc/arm-none-eabi/4.9.3/../../../../arm-none-eabi/lib/armv7-m/crt0.o (exit)
c:/program files (x86)/cypress/psoc creator/4.0/psoc creator/import/gnu/arm/4.9.3/bin/../lib/gcc/arm-none-eabi/4.9.3/../../../../arm-none-eabi/lib/armv7-m\libg_nano.a(lib_a-impure.o)
                              c:/program files (x86)/cypress/psoc creator/4.0/psoc creator/import/gnu/arm/4.9.3/bin/../lib/gcc/arm-none-eabi/4.9.3/../../../../arm-none-eabi/lib/armv7-m\libg_nano.a(lib_a-exit.o) (_global_impure_ptr)
c:/program files (x86)/cypress/psoc creator/4.0/psoc creator/import/gnu/arm/4.9.3/bin/../lib/gcc/arm-none-eabi/4.9.3/../../../../arm-none-eabi/lib/armv7-m\libg_nano.a(lib_a-init.o)
                              c:/program files (x86)/cypress/psoc creator/4.0/psoc creator/import/gnu/arm/4.9.3/bin/../lib/gcc/arm-none-eabi/4.9.3/../../../../arm-none-eabi/lib/armv7-m/crt0.o (__libc_init_array)
c:/program files (x86)/cypress/psoc creator/4.0/psoc creator/import/gnu/arm/4.9.3/bin/../lib/gcc/arm-none-eabi/4.9.3/../../../../arm-none-eabi/lib/armv7-m\libg_nano.a(lib_a-memcpy.o)
                              .\CortexM3\ARM_GCC_493\Debug\Maaler.a(cyfitter_cfg.o) (memcpy)
[...]
Memory Configuration

Name             Origin             Length             Attributes
rom              0x00000000         0x00040000         xr
ram              0x1fff8000         0x00010000         xrw
*default*        0x00000000         0xffffffff

Linker script and memory map

LOAD c:/program files (x86)/cypress/psoc creator/4.0/psoc creator/import/gnu/arm/4.9.3/bin/../lib/gcc/arm-none-eabi/4.9.3/armv7-m/crti.o
LOAD c:/program files (x86)/cypress/psoc creator/4.0/psoc creator/import/gnu/arm/4.9.3/bin/../lib/gcc/arm-none-eabi/4.9.3/armv7-m/crtbegin.o
LOAD c:/program files (x86)/cypress/psoc creator/4.0/psoc creator/import/gnu/arm/4.9.3/bin/../lib/gcc/arm-none-eabi/4.9.3/../../../../arm-none-eabi/lib/armv7-m/crt0.o
START GROUP
LOAD .\CortexM3\ARM_GCC_493\Debug\main.o
LOAD .\CortexM3\ARM_GCC_493\Debug\cymetadata.o
LOAD .\CortexM3\ARM_GCC_493\Debug\Cm3Start.o
LOAD .\CortexM3\ARM_GCC_493\Debug\Maaler.a
LOAD C:\Program Files (x86)\Cypress\PSoC Creator\4.0\PSoC Creator\psoc\content\cycomponentlibrary\CyComponentLibrary.cylib\CortexM3\ARM_GCC_493\Debug\CyComponentLibrary.a
END GROUP
START GROUP
LOAD c:/program files (x86)/cypress/psoc creator/4.0/psoc creator/import/gnu/arm/4.9.3/bin/../lib/gcc/arm-none-eabi/4.9.3/armv7-m\libgcc.a
LOAD c:/program files (x86)/cypress/psoc creator/4.0/psoc creator/import/gnu/arm/4.9.3/bin/../lib/gcc/arm-none-eabi/4.9.3/../../../../arm-none-eabi/lib/armv7-m\libg_nano.a
LOAD c:/program files (x86)/cypress/psoc creator/4.0/psoc creator/import/gnu/arm/4.9.3/bin/../lib/gcc/arm-none-eabi/4.9.3/../../../../arm-none-eabi/lib/armv7-m\libc_nano.a
END GROUP
START GROUP
LOAD c:/program files (x86)/cypress/psoc creator/4.0/psoc creator/import/gnu/arm/4.9.3/bin/../lib/gcc/arm-none-eabi/4.9.3/armv7-m\libgcc.a
LOAD c:/program files (x86)/cypress/psoc creator/4.0/psoc creator/import/gnu/arm/4.9.3/bin/../lib/gcc/arm-none-eabi/4.9.3/../../../../arm-none-eabi/lib/armv7-m\libc_nano.a
END GROUP
LOAD c:/program files (x86)/cypress/psoc creator/4.0/psoc creator/import/gnu/arm/4.9.3/bin/../lib/gcc/arm-none-eabi/4.9.3/armv7-m/crtend.o
LOAD c:/program files (x86)/cypress/psoc creator/4.0/psoc creator/import/gnu/arm/4.9.3/bin/../lib/gcc/arm-none-eabi/4.9.3/armv7-m/crtn.o
START GROUP
LOAD c:/program files (x86)/cypress/psoc creator/4.0/psoc creator/import/gnu/arm/4.9.3/bin/../lib/gcc/arm-none-eabi/4.9.3/armv7-m\libgcc.a
LOAD c:/program files (x86)/cypress/psoc creator/4.0/psoc creator/import/gnu/arm/4.9.3/bin/../lib/gcc/arm-none-eabi/4.9.3/../../../../arm-none-eabi/lib/armv7-m\libc.a
LOAD c:/program files (x86)/cypress/psoc creator/4.0/psoc creator/import/gnu/arm/4.9.3/bin/../lib/gcc/arm-none-eabi/4.9.3/../../../../arm-none-eabi/lib/armv7-m\libnosys.a
END GROUP
                0x00000000                CY_APPL_ORIGIN = 0x0
                0x00000100                CY_FLASH_ROW_SIZE = 0x100
                0x00000020                CY_ECC_ROW_SIZE = 0x20
                0x00000000                CY_EE_IN_BTLDR = 0x0
                0x00000000                CY_APPL_LOADABLE = 0x0
                0x00000800                CY_EE_SIZE = 0x800
                0x00000001                CY_APPL_NUM = 0x1
                0x00000001                CY_APPL_MAX = 0x1
                0x00000040                CY_METADATA_SIZE = 0x40
                0x00000000                CY_APPL_LOADABLE = 0x0
                0x00000000                CY_CHECKSUM_EXCLUDE_SIZE = ALIGN (0x0, CY_FLASH_ROW_SIZE)
                0x1fff81d8                PROVIDE (__cy_heap_start, _end)
                0x00000001                PROVIDE (__cy_region_num, ((__cy_regions_end - __cy_regions) / 0x10))
                0x20008000                PROVIDE (__cy_stack, (ORIGIN (ram) + 0x10000))
                0x20007800                PROVIDE (__cy_heap_end, (__cy_stack - 0x800))

.cybootloader   0x00000000        0x0
 *(.cybootloader)
                0x00000000                appl1_start = CY_APPL_ORIGIN?CY_APPL_ORIGIN:ALIGN (CY_FLASH_ROW_SIZE)
                0x0001ff00                appl2_start = (appl1_start + ALIGN ((((0x40000 - appl1_start) - (0x2 * CY_FLASH_ROW_SIZE)) / 0x2), CY_FLASH_ROW_SIZE))
                0x00000000                appl_start = (CY_APPL_NUM == 0x1)?appl1_start:appl2_start
                0x00000000                ecc_offset = ((appl_start / CY_FLASH_ROW_SIZE) * CY_ECC_ROW_SIZE)
                0x00000000                ee_offset = (CY_APPL_LOADABLE && ! (CY_EE_IN_BTLDR))?((CY_EE_SIZE / CY_APPL_MAX) * (CY_APPL_NUM - 0x1)):0x0
                0x00000800                ee_size = (CY_APPL_LOADABLE && ! (CY_EE_IN_BTLDR))?(CY_EE_SIZE / CY_APPL_MAX):CY_EE_SIZE
                0x00000000                PROVIDE (CY_ECC_OFFSET, ecc_offset)

.text           0x00000000     0x1e28
 CREATE_OBJECT_SYMBOLS
                0x00000000                PROVIDE (__cy_interrupt_vector, RomVectors)
 *(.romvectors)
 .romvectors    0x00000000       0x10 .\CortexM3\ARM_GCC_493\Debug\Cm3Start.o
                0x00000000                RomVectors
                0x00000001                ASSERT ((. != __cy_interrupt_vector), No interrupt vector)
                0x00000001                ASSERT (CY_APPL_ORIGIN?(SIZEOF (.cybootloader) <= CY_APPL_ORIGIN):0x1, Wrong image location)
                0x00000010                PROVIDE (__cy_reset, Reset)
 *(.text.Reset)
 .text.Reset    0x00000010       0x18 .\CortexM3\ARM_GCC_493\Debug\Cm3Start.o
                0x00000010                Reset
                0x00000001                ASSERT ((. != __cy_reset), No reset code)
 *(.dma_init)
                0x00000001                ASSERT ((((appl_start + .) <= 0x10000) || 0x1), DMA Init must be within the first 64k of flash)
 *(.text .text.* .gnu.linkonce.t.*)
 .text          0x00000028       0x5c c:/program files (x86)/cypress/psoc creator/4.0/psoc creator/import/gnu/arm/4.9.3/bin/../lib/gcc/arm-none-eabi/4.9.3/armv7-m/crtbegin.o
 .text.main     0x00000084       0xcc .\CortexM3\ARM_GCC_493\Debug\main.o
                0x00000084                main
 .text.IntDefaultHandler
                0x00000150       0x10 .\CortexM3\ARM_GCC_493\Debug\Cm3Start.o
                0x00000150                IntDefaultHandler
 .text._sbrk    0x00000160       0x30 .\CortexM3\ARM_GCC_493\Debug\Cm3Start.o
                0x00000160                _sbrk
 .text.Start_c  0x00000190       0x4c .\CortexM3\ARM_GCC_493\Debug\Cm3Start.o
                0x00000190                Start_c
 .text.initialize_psoc
                0x000001dc       0x74 .\CortexM3\ARM_GCC_493\Debug\Cm3Start.o
                0x000001dc                initialize_psoc
 .text.CyClockStartupError
                0x00000250        0x4 .\CortexM3\ARM_GCC_493\Debug\Maaler.a(cyfitter_cfg.o)
 .text.cfg_write_bytes32
                0x00000254       0x34 .\CortexM3\ARM_GCC_493\Debug\Maaler.a(cyfitter_cfg.o)
 .text.AnalogSetDefault
                0x00000288       0x30 .\CortexM3\ARM_GCC_493\Debug\Maaler.a(cyfitter_cfg.o)
 .text.CYMEMZERO
                0x000002b8        0xc .\CortexM3\ARM_GCC_493\Debug\Maaler.a(cyfitter_cfg.o)
 .text.CYCONFIGCPY
                0x000002c4        0x8 .\CortexM3\ARM_GCC_493\Debug\Maaler.a(cyfitter_cfg.o)
 .text.ClockSetup
                0x000002cc       0xe4 .\CortexM3\ARM_GCC_493\Debug\Maaler.a(cyfitter_cfg.o)
 .text.AMux_1_Set
                0x000003b0       0x38 .\CortexM3\ARM_GCC_493\Debug\Maaler.a(cyfitter_cfg.o)
                0x000003b0                AMux_1_Set
 .text.AMux_1_Unset
                0x000003e8       0x3c .\CortexM3\ARM_GCC_493\Debug\Maaler.a(cyfitter_cfg.o)
                0x000003e8                AMux_1_Unset
 .text.AMux_2_Set
                0x00000424       0x40 .\CortexM3\ARM_GCC_493\Debug\Maaler.a(cyfitter_cfg.o)
                0x00000424                AMux_2_Set
 .text.AMux_2_Unset
                0x00000464       0x44 .\CortexM3\ARM_GCC_493\Debug\Maaler.a(cyfitter_cfg.o)
                0x00000464                AMux_2_Unset
 .text.cyfitter_cfg
                0x000004a8       0xe4 .\CortexM3\ARM_GCC_493\Debug\Maaler.a(cyfitter_cfg.o)
                0x000004a8                cyfitter_cfg
 .text.ADC_DelSig_1_GainCompensation
                0x0000058c       0xd0 .\CortexM3\ARM_GCC_493\Debug\Maaler.a(ADC_DelSig_1.o)
 .text.ADC_DelSig_1_SetDSMRef0Reg
                0x0000065c       0x4c .\CortexM3\ARM_GCC_493\Debug\Maaler.a(ADC_DelSig_1.o)
 .text.ADC_DelSig_1_InitConfig
                0x000006a8      0x314 .\CortexM3\ARM_GCC_493\Debug\Maaler.a(ADC_DelSig_1.o)
 .text.ADC_DelSig_1_Init
                0x000009bc      0x108 .\CortexM3\ARM_GCC_493\Debug\Maaler.a(ADC_DelSig_1.o)
                0x000009bc                ADC_DelSig_1_Init
 .text.ADC_DelSig_1_Enable
                0x00000ac4       0xd8 .\CortexM3\ARM_GCC_493\Debug\Maaler.a(ADC_DelSig_1.o)
                0x00000ac4                ADC_DelSig_1_Enable
 .text.ADC_DelSig_1_Start
                0x00000b9c       0x28 .\CortexM3\ARM_GCC_493\Debug\Maaler.a(ADC_DelSig_1.o)
                0x00000b9c                ADC_DelSig_1_Start
 .text.ADC_DelSig_1_StartConvert
                0x00000bc4       0x10 .\CortexM3\ARM_GCC_493\Debug\Maaler.a(ADC_DelSig_1.o)
                0x00000bc4                ADC_DelSig_1_StartConvert
 .text.ADC_DelSig_1_IsEndConversion
                0x00000bd4       0x30 .\CortexM3\ARM_GCC_493\Debug\Maaler.a(ADC_DelSig_1.o)
                0x00000bd4                ADC_DelSig_1_IsEndConversion
 .text.ADC_DelSig_1_GetResult16
                0x00000c04       0x50 .\CortexM3\ARM_GCC_493\Debug\Maaler.a(ADC_DelSig_1.o)
                0x00000c04                ADC_DelSig_1_GetResult16
 .text.ADC_DelSig_1_CountsTo_mVolts
                0x00000c54       0x24 .\CortexM3\ARM_GCC_493\Debug\Maaler.a(ADC_DelSig_1.o)
                0x00000c54                ADC_DelSig_1_CountsTo_mVolts
 .text.ADC_DelSig_1_ISR1
                0x00000c78        0x4 .\CortexM3\ARM_GCC_493\Debug\Maaler.a(ADC_DelSig_1_INT.o)
                0x00000c78                ADC_DelSig_1_ISR1
 .text.ADC_DelSig_1_ISR2
                0x00000c7c        0x4 .\CortexM3\ARM_GCC_493\Debug\Maaler.a(ADC_DelSig_1_INT.o)
                0x00000c7c                ADC_DelSig_1_ISR2
 .text.ADC_DelSig_1_ISR3
                0x00000c80        0x4 .\CortexM3\ARM_GCC_493\Debug\Maaler.a(ADC_DelSig_1_INT.o)
                0x00000c80                ADC_DelSig_1_ISR3
 .text.ADC_DelSig_1_ISR4
                0x00000c84        0x4 .\CortexM3\ARM_GCC_493\Debug\Maaler.a(ADC_DelSig_1_INT.o)
                0x00000c84                ADC_DelSig_1_ISR4
 .text.ADC_DelSig_1_Ext_CP_Clk_GetDividerRegister
                0x00000c88        0xc .\CortexM3\ARM_GCC_493\Debug\Maaler.a(ADC_DelSig_1_Ext_CP_Clk.o)
                0x00000c88                ADC_DelSig_1_Ext_CP_Clk_GetDividerRegister
 .text.ADC_DelSig_1_Ext_CP_Clk_SetModeRegister
                0x00000c94       0x14 .\CortexM3\ARM_GCC_493\Debug\Maaler.a(ADC_DelSig_1_Ext_CP_Clk.o)
                0x00000c94                ADC_DelSig_1_Ext_CP_Clk_SetModeRegister
 .text.ADC_DelSig_1_Ext_CP_Clk_GetSourceRegister
                0x00000ca8       0x10 .\CortexM3\ARM_GCC_493\Debug\Maaler.a(ADC_DelSig_1_Ext_CP_Clk.o)
                0x00000ca8                ADC_DelSig_1_Ext_CP_Clk_GetSourceRegister
 .text.ADC_DelSig_1_Ext_CP_Clk_SetDividerRegister
                0x00000cb8       0xd8 .\CortexM3\ARM_GCC_493\Debug\Maaler.a(ADC_DelSig_1_Ext_CP_Clk.o)
                0x00000cb8                ADC_DelSig_1_Ext_CP_Clk_SetDividerRegister
 .text.ADC_DelSig_1_theACLK_GetDividerRegister
                0x00000d90        0xc .\CortexM3\ARM_GCC_493\Debug\Maaler.a(ADC_DelSig_1_theACLK.o)
                0x00000d90                ADC_DelSig_1_theACLK_GetDividerRegister
 .text.ADC_DelSig_1_theACLK_SetModeRegister
                0x00000d9c       0x14 .\CortexM3\ARM_GCC_493\Debug\Maaler.a(ADC_DelSig_1_theACLK.o)
                0x00000d9c                ADC_DelSig_1_theACLK_SetModeRegister
 .text.ADC_DelSig_1_theACLK_GetSourceRegister
                0x00000db0       0x10 .\CortexM3\ARM_GCC_493\Debug\Maaler.a(ADC_DelSig_1_theACLK.o)
                0x00000db0                ADC_DelSig_1_theACLK_GetSourceRegister
 .text.ADC_DelSig_1_theACLK_SetDividerRegister
                0x00000dc0       0xd8 .\CortexM3\ARM_GCC_493\Debug\Maaler.a(ADC_DelSig_1_theACLK.o)
                0x00000dc0                ADC_DelSig_1_theACLK_SetDividerRegister
 .text.CyHalt   0x00000e98        0x4 .\CortexM3\ARM_GCC_493\Debug\Maaler.a(CyLib.o)
                0x00000e98                CyHalt
 .text.CyDelayUs
                0x00000e9c       0x14 .\CortexM3\ARM_GCC_493\Debug\Maaler.a(CyLib.o)
                0x00000e9c                CyDelayUs
 .text.CyIntSetVector
                0x00000eb0       0x28 .\CortexM3\ARM_GCC_493\Debug\Maaler.a(CyLib.o)
                0x00000eb0                CyIntSetVector
 .text.CyIntSetPriority
                0x00000ed8       0x30 .\CortexM3\ARM_GCC_493\Debug\Maaler.a(CyLib.o)
                0x00000ed8                CyIntSetPriority
 .text.test_Write
                0x00000f08       0x18 .\CortexM3\ARM_GCC_493\Debug\Maaler.a(test.o)
                0x00000f08                test_Write
 .text.AMux_1_Start
                0x00000f20       0x20 .\CortexM3\ARM_GCC_493\Debug\Maaler.a(AMux_1.o)
                0x00000f20                AMux_1_Start
 .text.AMux_1_FastSelect
                0x00000f40       0x20 .\CortexM3\ARM_GCC_493\Debug\Maaler.a(AMux_1.o)
                0x00000f40                AMux_1_FastSelect
 .text.AMux_2_Start
                0x00000f60       0x20 .\CortexM3\ARM_GCC_493\Debug\Maaler.a(AMux_2.o)
                0x00000f60                AMux_2_Start
 .text.AMux_2_FastSelect
                0x00000f80       0x20 .\CortexM3\ARM_GCC_493\Debug\Maaler.a(AMux_2.o)
                0x00000f80                AMux_2_FastSelect
 .text          0x00000fa0       0x20 .\CortexM3\ARM_GCC_493\Debug\Maaler.a(CyBootAsmGnu.o)
                0x00000fa0                CyDelayCycles
                0x00000fb0                CyEnterCriticalSection
                0x00000fb8                CyExitCriticalSection
 .text.__errno  0x00000fc0        0xc c:/program files (x86)/cypress/psoc creator/4.0/psoc creator/import/gnu/arm/4.9.3/bin/../lib/gcc/arm-none-eabi/4.9.3/../../../../arm-none-eabi/lib/armv7-m\libg_nano.a(lib_a-errno.o)
                0x00000fc0                __errno
 .text.__libc_init_array
                0x00000fcc       0x4c c:/program files (x86)/cypress/psoc creator/4.0/psoc creator/import/gnu/arm/4.9.3/bin/../lib/gcc/arm-none-eabi/4.9.3/../../../../arm-none-eabi/lib/armv7-m\libg_nano.a(lib_a-init.o)
                0x00000fcc                __libc_init_array
 .text.memcpy   0x00001018       0x16 c:/program files (x86)/cypress/psoc creator/4.0/psoc creator/import/gnu/arm/4.9.3/bin/../lib/gcc/arm-none-eabi/4.9.3/../../../../arm-none-eabi/lib/armv7-m\libg_nano.a(lib_a-memcpy.o)
                0x00001018                memcpy
 .text.memset   0x0000102e       0x10 c:/program files (x86)/cypress/psoc creator/4.0/psoc creator/import/gnu/arm/4.9.3/bin/../lib/gcc/arm-none-eabi/4.9.3/../../../../arm-none-eabi/lib/armv7-m\libg_nano.a(lib_a-memset.o)
                0x0000102e                memset
 *fill*         0x0000103e        0x2 
 .text.printf   0x00001040       0x30 c:/program files (x86)/cypress/psoc creator/4.0/psoc creator/import/gnu/arm/4.9.3/bin/../lib/gcc/arm-none-eabi/4.9.3/../../../../arm-none-eabi/lib/armv7-m\libg_nano.a(lib_a-printf.o)
                0x00001040                iprintf
                0x00001040                printf
 .text._cleanup_r
                0x00001070        0xc c:/program files (x86)/cypress/psoc creator/4.0/psoc creator/import/gnu/arm/4.9.3/bin/../lib/gcc/arm-none-eabi/4.9.3/../../../../arm-none-eabi/lib/armv7-m\libg_nano.a(lib_a-findfp.o)
                0x00001070                _cleanup_r
 .text.std.isra.0
                0x0000107c       0x48 c:/program files (x86)/cypress/psoc creator/4.0/psoc creator/import/gnu/arm/4.9.3/bin/../lib/gcc/arm-none-eabi/4.9.3/../../../../arm-none-eabi/lib/armv7-m\libg_nano.a(lib_a-findfp.o)
 .text.__sfmoreglue
                0x000010c4       0x2c c:/program files (x86)/cypress/psoc creator/4.0/psoc creator/import/gnu/arm/4.9.3/bin/../lib/gcc/arm-none-eabi/4.9.3/../../../../arm-none-eabi/lib/armv7-m\libg_nano.a(lib_a-findfp.o)
                0x000010c4                __sfmoreglue
 .text.__sinit  0x000010f0       0x60 c:/program files (x86)/cypress/psoc creator/4.0/psoc creator/import/gnu/arm/4.9.3/bin/../lib/gcc/arm-none-eabi/4.9.3/../../../../arm-none-eabi/lib/armv7-m\libg_nano.a(lib_a-findfp.o)
                0x000010f0                __sinit
 .text.__sfp    0x00001150       0x74 c:/program files (x86)/cypress/psoc creator/4.0/psoc creator/import/gnu/arm/4.9.3/bin/../lib/gcc/arm-none-eabi/4.9.3/../../../../arm-none-eabi/lib/armv7-m\libg_nano.a(lib_a-findfp.o)
                0x00001150                __sfp
 .text._fwalk_reent
                0x000011c4       0x3c c:/program files (x86)/cypress/psoc creator/4.0/psoc creator/import/gnu/arm/4.9.3/bin/../lib/gcc/arm-none-eabi/4.9.3/../../../../arm-none-eabi/lib/armv7-m\libg_nano.a(lib_a-fwalk.o)
                0x000011c4                _fwalk_reent
 .text._malloc_r
                0x00001200       0xac c:/program files (x86)/cypress/psoc creator/4.0/psoc creator/import/gnu/arm/4.9.3/bin/../lib/gcc/arm-none-eabi/4.9.3/../../../../arm-none-eabi/lib/armv7-m\libg_nano.a(lib_a-nano-mallocr.o)
                0x00001200                _malloc_r
 .text.__sfputc_r
                0x000012ac       0x2c c:/program files (x86)/cypress/psoc creator/4.0/psoc creator/import/gnu/arm/4.9.3/bin/../lib/gcc/arm-none-eabi/4.9.3/../../../../arm-none-eabi/lib/armv7-m\libg_nano.a(lib_a-nano-vfprintf.o)
 .text.__sfputs_r
                0x000012d8       0x24 c:/program files (x86)/cypress/psoc creator/4.0/psoc creator/import/gnu/arm/4.9.3/bin/../lib/gcc/arm-none-eabi/4.9.3/../../../../arm-none-eabi/lib/armv7-m\libg_nano.a(lib_a-nano-vfprintf.o)
                0x000012d8                __sfputs_r
 .text._vfprintf_r
                0x000012fc      0x210 c:/program files (x86)/cypress/psoc creator/4.0/psoc creator/import/gnu/arm/4.9.3/bin/../lib/gcc/arm-none-eabi/4.9.3/../../../../arm-none-eabi/lib/armv7-m\libg_nano.a(lib_a-nano-vfprintf.o)
                0x000012fc                _vfprintf_r
                0x000012fc                _vfiprintf_r
 .text._printf_common
                0x0000150c       0xea c:/program files (x86)/cypress/psoc creator/4.0/psoc creator/import/gnu/arm/4.9.3/bin/../lib/gcc/arm-none-eabi/4.9.3/../../../../arm-none-eabi/lib/armv7-m\libg_nano.a(lib_a-nano-vfprintf_i.o)
                0x0000150c                _printf_common
 *fill*         0x000015f6        0x2 
 .text._printf_i
                0x000015f8      0x240 c:/program files (x86)/cypress/psoc creator/4.0/psoc creator/import/gnu/arm/4.9.3/bin/../lib/gcc/arm-none-eabi/4.9.3/../../../../arm-none-eabi/lib/armv7-m\libg_nano.a(lib_a-nano-vfprintf_i.o)
                0x000015f8                _printf_i
 .text._sbrk_r  0x00001838       0x20 c:/program files (x86)/cypress/psoc creator/4.0/psoc creator/import/gnu/arm/4.9.3/bin/../lib/gcc/arm-none-eabi/4.9.3/../../../../arm-none-eabi/lib/armv7-m\libg_nano.a(lib_a-sbrkr.o)
                0x00001838                _sbrk_r
 .text.__sread  0x00001858       0x22 c:/program files (x86)/cypress/psoc creator/4.0/psoc creator/import/gnu/arm/4.9.3/bin/../lib/gcc/arm-none-eabi/4.9.3/../../../../arm-none-eabi/lib/armv7-m\libg_nano.a(lib_a-stdio.o)
                0x00001858                __sread
 .text.__swrite
                0x0000187a       0x38 c:/program files (x86)/cypress/psoc creator/4.0/psoc creator/import/gnu/arm/4.9.3/bin/../lib/gcc/arm-none-eabi/4.9.3/../../../../arm-none-eabi/lib/armv7-m\libg_nano.a(lib_a-stdio.o)
                0x0000187a                __swrite
 .text.__sseek  0x000018b2       0x24 c:/program files (x86)/cypress/psoc creator/4.0/psoc creator/import/gnu/arm/4.9.3/bin/../lib/gcc/arm-none-eabi/4.9.3/../../../../arm-none-eabi/lib/armv7-m\libg_nano.a(lib_a-stdio.o)
                0x000018b2                __sseek
 .text.__sclose
                0x000018d6        0x8 c:/program files (x86)/cypress/psoc creator/4.0/psoc creator/import/gnu/arm/4.9.3/bin/../lib/gcc/arm-none-eabi/4.9.3/../../../../arm-none-eabi/lib/armv7-m\libg_nano.a(lib_a-stdio.o)
                0x000018d6                __sclose
 *fill*         0x000018de        0x2 
 .text.__swbuf_r
                0x000018e0       0xa8 c:/program files (x86)/cypress/psoc creator/4.0/psoc creator/import/gnu/arm/4.9.3/bin/../lib/gcc/arm-none-eabi/4.9.3/../../../../arm-none-eabi/lib/armv7-m\libg_nano.a(lib_a-wbuf.o)
                0x000018e0                __swbuf_r
 .text._write_r
                0x00001988       0x24 c:/program files (x86)/cypress/psoc creator/4.0/psoc creator/import/gnu/arm/4.9.3/bin/../lib/gcc/arm-none-eabi/4.9.3/../../../../arm-none-eabi/lib/armv7-m\libg_nano.a(lib_a-writer.o)
                0x00001988                _write_r
 .text.__swsetup_r
                0x000019ac       0xd8 c:/program files (x86)/cypress/psoc creator/4.0/psoc creator/import/gnu/arm/4.9.3/bin/../lib/gcc/arm-none-eabi/4.9.3/../../../../arm-none-eabi/lib/armv7-m\libg_nano.a(lib_a-wsetup.o)
                0x000019ac                __swsetup_r
 .text._close_r
                0x00001a84       0x20 c:/program files (x86)/cypress/psoc creator/4.0/psoc creator/import/gnu/arm/4.9.3/bin/../lib/gcc/arm-none-eabi/4.9.3/../../../../arm-none-eabi/lib/armv7-m\libg_nano.a(lib_a-closer.o)
                0x00001a84                _close_r
 .text.__sflush_r
                0x00001aa4      0x106 c:/program files (x86)/cypress/psoc creator/4.0/psoc creator/import/gnu/arm/4.9.3/bin/../lib/gcc/arm-none-eabi/4.9.3/../../../../arm-none-eabi/lib/armv7-m\libg_nano.a(lib_a-fflush.o)
                0x00001aa4                __sflush_r
 *fill*         0x00001baa        0x2 
 .text._fflush_r
                0x00001bac       0x54 c:/program files (x86)/cypress/psoc creator/4.0/psoc creator/import/gnu/arm/4.9.3/bin/../lib/gcc/arm-none-eabi/4.9.3/../../../../arm-none-eabi/lib/armv7-m\libg_nano.a(lib_a-fflush.o)
                0x00001bac                _fflush_r
 .text._lseek_r
                0x00001c00       0x24 c:/program files (x86)/cypress/psoc creator/4.0/psoc creator/import/gnu/arm/4.9.3/bin/../lib/gcc/arm-none-eabi/4.9.3/../../../../arm-none-eabi/lib/armv7-m\libg_nano.a(lib_a-lseekr.o)
                0x00001c00                _lseek_r
 .text.__smakebuf_r
                0x00001c24       0x98 c:/program files (x86)/cypress/psoc creator/4.0/psoc creator/import/gnu/arm/4.9.3/bin/../lib/gcc/arm-none-eabi/4.9.3/../../../../arm-none-eabi/lib/armv7-m\libg_nano.a(lib_a-makebuf.o)
                0x00001c24                __smakebuf_r
 .text.memchr   0x00001cbc       0x1c c:/program files (x86)/cypress/psoc creator/4.0/psoc creator/import/gnu/arm/4.9.3/bin/../lib/gcc/arm-none-eabi/4.9.3/../../../../arm-none-eabi/lib/armv7-m\libg_nano.a(lib_a-memchr.o)
                0x00001cbc                memchr
 .text._free_r  0x00001cd8       0x88 c:/program files (x86)/cypress/psoc creator/4.0/psoc creator/import/gnu/arm/4.9.3/bin/../lib/gcc/arm-none-eabi/4.9.3/../../../../arm-none-eabi/lib/armv7-m\libg_nano.a(lib_a-nano-freer.o)
                0x00001cd8                _free_r
 .text._read_r  0x00001d60       0x24 c:/program files (x86)/cypress/psoc creator/4.0/psoc creator/import/gnu/arm/4.9.3/bin/../lib/gcc/arm-none-eabi/4.9.3/../../../../arm-none-eabi/lib/armv7-m\libg_nano.a(lib_a-readr.o)
                0x00001d60                _read_r
 .text._fstat_r
                0x00001d84       0x24 c:/program files (x86)/cypress/psoc creator/4.0/psoc creator/import/gnu/arm/4.9.3/bin/../lib/gcc/arm-none-eabi/4.9.3/../../../../arm-none-eabi/lib/armv7-m\libg_nano.a(lib_a-fstatr.o)
                0x00001d84                _fstat_r
 .text._isatty_r
                0x00001da8       0x20 c:/program files (x86)/cypress/psoc creator/4.0/psoc creator/import/gnu/arm/4.9.3/bin/../lib/gcc/arm-none-eabi/4.9.3/../../../../arm-none-eabi/lib/armv7-m\libg_nano.a(lib_a-isattyr.o)
                0x00001da8                _isatty_r
 .text._close   0x00001dc8       0x10 c:/program files (x86)/cypress/psoc creator/4.0/psoc creator/import/gnu/arm/4.9.3/bin/../lib/gcc/arm-none-eabi/4.9.3/../../../../arm-none-eabi/lib/armv7-m\libnosys.a(close.o)
                0x00001dc8                _close
 .text._fstat   0x00001dd8       0x10 c:/program files (x86)/cypress/psoc creator/4.0/psoc creator/import/gnu/arm/4.9.3/bin/../lib/gcc/arm-none-eabi/4.9.3/../../../../arm-none-eabi/lib/armv7-m\libnosys.a(fstat.o)
                0x00001dd8                _fstat
 .text._isatty  0x00001de8       0x10 c:/program files (x86)/cypress/psoc creator/4.0/psoc creator/import/gnu/arm/4.9.3/bin/../lib/gcc/arm-none-eabi/4.9.3/../../../../arm-none-eabi/lib/armv7-m\libnosys.a(isatty.o)
                0x00001de8                _isatty
 .text._lseek   0x00001df8       0x10 c:/program files (x86)/cypress/psoc creator/4.0/psoc creator/import/gnu/arm/4.9.3/bin/../lib/gcc/arm-none-eabi/4.9.3/../../../../arm-none-eabi/lib/armv7-m\libnosys.a(lseek.o)
                0x00001df8                _lseek
 .text._read    0x00001e08       0x10 c:/program files (x86)/cypress/psoc creator/4.0/psoc creator/import/gnu/arm/4.9.3/bin/../lib/gcc/arm-none-eabi/4.9.3/../../../../arm-none-eabi/lib/armv7-m\libnosys.a(read.o)
                0x00001e08                _read
 .text._write   0x00001e18       0x10 c:/program files (x86)/cypress/psoc creator/4.0/psoc creator/import/gnu/arm/4.9.3/bin/../lib/gcc/arm-none-eabi/4.9.3/../../../../arm-none-eabi/lib/armv7-m\libnosys.a(write.o)
                0x00001e18                _write
 *(.plt)
 *(.gnu.warning)
 *(.glue_7t)
 .glue_7t       0x00000000        0x0 linker stubs
 *(.glue_7)
 .glue_7        0x00000000        0x0 linker stubs
 *(.vfp11_veneer)
 .vfp11_veneer  0x00000000        0x0 linker stubs
 *(.bootloader)
 *(.ARM.extab* .gnu.linkonce.armextab.*)
 *(.gcc_except_table)

.v4_bx          0x00001e28        0x0
 .v4_bx         0x00000000        0x0 linker stubs

.iplt           0x00001e28        0x0
 .iplt          0x00000000        0x0 c:/program files (x86)/cypress/psoc creator/4.0/psoc creator/import/gnu/arm/4.9.3/bin/../lib/gcc/arm-none-eabi/4.9.3/armv7-m/crtbegin.o

.eh_frame_hdr
 *(.eh_frame_hdr)

.eh_frame       0x00001e28        0x4
 *(.eh_frame)
 .eh_frame      0x00001e28        0x0 c:/program files (x86)/cypress/psoc creator/4.0/psoc creator/import/gnu/arm/4.9.3/bin/../lib/gcc/arm-none-eabi/4.9.3/armv7-m/crtbegin.o
 .eh_frame      0x00001e28        0x4 c:/program files (x86)/cypress/psoc creator/4.0/psoc creator/import/gnu/arm/4.9.3/bin/../lib/gcc/arm-none-eabi/4.9.3/armv7-m/crtend.o
                0x00001e2c                PROVIDE (__exidx_start, .)

.ARM.exidx
 *(.ARM.exidx* .gnu.linkonce.armexidx.*)
                0x00001e2c                __exidx_end = .

.rodata         0x00001e2c      0x134
 *(.rodata .rodata.* .gnu.linkonce.r.*)
 .rodata.str1.4
                0x00001e2c        0xc .\CortexM3\ARM_GCC_493\Debug\main.o
 .rodata        0x00001e38       0x58 .\CortexM3\ARM_GCC_493\Debug\Maaler.a(cyfitter_cfg.o)
                0x00001e38                AMux_1__addrTable
                0x00001e48                AMux_1__maskTable
                0x00001e4c                AMux_2__addrTable
                0x00001e5c                AMux_2__maskTable
 .rodata.str1.1
                0x00001e90        0x2 c:/program files (x86)/cypress/psoc creator/4.0/psoc creator/import/gnu/arm/4.9.3/bin/../lib/gcc/arm-none-eabi/4.9.3/../../../../arm-none-eabi/lib/armv7-m\libg_nano.a(lib_a-impure.o)
 *fill*         0x00001e92        0x2 
 .rodata._global_impure_ptr
                0x00001e94        0x4 c:/program files (x86)/cypress/psoc creator/4.0/psoc creator/import/gnu/arm/4.9.3/bin/../lib/gcc/arm-none-eabi/4.9.3/../../../../arm-none-eabi/lib/armv7-m\libg_nano.a(lib_a-impure.o)
                0x00001e94                _global_impure_ptr
 .rodata.__sf_fake_stdin
                0x00001e98       0x20 c:/program files (x86)/cypress/psoc creator/4.0/psoc creator/import/gnu/arm/4.9.3/bin/../lib/gcc/arm-none-eabi/4.9.3/../../../../arm-none-eabi/lib/armv7-m\libg_nano.a(lib_a-findfp.o)
                0x00001e98                __sf_fake_stdin
 .rodata.__sf_fake_stdout
                0x00001eb8       0x20 c:/program files (x86)/cypress/psoc creator/4.0/psoc creator/import/gnu/arm/4.9.3/bin/../lib/gcc/arm-none-eabi/4.9.3/../../../../arm-none-eabi/lib/armv7-m\libg_nano.a(lib_a-findfp.o)
                0x00001eb8                __sf_fake_stdout
 .rodata.__sf_fake_stderr
                0x00001ed8       0x20 c:/program files (x86)/cypress/psoc creator/4.0/psoc creator/import/gnu/arm/4.9.3/bin/../lib/gcc/arm-none-eabi/4.9.3/../../../../arm-none-eabi/lib/armv7-m\libg_nano.a(lib_a-findfp.o)
                0x00001ed8                __sf_fake_stderr
 .rodata.str1.1
                0x00001ef8       0x11 c:/program files (x86)/cypress/psoc creator/4.0/psoc creator/import/gnu/arm/4.9.3/bin/../lib/gcc/arm-none-eabi/4.9.3/../../../../arm-none-eabi/lib/armv7-m\libg_nano.a(lib_a-nano-vfprintf.o)
 .rodata.str1.1
                0x00001f09       0x22 c:/program files (x86)/cypress/psoc creator/4.0/psoc creator/import/gnu/arm/4.9.3/bin/../lib/gcc/arm-none-eabi/4.9.3/../../../../arm-none-eabi/lib/armv7-m\libg_nano.a(lib_a-nano-vfprintf_i.o)
                0x00001f2c                . = ALIGN (0x4)
 *fill*         0x00001f2b        0x1 
 *(.init)
 .init          0x00001f2c        0x4 c:/program files (x86)/cypress/psoc creator/4.0/psoc creator/import/gnu/arm/4.9.3/bin/../lib/gcc/arm-none-eabi/4.9.3/armv7-m/crti.o
                0x00001f2c                _init
 .init          0x00001f30        0x8 c:/program files (x86)/cypress/psoc creator/4.0/psoc creator/import/gnu/arm/4.9.3/bin/../lib/gcc/arm-none-eabi/4.9.3/armv7-m/crtn.o
                0x00001f38                . = ALIGN (0x4)
                0x00001f38                __preinit_array_start = .
 *(.preinit_array)
                0x00001f38                __preinit_array_end = .
                0x00001f38                . = ALIGN (0x4)
                0x00001f38                __init_array_start = .
 *(SORT(.init_array.*))
 *(.init_array)
 .init_array    0x00001f38        0x4 c:/program files (x86)/cypress/psoc creator/4.0/psoc creator/import/gnu/arm/4.9.3/bin/../lib/gcc/arm-none-eabi/4.9.3/armv7-m/crtbegin.o
 .init_array    0x00001f3c        0x4 .\CortexM3\ARM_GCC_493\Debug\Cm3Start.o
                0x00001f40                __init_array_end = .
                0x00001f40                . = ALIGN (0x4)
 *(.fini)
 .fini          0x00001f40        0x4 c:/program files (x86)/cypress/psoc creator/4.0/psoc creator/import/gnu/arm/4.9.3/bin/../lib/gcc/arm-none-eabi/4.9.3/armv7-m/crti.o
                0x00001f40                _fini
 .fini          0x00001f44        0x8 c:/program files (x86)/cypress/psoc creator/4.0/psoc creator/import/gnu/arm/4.9.3/bin/../lib/gcc/arm-none-eabi/4.9.3/armv7-m/crtn.o
                0x00001f4c                . = ALIGN (0x4)
                0x00001f4c                __fini_array_start = .
 *(.fini_array)
 .fini_array    0x00001f4c        0x4 c:/program files (x86)/cypress/psoc creator/4.0/psoc creator/import/gnu/arm/4.9.3/bin/../lib/gcc/arm-none-eabi/4.9.3/armv7-m/crtbegin.o
 *(SORT(.fini_array.*))
                0x00001f50                __fini_array_end = .
                0x00001f50                . = ALIGN (0x4)
 *crtbegin.o(.ctors)
 *(EXCLUDE_FILE(*crtend.o) .ctors)
 *(SORT(.ctors.*))
 *crtend.o(.ctors)
                0x00001f50                . = ALIGN (0x4)
 *crtbegin.o(.dtors)
 *(EXCLUDE_FILE(*crtend.o) .dtors)
 *(SORT(.dtors.*))
 *crtend.o(.dtors)
                0x00001f50                . = ALIGN (0x4)
                0x00001f50                __cy_regions = .
                0x00001f50        0x4 LONG 0x1f60 __cy_region_init_ram
                0x00001f54        0x4 LONG 0x1fff8108 __cy_region_start_data
                0x00001f58        0x4 LONG 0x88 __cy_region_init_size_ram
                0x00001f5c        0x4 LONG 0x48 __cy_region_zero_size_ram
                0x00001f60                __cy_regions_end = .
                0x00001f60                . = ALIGN (0x8)
                0x00001f60                _etext = .

.cy_checksum_exclude
                0x00001f60        0x0
 *(.cy_checksum_exclude)

.ramvectors     0x1fff8000      0x100
                0x1fff8000                __cy_region_start_ram = .
 *(.ramvectors)
 .ramvectors    0x1fff8000      0x100 .\CortexM3\ARM_GCC_493\Debug\Cm3Start.o
                0x1fff8000                CyRamVectors

.noinit         0x1fff8100        0x5
 *(.noinit)
 .noinit        0x1fff8100        0x4 .\CortexM3\ARM_GCC_493\Debug\Cm3Start.o
 .noinit        0x1fff8104        0x1 .\CortexM3\ARM_GCC_493\Debug\Maaler.a(CyLib.o)
                0x1fff8104                CyResetStatus

.data           0x1fff8108       0x88 load address 0x00001f60
                0x1fff8108                __cy_region_start_data = .
 *(.jcr)
 .jcr           0x1fff8108        0x0 c:/program files (x86)/cypress/psoc creator/4.0/psoc creator/import/gnu/arm/4.9.3/bin/../lib/gcc/arm-none-eabi/4.9.3/armv7-m/crtbegin.o
 .jcr           0x1fff8108        0x4 c:/program files (x86)/cypress/psoc creator/4.0/psoc creator/import/gnu/arm/4.9.3/bin/../lib/gcc/arm-none-eabi/4.9.3/armv7-m/crtend.o
 *(.got.plt)
 *(.got)
 *(.shdata)
 *(.data .data.* .gnu.linkonce.d.*)
 .data          0x1fff810c        0x4 .\CortexM3\ARM_GCC_493\Debug\Cm3Start.o
 .data          0x1fff8110        0x1 .\CortexM3\ARM_GCC_493\Debug\Maaler.a(ADC_DelSig_1.o)
                0x1fff8110                ADC_DelSig_1_Config
 *fill*         0x1fff8111        0x3 
 .data          0x1fff8114       0x10 .\CortexM3\ARM_GCC_493\Debug\Maaler.a(CyLib.o)
                0x1fff8114                cydelay_32k_ms
                0x1fff8118                cydelay_freq_khz
                0x1fff811c                cydelay_freq_mhz
                0x1fff8120                cydelay_freq_hz
 .data          0x1fff8124        0x1 .\CortexM3\ARM_GCC_493\Debug\Maaler.a(AMux_1.o)
 .data          0x1fff8125        0x1 .\CortexM3\ARM_GCC_493\Debug\Maaler.a(AMux_2.o)
 *fill*         0x1fff8126        0x2 
 .data.impure_data
                0x1fff8128       0x60 c:/program files (x86)/cypress/psoc creator/4.0/psoc creator/import/gnu/arm/4.9.3/bin/../lib/gcc/arm-none-eabi/4.9.3/../../../../arm-none-eabi/lib/armv7-m\libg_nano.a(lib_a-impure.o)
 .data._impure_ptr
                0x1fff8188        0x4 c:/program files (x86)/cypress/psoc creator/4.0/psoc creator/import/gnu/arm/4.9.3/bin/../lib/gcc/arm-none-eabi/4.9.3/../../../../arm-none-eabi/lib/armv7-m\libg_nano.a(lib_a-impure.o)
                0x1fff8188                _impure_ptr
                0x1fff8190                . = ALIGN (0x8)
 *fill*         0x1fff818c        0x4 
 *(.ram)
                0x1fff8190                _edata = .

.igot.plt       0x1fff8190        0x0 load address 0x00001fe8
 .igot.plt      0x00000000        0x0 c:/program files (x86)/cypress/psoc creator/4.0/psoc creator/import/gnu/arm/4.9.3/bin/../lib/gcc/arm-none-eabi/4.9.3/armv7-m/crtbegin.o

.bss            0x1fff8190       0x48 load address 0x00001fe8
                0x1fff8190                PROVIDE (__bss_start__, .)
 *(.shbss)
 *(.bss .bss.* .gnu.linkonce.b.*)
 .bss           0x1fff8190       0x1c c:/program files (x86)/cypress/psoc creator/4.0/psoc creator/import/gnu/arm/4.9.3/bin/../lib/gcc/arm-none-eabi/4.9.3/armv7-m/crtbegin.o
 .bss           0x1fff81ac       0x14 .\CortexM3\ARM_GCC_493\Debug\Maaler.a(ADC_DelSig_1.o)
                0x1fff81bc                ADC_DelSig_1_stopConversion
                0x1fff81bd                ADC_DelSig_1_convDone
                0x1fff81be                ADC_DelSig_1_initVar
                0x1fff81bf                ADC_DelSig_1_started
 .bss.__malloc_sbrk_start
                0x1fff81c0        0x4 c:/program files (x86)/cypress/psoc creator/4.0/psoc creator/import/gnu/arm/4.9.3/bin/../lib/gcc/arm-none-eabi/4.9.3/../../../../arm-none-eabi/lib/armv7-m\libg_nano.a(lib_a-nano-mallocr.o)
                0x1fff81c0                __malloc_sbrk_start
 .bss.__malloc_free_list
                0x1fff81c4        0x4 c:/program files (x86)/cypress/psoc creator/4.0/psoc creator/import/gnu/arm/4.9.3/bin/../lib/gcc/arm-none-eabi/4.9.3/../../../../arm-none-eabi/lib/armv7-m\libg_nano.a(lib_a-nano-mallocr.o)
                0x1fff81c4                __malloc_free_list
 *(COMMON)
 COMMON         0x1fff81c8        0x8 .\CortexM3\ARM_GCC_493\Debug\Maaler.a(ADC_DelSig_1.o)
                0x1fff81c8                ADC_DelSig_1_CountsPerVolt
                0x1fff81cc                ADC_DelSig_1_Offset
 COMMON         0x1fff81d0        0x4 c:/program files (x86)/cypress/psoc creator/4.0/psoc creator/import/gnu/arm/4.9.3/bin/../lib/gcc/arm-none-eabi/4.9.3/../../../../arm-none-eabi/lib/armv7-m\libg_nano.a(lib_a-reent.o)
                0x1fff81d0                errno
                0x1fff81d8                . = ALIGN (0x8)
 *fill*         0x1fff81d4        0x4 
 *(.ram.b)
                0x1fff81d8                _end = .
                0x1fff81d8                __end = .
                0x1fff81d8                PROVIDE (end, .)
                0x1fff81d8                PROVIDE (__bss_end__, .)
                0x00001f60                __cy_region_init_ram = LOADADDR (.data)
                0x00000088                __cy_region_init_size_ram = (_edata - ADDR (.data))
                0x00000048                __cy_region_zero_size_ram = (_end - _edata)

.heap           0x1fff81d8       0x80 load address 0x00001fe8
                0x1fff81d8                . = _end
                0x1fff8258                . = (. + 0x80)
 *fill*         0x1fff81d8       0x80 
                0x1fff8258                __cy_heap_limit = .

.stack          0x20007800      0x800
                0x20007800                __cy_stack_limit = .
                0x20008000                . = (. + 0x800)
 *fill*         0x20007800      0x800 
                0x00000001                ASSERT ((__cy_stack_limit >= __cy_heap_limit), region RAM overflowed with stack)
                0x00000000                cy_checksum_exclude_size = (CY_APPL_LOADABLE == 0x1)?SIZEOF (.cy_checksum_exclude):0x0
                0x00000001                ASSERT ((cy_checksum_exclude_size <= CY_CHECKSUM_EXCLUDE_SIZE), CY_BOOT: Section .cy_checksum_exclude size exceedes specified limit.)

.cyloadermeta
 *(.cyloadermeta)

.cyloadablemeta
 *(.cyloadablemeta)

.cyconfigecc    0x80000000       0x78
 *(.cyconfigecc)
 .cyconfigecc   0x80000000       0x78 .\CortexM3\ARM_GCC_493\Debug\cymetadata.o
                0x80000000                cy_meta_configecc

.cycustnvl      0x90000000        0x4
 *(.cycustnvl)
 .cycustnvl     0x90000000        0x4 .\CortexM3\ARM_GCC_493\Debug\cymetadata.o
                0x90000000                cy_meta_custnvl

.cywolatch      0x90100000        0x4
 *(.cywolatch)
 .cywolatch     0x90100000        0x4 .\CortexM3\ARM_GCC_493\Debug\cymetadata.o
                0x90100000                cy_meta_wonvl

.cyeeprom       0x90200000        0x0
 *(.cyeeprom)
                0x00000001                ASSERT ((. <= ((0x90200000 + ee_offset) + ee_size)), .cyeeprom data will not fit in EEPROM)

.cyflashprotect
                0x90400000      0x100
 *(.cyflashprotect)
 .cyflashprotect
                0x90400000      0x100 .\CortexM3\ARM_GCC_493\Debug\cymetadata.o
                0x90400000                cy_meta_flashprotect

.cymeta         0x90500000        0xc
 *(.cymeta)
 .cymeta        0x90500000        0xc .\CortexM3\ARM_GCC_493\Debug\cymetadata.o
                0x90500000                cy_metadata

.rel.dyn        0x00001fe8        0x0 load address 0x9050000c
 .rel.iplt      0x00000000        0x0 c:/program files (x86)/cypress/psoc creator/4.0/psoc creator/import/gnu/arm/4.9.3/bin/../lib/gcc/arm-none-eabi/4.9.3/armv7-m/crtbegin.o

.stab           0x00000000       0x9c
 *(.stab)
 .stab          0x00000000       0x24 c:/program files (x86)/cypress/psoc creator/4.0/psoc creator/import/gnu/arm/4.9.3/bin/../lib/gcc/arm-none-eabi/4.9.3/../../../../arm-none-eabi/lib/armv7-m\libnosys.a(close.o)
 .stab          0x00000024       0x18 c:/program files (x86)/cypress/psoc creator/4.0/psoc creator/import/gnu/arm/4.9.3/bin/../lib/gcc/arm-none-eabi/4.9.3/../../../../arm-none-eabi/lib/armv7-m\libnosys.a(fstat.o)
                                 0x24 (size before relaxing)
 .stab          0x0000003c       0x18 c:/program files (x86)/cypress/psoc creator/4.0/psoc creator/import/gnu/arm/4.9.3/bin/../lib/gcc/arm-none-eabi/4.9.3/../../../../arm-none-eabi/lib/armv7-m\libnosys.a(isatty.o)
                                 0x24 (size before relaxing)
 .stab          0x00000054       0x18 c:/program files (x86)/cypress/psoc creator/4.0/psoc creator/import/gnu/arm/4.9.3/bin/../lib/gcc/arm-none-eabi/4.9.3/../../../../arm-none-eabi/lib/armv7-m\libnosys.a(lseek.o)
                                 0x24 (size before relaxing)
 .stab          0x0000006c       0x18 c:/program files (x86)/cypress/psoc creator/4.0/psoc creator/import/gnu/arm/4.9.3/bin/../lib/gcc/arm-none-eabi/4.9.3/../../../../arm-none-eabi/lib/armv7-m\libnosys.a(read.o)
                                 0x24 (size before relaxing)
 .stab          0x00000084       0x18 c:/program files (x86)/cypress/psoc creator/4.0/psoc creator/import/gnu/arm/4.9.3/bin/../lib/gcc/arm-none-eabi/4.9.3/../../../../arm-none-eabi/lib/armv7-m\libnosys.a(write.o)
                                 0x24 (size before relaxing)

.stabstr        0x00000000      0x14d
 *(.stabstr)
 .stabstr       0x00000000      0x14d c:/program files (x86)/cypress/psoc creator/4.0/psoc creator/import/gnu/arm/4.9.3/bin/../lib/gcc/arm-none-eabi/4.9.3/../../../../arm-none-eabi/lib/armv7-m\libnosys.a(close.o)

.debug
 *(.debug)

.line
 *(.line)

.debug_srcinfo
 *(.debug_srcinfo)

.debug_sfnames
 *(.debug_sfnames)

.debug_aranges  0x00000000      0x7f0
 *(.debug_aranges)
 .debug_aranges
                0x00000000       0x20 .\CortexM3\ARM_GCC_493\Debug\main.o
 .debug_aranges
                0x00000020       0x18 .\CortexM3\ARM_GCC_493\Debug\cymetadata.o
 .debug_aranges
                0x00000038       0x48 .\CortexM3\ARM_GCC_493\Debug\Cm3Start.o
 .debug_aranges
                0x00000080       0x78 .\CortexM3\ARM_GCC_493\Debug\Maaler.a(cyfitter_cfg.o)
 .debug_aranges
                0x000000f8       0xe8 .\CortexM3\ARM_GCC_493\Debug\Maaler.a(ADC_DelSig_1.o)
 .debug_aranges
                0x000001e0       0x38 .\CortexM3\ARM_GCC_493\Debug\Maaler.a(ADC_DelSig_1_INT.o)
 .debug_aranges
                0x00000218       0x70 .\CortexM3\ARM_GCC_493\Debug\Maaler.a(ADC_DelSig_1_Ext_CP_Clk.o)
 .debug_aranges
                0x00000288       0x80 .\CortexM3\ARM_GCC_493\Debug\Maaler.a(ADC_DelSig_1_theACLK.o)
 .debug_aranges
                0x00000308      0x2a0 .\CortexM3\ARM_GCC_493\Debug\Maaler.a(CyLib.o)
 .debug_aranges
                0x000005a8       0x98 .\CortexM3\ARM_GCC_493\Debug\Maaler.a(cyPm.o)
 .debug_aranges
                0x00000640       0x38 .\CortexM3\ARM_GCC_493\Debug\Maaler.a(test.o)
 .debug_aranges
                0x00000678       0x30 .\CortexM3\ARM_GCC_493\Debug\Maaler.a(AMux_1.o)
 .debug_aranges
                0x000006a8       0x30 .\CortexM3\ARM_GCC_493\Debug\Maaler.a(AMux_2.o)
 .debug_aranges
                0x000006d8       0x20 .\CortexM3\ARM_GCC_493\Debug\Maaler.a(CyBootAsmGnu.o)
 .debug_aranges
                0x000006f8       0x80 .\CortexM3\ARM_GCC_493\Debug\Maaler.a(CyFlash.o)
 .debug_aranges
                0x00000778       0x78 .\CortexM3\ARM_GCC_493\Debug\Maaler.a(CySpc.o)

.debug_pubnames
 *(.debug_pubnames)

.debug_info     0x00000000     0x4d9a
 *(.debug_info .gnu.linkonce.wi.*)
 .debug_info    0x00000000      0x372 .\CortexM3\ARM_GCC_493\Debug\main.o
 .debug_info    0x00000372      0x13a .\CortexM3\ARM_GCC_493\Debug\cymetadata.o
 .debug_info    0x000004ac      0x3b3 .\CortexM3\ARM_GCC_493\Debug\Cm3Start.o
 .debug_info    0x0000085f      0x5e9 .\CortexM3\ARM_GCC_493\Debug\Maaler.a(cyfitter_cfg.o)
 .debug_info    0x00000e48      0xbe6 .\CortexM3\ARM_GCC_493\Debug\Maaler.a(ADC_DelSig_1.o)
 .debug_info    0x00001a2e       0xcc .\CortexM3\ARM_GCC_493\Debug\Maaler.a(ADC_DelSig_1_INT.o)
 .debug_info    0x00001afa      0x283 .\CortexM3\ARM_GCC_493\Debug\Maaler.a(ADC_DelSig_1_Ext_CP_Clk.o)
 .debug_info    0x00001d7d      0x2c4 .\CortexM3\ARM_GCC_493\Debug\Maaler.a(ADC_DelSig_1_theACLK.o)
 .debug_info    0x00002041     0x1385 .\CortexM3\ARM_GCC_493\Debug\Maaler.a(CyLib.o)
 .debug_info    0x000033c6      0xa57 .\CortexM3\ARM_GCC_493\Debug\Maaler.a(cyPm.o)
 .debug_info    0x00003e1d      0x121 .\CortexM3\ARM_GCC_493\Debug\Maaler.a(test.o)
 .debug_info    0x00003f3e      0x16d .\CortexM3\ARM_GCC_493\Debug\Maaler.a(AMux_1.o)
 .debug_info    0x000040ab      0x16d .\CortexM3\ARM_GCC_493\Debug\Maaler.a(AMux_2.o)
 .debug_info    0x00004218       0x90 .\CortexM3\ARM_GCC_493\Debug\Maaler.a(CyBootAsmGnu.o)
 .debug_info    0x000042a8      0x608 .\CortexM3\ARM_GCC_493\Debug\Maaler.a(CyFlash.o)
 .debug_info    0x000048b0      0x4ea .\CortexM3\ARM_GCC_493\Debug\Maaler.a(CySpc.o)

.debug_abbrev   0x00000000     0x1519
 *(.debug_abbrev)
 .debug_abbrev  0x00000000      0x180 .\CortexM3\ARM_GCC_493\Debug\main.o
 .debug_abbrev  0x00000180       0x5d .\CortexM3\ARM_GCC_493\Debug\cymetadata.o
 .debug_abbrev  0x000001dd      0x1f7 .\CortexM3\ARM_GCC_493\Debug\Cm3Start.o
 .debug_abbrev  0x000003d4      0x201 .\CortexM3\ARM_GCC_493\Debug\Maaler.a(cyfitter_cfg.o)
 .debug_abbrev  0x000005d5      0x23d .\CortexM3\ARM_GCC_493\Debug\Maaler.a(ADC_DelSig_1.o)
 .debug_abbrev  0x00000812       0x42 .\CortexM3\ARM_GCC_493\Debug\Maaler.a(ADC_DelSig_1_INT.o)
 .debug_abbrev  0x00000854      0x139 .\CortexM3\ARM_GCC_493\Debug\Maaler.a(ADC_DelSig_1_Ext_CP_Clk.o)
 .debug_abbrev  0x0000098d      0x121 .\CortexM3\ARM_GCC_493\Debug\Maaler.a(ADC_DelSig_1_theACLK.o)
 .debug_abbrev  0x00000aae      0x296 .\CortexM3\ARM_GCC_493\Debug\Maaler.a(CyLib.o)
 .debug_abbrev  0x00000d44      0x1ed .\CortexM3\ARM_GCC_493\Debug\Maaler.a(cyPm.o)
 .debug_abbrev  0x00000f31       0x90 .\CortexM3\ARM_GCC_493\Debug\Maaler.a(test.o)
 .debug_abbrev  0x00000fc1       0xcb .\CortexM3\ARM_GCC_493\Debug\Maaler.a(AMux_1.o)
 .debug_abbrev  0x0000108c       0xcb .\CortexM3\ARM_GCC_493\Debug\Maaler.a(AMux_2.o)
 .debug_abbrev  0x00001157       0x14 .\CortexM3\ARM_GCC_493\Debug\Maaler.a(CyBootAsmGnu.o)
 .debug_abbrev  0x0000116b      0x1ed .\CortexM3\ARM_GCC_493\Debug\Maaler.a(CyFlash.o)
 .debug_abbrev  0x00001358      0x1c1 .\CortexM3\ARM_GCC_493\Debug\Maaler.a(CySpc.o)

.debug_line     0x00000000     0x201e
 *(.debug_line)
 .debug_line    0x00000000      0x1d6 .\CortexM3\ARM_GCC_493\Debug\main.o
 .debug_line    0x000001d6       0x51 .\CortexM3\ARM_GCC_493\Debug\cymetadata.o
 .debug_line    0x00000227      0x24f .\CortexM3\ARM_GCC_493\Debug\Cm3Start.o
 .debug_line    0x00000476      0x23d .\CortexM3\ARM_GCC_493\Debug\Maaler.a(cyfitter_cfg.o)
 .debug_line    0x000006b3      0x3cb .\CortexM3\ARM_GCC_493\Debug\Maaler.a(ADC_DelSig_1.o)
 .debug_line    0x00000a7e       0x89 .\CortexM3\ARM_GCC_493\Debug\Maaler.a(ADC_DelSig_1_INT.o)
 .debug_line    0x00000b07      0x186 .\CortexM3\ARM_GCC_493\Debug\Maaler.a(ADC_DelSig_1_Ext_CP_Clk.o)
 .debug_line    0x00000c8d      0x1a6 .\CortexM3\ARM_GCC_493\Debug\Maaler.a(ADC_DelSig_1_theACLK.o)
 .debug_line    0x00000e33      0x816 .\CortexM3\ARM_GCC_493\Debug\Maaler.a(CyLib.o)
 .debug_line    0x00001649      0x364 .\CortexM3\ARM_GCC_493\Debug\Maaler.a(cyPm.o)
 .debug_line    0x000019ad       0x91 .\CortexM3\ARM_GCC_493\Debug\Maaler.a(test.o)
 .debug_line    0x00001a3e       0xaa .\CortexM3\ARM_GCC_493\Debug\Maaler.a(AMux_1.o)
 .debug_line    0x00001ae8       0xaa .\CortexM3\ARM_GCC_493\Debug\Maaler.a(AMux_2.o)
 .debug_line    0x00001b92       0x66 .\CortexM3\ARM_GCC_493\Debug\Maaler.a(CyBootAsmGnu.o)
 .debug_line    0x00001bf8      0x1ea .\CortexM3\ARM_GCC_493\Debug\Maaler.a(CyFlash.o)
 .debug_line    0x00001de2      0x23c .\CortexM3\ARM_GCC_493\Debug\Maaler.a(CySpc.o)

.debug_frame    0x00000000     0x1ce8
 *(.debug_frame)
 .debug_frame   0x00000000       0x40 .\CortexM3\ARM_GCC_493\Debug\main.o
 .debug_frame   0x00000040       0xb8 .\CortexM3\ARM_GCC_493\Debug\Cm3Start.o
 .debug_frame   0x000000f8      0x154 .\CortexM3\ARM_GCC_493\Debug\Maaler.a(cyfitter_cfg.o)
 .debug_frame   0x0000024c      0x284 .\CortexM3\ARM_GCC_493\Debug\Maaler.a(ADC_DelSig_1.o)
 .debug_frame   0x000004d0       0x50 .\CortexM3\ARM_GCC_493\Debug\Maaler.a(ADC_DelSig_1_INT.o)
 .debug_frame   0x00000520       0xe0 .\CortexM3\ARM_GCC_493\Debug\Maaler.a(ADC_DelSig_1_Ext_CP_Clk.o)
 .debug_frame   0x00000600      0x100 .\CortexM3\ARM_GCC_493\Debug\Maaler.a(ADC_DelSig_1_theACLK.o)
 .debug_frame   0x00000700      0x738 .\CortexM3\ARM_GCC_493\Debug\Maaler.a(CyLib.o)
 .debug_frame   0x00000e38      0x1f8 .\CortexM3\ARM_GCC_493\Debug\Maaler.a(cyPm.o)
 .debug_frame   0x00001030       0x50 .\CortexM3\ARM_GCC_493\Debug\Maaler.a(test.o)
 .debug_frame   0x00001080       0x64 .\CortexM3\ARM_GCC_493\Debug\Maaler.a(AMux_1.o)
 .debug_frame   0x000010e4       0x64 .\CortexM3\ARM_GCC_493\Debug\Maaler.a(AMux_2.o)
 .debug_frame   0x00001148      0x174 .\CortexM3\ARM_GCC_493\Debug\Maaler.a(CyFlash.o)
 .debug_frame   0x000012bc      0x160 .\CortexM3\ARM_GCC_493\Debug\Maaler.a(CySpc.o)
 .debug_frame   0x0000141c       0x20 c:/program files (x86)/cypress/psoc creator/4.0/psoc creator/import/gnu/arm/4.9.3/bin/../lib/gcc/arm-none-eabi/4.9.3/../../../../arm-none-eabi/lib/armv7-m\libg_nano.a(lib_a-errno.o)
 .debug_frame   0x0000143c       0x28 c:/program files (x86)/cypress/psoc creator/4.0/psoc creator/import/gnu/arm/4.9.3/bin/../lib/gcc/arm-none-eabi/4.9.3/../../../../arm-none-eabi/lib/armv7-m\libg_nano.a(lib_a-exit.o)
 .debug_frame   0x00001464       0x2c c:/program files (x86)/cypress/psoc creator/4.0/psoc creator/import/gnu/arm/4.9.3/bin/../lib/gcc/arm-none-eabi/4.9.3/../../../../arm-none-eabi/lib/armv7-m\libg_nano.a(lib_a-init.o)
 .debug_frame   0x00001490       0x28 c:/program files (x86)/cypress/psoc creator/4.0/psoc creator/import/gnu/arm/4.9.3/bin/../lib/gcc/arm-none-eabi/4.9.3/../../../../arm-none-eabi/lib/armv7-m\libg_nano.a(lib_a-memcpy.o)
 .debug_frame   0x000014b8       0x20 c:/program files (x86)/cypress/psoc creator/4.0/psoc creator/import/gnu/arm/4.9.3/bin/../lib/gcc/arm-none-eabi/4.9.3/../../../../arm-none-eabi/lib/armv7-m\libg_nano.a(lib_a-memset.o)
 .debug_frame   0x000014d8       0x74 c:/program files (x86)/cypress/psoc creator/4.0/psoc creator/import/gnu/arm/4.9.3/bin/../lib/gcc/arm-none-eabi/4.9.3/../../../../arm-none-eabi/lib/armv7-m\libg_nano.a(lib_a-printf.o)
 .debug_frame   0x0000154c      0x11c c:/program files (x86)/cypress/psoc creator/4.0/psoc creator/import/gnu/arm/4.9.3/bin/../lib/gcc/arm-none-eabi/4.9.3/../../../../arm-none-eabi/lib/armv7-m\libg_nano.a(lib_a-findfp.o)
 .debug_frame   0x00001668       0x54 c:/program files (x86)/cypress/psoc creator/4.0/psoc creator/import/gnu/arm/4.9.3/bin/../lib/gcc/arm-none-eabi/4.9.3/../../../../arm-none-eabi/lib/armv7-m\libg_nano.a(lib_a-fwalk.o)
 .debug_frame   0x000016bc       0x2c c:/program files (x86)/cypress/psoc creator/4.0/psoc creator/import/gnu/arm/4.9.3/bin/../lib/gcc/arm-none-eabi/4.9.3/../../../../arm-none-eabi/lib/armv7-m\libg_nano.a(lib_a-nano-mallocr.o)
 .debug_frame   0x000016e8       0xb8 c:/program files (x86)/cypress/psoc creator/4.0/psoc creator/import/gnu/arm/4.9.3/bin/../lib/gcc/arm-none-eabi/4.9.3/../../../../arm-none-eabi/lib/armv7-m\libg_nano.a(lib_a-nano-vfprintf.o)
 .debug_frame   0x000017a0       0x58 c:/program files (x86)/cypress/psoc creator/4.0/psoc creator/import/gnu/arm/4.9.3/bin/../lib/gcc/arm-none-eabi/4.9.3/../../../../arm-none-eabi/lib/armv7-m\libg_nano.a(lib_a-nano-vfprintf_i.o)
 .debug_frame   0x000017f8       0x2c c:/program files (x86)/cypress/psoc creator/4.0/psoc creator/import/gnu/arm/4.9.3/bin/../lib/gcc/arm-none-eabi/4.9.3/../../../../arm-none-eabi/lib/armv7-m\libg_nano.a(lib_a-sbrkr.o)
 .debug_frame   0x00001824       0x88 c:/program files (x86)/cypress/psoc creator/4.0/psoc creator/import/gnu/arm/4.9.3/bin/../lib/gcc/arm-none-eabi/4.9.3/../../../../arm-none-eabi/lib/armv7-m\libg_nano.a(lib_a-stdio.o)
 .debug_frame   0x000018ac       0x3c c:/program files (x86)/cypress/psoc creator/4.0/psoc creator/import/gnu/arm/4.9.3/bin/../lib/gcc/arm-none-eabi/4.9.3/../../../../arm-none-eabi/lib/armv7-m\libg_nano.a(lib_a-wbuf.o)
 .debug_frame   0x000018e8       0x2c c:/program files (x86)/cypress/psoc creator/4.0/psoc creator/import/gnu/arm/4.9.3/bin/../lib/gcc/arm-none-eabi/4.9.3/../../../../arm-none-eabi/lib/armv7-m\libg_nano.a(lib_a-writer.o)
 .debug_frame   0x00001914       0x2c c:/program files (x86)/cypress/psoc creator/4.0/psoc creator/import/gnu/arm/4.9.3/bin/../lib/gcc/arm-none-eabi/4.9.3/../../../../arm-none-eabi/lib/armv7-m\libg_nano.a(lib_a-wsetup.o)
 .debug_frame   0x00001940       0x2c c:/program files (x86)/cypress/psoc creator/4.0/psoc creator/import/gnu/arm/4.9.3/bin/../lib/gcc/arm-none-eabi/4.9.3/../../../../arm-none-eabi/lib/armv7-m\libg_nano.a(lib_a-closer.o)
 .debug_frame   0x0000196c       0x68 c:/program files (x86)/cypress/psoc creator/4.0/psoc creator/import/gnu/arm/4.9.3/bin/../lib/gcc/arm-none-eabi/4.9.3/../../../../arm-none-eabi/lib/armv7-m\libg_nano.a(lib_a-fflush.o)
 .debug_frame   0x000019d4       0x3c c:/program files (x86)/cypress/psoc creator/4.0/psoc creator/import/gnu/arm/4.9.3/bin/../lib/gcc/arm-none-eabi/4.9.3/../../../../arm-none-eabi/lib/armv7-m\libg_nano.a(lib_a-fvwrite.o)
 .debug_frame   0x00001a10       0x2c c:/program files (x86)/cypress/psoc creator/4.0/psoc creator/import/gnu/arm/4.9.3/bin/../lib/gcc/arm-none-eabi/4.9.3/../../../../arm-none-eabi/lib/armv7-m\libg_nano.a(lib_a-lseekr.o)
 .debug_frame   0x00001a3c       0x34 c:/program files (x86)/cypress/psoc creator/4.0/psoc creator/import/gnu/arm/4.9.3/bin/../lib/gcc/arm-none-eabi/4.9.3/../../../../arm-none-eabi/lib/armv7-m\libg_nano.a(lib_a-makebuf.o)
 .debug_frame   0x00001a70       0x28 c:/program files (x86)/cypress/psoc creator/4.0/psoc creator/import/gnu/arm/4.9.3/bin/../lib/gcc/arm-none-eabi/4.9.3/../../../../arm-none-eabi/lib/armv7-m\libg_nano.a(lib_a-memchr.o)
 .debug_frame   0x00001a98       0x28 c:/program files (x86)/cypress/psoc creator/4.0/psoc creator/import/gnu/arm/4.9.3/bin/../lib/gcc/arm-none-eabi/4.9.3/../../../../arm-none-eabi/lib/armv7-m\libg_nano.a(lib_a-memmove.o)
 .debug_frame   0x00001ac0       0x2c c:/program files (x86)/cypress/psoc creator/4.0/psoc creator/import/gnu/arm/4.9.3/bin/../lib/gcc/arm-none-eabi/4.9.3/../../../../arm-none-eabi/lib/armv7-m\libg_nano.a(lib_a-nano-freer.o)
 .debug_frame   0x00001aec       0x3c c:/program files (x86)/cypress/psoc creator/4.0/psoc creator/import/gnu/arm/4.9.3/bin/../lib/gcc/arm-none-eabi/4.9.3/../../../../arm-none-eabi/lib/armv7-m\libg_nano.a(lib_a-nano-reallocr.o)
 .debug_frame   0x00001b28       0x2c c:/program files (x86)/cypress/psoc creator/4.0/psoc creator/import/gnu/arm/4.9.3/bin/../lib/gcc/arm-none-eabi/4.9.3/../../../../arm-none-eabi/lib/armv7-m\libg_nano.a(lib_a-readr.o)
 .debug_frame   0x00001b54       0x5c c:/program files (x86)/cypress/psoc creator/4.0/psoc creator/import/gnu/arm/4.9.3/bin/../lib/gcc/arm-none-eabi/4.9.3/../../../../arm-none-eabi/lib/armv7-m\libg_nano.a(lib_a-reent.o)
 .debug_frame   0x00001bb0       0x2c c:/program files (x86)/cypress/psoc creator/4.0/psoc creator/import/gnu/arm/4.9.3/bin/../lib/gcc/arm-none-eabi/4.9.3/../../../../arm-none-eabi/lib/armv7-m\libg_nano.a(lib_a-fstatr.o)
 .debug_frame   0x00001bdc       0x2c c:/program files (x86)/cypress/psoc creator/4.0/psoc creator/import/gnu/arm/4.9.3/bin/../lib/gcc/arm-none-eabi/4.9.3/../../../../arm-none-eabi/lib/armv7-m\libg_nano.a(lib_a-isattyr.o)
 .debug_frame   0x00001c08       0x20 c:/program files (x86)/cypress/psoc creator/4.0/psoc creator/import/gnu/arm/4.9.3/bin/../lib/gcc/arm-none-eabi/4.9.3/../../../../arm-none-eabi/lib/armv7-m\libg_nano.a(lib_a-nano-msizer.o)
 .debug_frame   0x00001c28       0x20 c:/program files (x86)/cypress/psoc creator/4.0/psoc creator/import/gnu/arm/4.9.3/bin/../lib/gcc/arm-none-eabi/4.9.3/../../../../arm-none-eabi/lib/armv7-m\libnosys.a(close.o)
 .debug_frame   0x00001c48       0x20 c:/program files (x86)/cypress/psoc creator/4.0/psoc creator/import/gnu/arm/4.9.3/bin/../lib/gcc/arm-none-eabi/4.9.3/../../../../arm-none-eabi/lib/armv7-m\libnosys.a(fstat.o)
 .debug_frame   0x00001c68       0x20 c:/program files (x86)/cypress/psoc creator/4.0/psoc creator/import/gnu/arm/4.9.3/bin/../lib/gcc/arm-none-eabi/4.9.3/../../../../arm-none-eabi/lib/armv7-m\libnosys.a(isatty.o)
 .debug_frame   0x00001c88       0x20 c:/program files (x86)/cypress/psoc creator/4.0/psoc creator/import/gnu/arm/4.9.3/bin/../lib/gcc/arm-none-eabi/4.9.3/../../../../arm-none-eabi/lib/armv7-m\libnosys.a(lseek.o)
 .debug_frame   0x00001ca8       0x20 c:/program files (x86)/cypress/psoc creator/4.0/psoc creator/import/gnu/arm/4.9.3/bin/../lib/gcc/arm-none-eabi/4.9.3/../../../../arm-none-eabi/lib/armv7-m\libnosys.a(read.o)
 .debug_frame   0x00001cc8       0x20 c:/program files (x86)/cypress/psoc creator/4.0/psoc creator/import/gnu/arm/4.9.3/bin/../lib/gcc/arm-none-eabi/4.9.3/../../../../arm-none-eabi/lib/armv7-m\libnosys.a(write.o)

.debug_str      0x00000000     0x1d40
 *(.debug_str)
 .debug_str     0x00000000      0x269 .\CortexM3\ARM_GCC_493\Debug\main.o
                                0x2b6 (size before relaxing)
 .debug_str     0x00000269       0x75 .\CortexM3\ARM_GCC_493\Debug\cymetadata.o
                                0x1ea (size before relaxing)
 .debug_str     0x000002de      0x16a .\CortexM3\ARM_GCC_493\Debug\Cm3Start.o
                                0x2fe (size before relaxing)
 .debug_str     0x00000448      0x1d4 .\CortexM3\ARM_GCC_493\Debug\Maaler.a(cyfitter_cfg.o)
                                0x383 (size before relaxing)
 .debug_str     0x0000061c      0x4b5 .\CortexM3\ARM_GCC_493\Debug\Maaler.a(ADC_DelSig_1.o)
                                0x722 (size before relaxing)
 .debug_str     0x00000ad1       0x72 .\CortexM3\ARM_GCC_493\Debug\Maaler.a(ADC_DelSig_1_INT.o)
                                0x1e1 (size before relaxing)
 .debug_str     0x00000b43      0x1cd .\CortexM3\ARM_GCC_493\Debug\Maaler.a(ADC_DelSig_1_Ext_CP_Clk.o)
                                0x3ae (size before relaxing)
 .debug_str     0x00000d10      0x1bb .\CortexM3\ARM_GCC_493\Debug\Maaler.a(ADC_DelSig_1_theACLK.o)
                                0x3df (size before relaxing)
 .debug_str     0x00000ecb      0x7f7 .\CortexM3\ARM_GCC_493\Debug\Maaler.a(CyLib.o)
                                0xa3b (size before relaxing)
 .debug_str     0x000016c2      0x359 .\CortexM3\ARM_GCC_493\Debug\Maaler.a(cyPm.o)
                                0x71b (size before relaxing)
 .debug_str     0x00001a1b       0x56 .\CortexM3\ARM_GCC_493\Debug\Maaler.a(test.o)
                                0x1dd (size before relaxing)
 .debug_str     0x00001a71       0x46 .\CortexM3\ARM_GCC_493\Debug\Maaler.a(AMux_1.o)
                                0x1f1 (size before relaxing)
 .debug_str     0x00001ab7       0x41 .\CortexM3\ARM_GCC_493\Debug\Maaler.a(AMux_2.o)
                                0x1f1 (size before relaxing)
 .debug_str     0x00001af8      0x19c .\CortexM3\ARM_GCC_493\Debug\Maaler.a(CyFlash.o)
                                0x395 (size before relaxing)
 .debug_str     0x00001c94       0xac .\CortexM3\ARM_GCC_493\Debug\Maaler.a(CySpc.o)
                                0x31e (size before relaxing)

.debug_loc      0x00000000     0x232b
 *(.debug_loc)
 .debug_loc     0x00000000       0xb2 .\CortexM3\ARM_GCC_493\Debug\main.o
 .debug_loc     0x000000b2      0x144 .\CortexM3\ARM_GCC_493\Debug\Cm3Start.o
 .debug_loc     0x000001f6      0x1d7 .\CortexM3\ARM_GCC_493\Debug\Maaler.a(cyfitter_cfg.o)
 .debug_loc     0x000003cd      0x676 .\CortexM3\ARM_GCC_493\Debug\Maaler.a(ADC_DelSig_1.o)
 .debug_loc     0x00000a43      0x12c .\CortexM3\ARM_GCC_493\Debug\Maaler.a(ADC_DelSig_1_Ext_CP_Clk.o)
 .debug_loc     0x00000b6f      0x14d .\CortexM3\ARM_GCC_493\Debug\Maaler.a(ADC_DelSig_1_theACLK.o)
 .debug_loc     0x00000cbc      0xa11 .\CortexM3\ARM_GCC_493\Debug\Maaler.a(CyLib.o)
 .debug_loc     0x000016cd      0x1e4 .\CortexM3\ARM_GCC_493\Debug\Maaler.a(cyPm.o)
 .debug_loc     0x000018b1       0x55 .\CortexM3\ARM_GCC_493\Debug\Maaler.a(test.o)
 .debug_loc     0x00001906       0x6c .\CortexM3\ARM_GCC_493\Debug\Maaler.a(AMux_1.o)
 .debug_loc     0x00001972       0x6c .\CortexM3\ARM_GCC_493\Debug\Maaler.a(AMux_2.o)
 .debug_loc     0x000019de      0x300 .\CortexM3\ARM_GCC_493\Debug\Maaler.a(CyFlash.o)
 .debug_loc     0x00001cde      0x64d .\CortexM3\ARM_GCC_493\Debug\Maaler.a(CySpc.o)

.debug_macinfo
 *(.debug_macinfo)

.debug_ranges   0x00000000      0x6d8
 *(.debug_ranges)
 .debug_ranges  0x00000000       0x10 .\CortexM3\ARM_GCC_493\Debug\main.o
 .debug_ranges  0x00000010       0x38 .\CortexM3\ARM_GCC_493\Debug\Cm3Start.o
 .debug_ranges  0x00000048       0x68 .\CortexM3\ARM_GCC_493\Debug\Maaler.a(cyfitter_cfg.o)
 .debug_ranges  0x000000b0       0xd8 .\CortexM3\ARM_GCC_493\Debug\Maaler.a(ADC_DelSig_1.o)
 .debug_ranges  0x00000188       0x28 .\CortexM3\ARM_GCC_493\Debug\Maaler.a(ADC_DelSig_1_INT.o)
 .debug_ranges  0x000001b0       0x60 .\CortexM3\ARM_GCC_493\Debug\Maaler.a(ADC_DelSig_1_Ext_CP_Clk.o)
 .debug_ranges  0x00000210       0x70 .\CortexM3\ARM_GCC_493\Debug\Maaler.a(ADC_DelSig_1_theACLK.o)
 .debug_ranges  0x00000280      0x290 .\CortexM3\ARM_GCC_493\Debug\Maaler.a(CyLib.o)
 .debug_ranges  0x00000510       0x88 .\CortexM3\ARM_GCC_493\Debug\Maaler.a(cyPm.o)
 .debug_ranges  0x00000598       0x28 .\CortexM3\ARM_GCC_493\Debug\Maaler.a(test.o)
 .debug_ranges  0x000005c0       0x20 .\CortexM3\ARM_GCC_493\Debug\Maaler.a(AMux_1.o)
 .debug_ranges  0x000005e0       0x20 .\CortexM3\ARM_GCC_493\Debug\Maaler.a(AMux_2.o)
 .debug_ranges  0x00000600       0x70 .\CortexM3\ARM_GCC_493\Debug\Maaler.a(CyFlash.o)
 .debug_ranges  0x00000670       0x68 .\CortexM3\ARM_GCC_493\Debug\Maaler.a(CySpc.o)

.comment        0x00000000       0x70
 .comment       0x00000000       0x70 .\CortexM3\ARM_GCC_493\Debug\main.o
                                 0x71 (size before relaxing)
 .comment       0x00000000       0x71 .\CortexM3\ARM_GCC_493\Debug\cymetadata.o
 .comment       0x00000000       0x71 .\CortexM3\ARM_GCC_493\Debug\Cm3Start.o
 .comment       0x00000000       0x71 .\CortexM3\ARM_GCC_493\Debug\Maaler.a(cyfitter_cfg.o)
 .comment       0x00000000       0x71 .\CortexM3\ARM_GCC_493\Debug\Maaler.a(ADC_DelSig_1.o)
 .comment       0x00000000       0x71 .\CortexM3\ARM_GCC_493\Debug\Maaler.a(ADC_DelSig_1_INT.o)
 .comment       0x00000000       0x71 .\CortexM3\ARM_GCC_493\Debug\Maaler.a(ADC_DelSig_1_Ext_CP_Clk.o)
 .comment       0x00000000       0x71 .\CortexM3\ARM_GCC_493\Debug\Maaler.a(ADC_DelSig_1_theACLK.o)
 .comment       0x00000000       0x71 .\CortexM3\ARM_GCC_493\Debug\Maaler.a(CyLib.o)
 .comment       0x00000000       0x71 .\CortexM3\ARM_GCC_493\Debug\Maaler.a(cyPm.o)
 .comment       0x00000000       0x71 .\CortexM3\ARM_GCC_493\Debug\Maaler.a(test.o)
 .comment       0x00000000       0x71 .\CortexM3\ARM_GCC_493\Debug\Maaler.a(AMux_1.o)
 .comment       0x00000000       0x71 .\CortexM3\ARM_GCC_493\Debug\Maaler.a(AMux_2.o)
 .comment       0x00000000       0x71 .\CortexM3\ARM_GCC_493\Debug\Maaler.a(CyFlash.o)
 .comment       0x00000000       0x71 .\CortexM3\ARM_GCC_493\Debug\Maaler.a(CySpc.o)

.debug_weaknames
 *(.debug_weaknames)

.debug_funcnames
 *(.debug_funcnames)

.debug_typenames
 *(.debug_typenames)

.debug_varnames
 *(.debug_varnames)

.note.gnu.arm.ident
 *(.note.gnu.arm.ident)

.ARM.attributes
                0x00000000       0x29
 *(.ARM.attributes)
 .ARM.attributes
                0x00000000       0x1d c:/program files (x86)/cypress/psoc creator/4.0/psoc creator/import/gnu/arm/4.9.3/bin/../lib/gcc/arm-none-eabi/4.9.3/armv7-m/crti.o
 .ARM.attributes
                0x0000001d       0x2d c:/program files (x86)/cypress/psoc creator/4.0/psoc creator/import/gnu/arm/4.9.3/bin/../lib/gcc/arm-none-eabi/4.9.3/armv7-m/crtbegin.o
 .ARM.attributes
                0x0000004a       0x1b c:/program files (x86)/cypress/psoc creator/4.0/psoc creator/import/gnu/arm/4.9.3/bin/../lib/gcc/arm-none-eabi/4.9.3/../../../../arm-none-eabi/lib/armv7-m/crt0.o
 .ARM.attributes
                0x00000065       0x33 .\CortexM3\ARM_GCC_493\Debug\main.o
 .ARM.attributes
                0x00000098       0x33 .\CortexM3\ARM_GCC_493\Debug\cymetadata.o
 .ARM.attributes
                0x000000cb       0x33 .\CortexM3\ARM_GCC_493\Debug\Cm3Start.o
 .ARM.attributes
                0x000000fe       0x33 .\CortexM3\ARM_GCC_493\Debug\Maaler.a(cyfitter_cfg.o)
 .ARM.attributes
                0x00000131       0x33 .\CortexM3\ARM_GCC_493\Debug\Maaler.a(ADC_DelSig_1.o)
 .ARM.attributes
                0x00000164       0x33 .\CortexM3\ARM_GCC_493\Debug\Maaler.a(ADC_DelSig_1_INT.o)
 .ARM.attributes
                0x00000197       0x33 .\CortexM3\ARM_GCC_493\Debug\Maaler.a(ADC_DelSig_1_Ext_CP_Clk.o)
 .ARM.attributes
                0x000001ca       0x33 .\CortexM3\ARM_GCC_493\Debug\Maaler.a(ADC_DelSig_1_theACLK.o)
 .ARM.attributes
                0x000001fd       0x33 .\CortexM3\ARM_GCC_493\Debug\Maaler.a(CyLib.o)
 .ARM.attributes
                0x00000230       0x33 .\CortexM3\ARM_GCC_493\Debug\Maaler.a(cyPm.o)
 .ARM.attributes
                0x00000263       0x33 .\CortexM3\ARM_GCC_493\Debug\Maaler.a(test.o)
 .ARM.attributes
                0x00000296       0x33 .\CortexM3\ARM_GCC_493\Debug\Maaler.a(AMux_1.o)
 .ARM.attributes
                0x000002c9       0x33 .\CortexM3\ARM_GCC_493\Debug\Maaler.a(AMux_2.o)
 .ARM.attributes
                0x000002fc       0x21 .\CortexM3\ARM_GCC_493\Debug\Maaler.a(CyBootAsmGnu.o)
 .ARM.attributes
                0x0000031d       0x33 .\CortexM3\ARM_GCC_493\Debug\Maaler.a(CyFlash.o)
 .ARM.attributes
                0x00000350       0x33 .\CortexM3\ARM_GCC_493\Debug\Maaler.a(CySpc.o)
 .ARM.attributes
                0x00000383       0x1d c:/program files (x86)/cypress/psoc creator/4.0/psoc creator/import/gnu/arm/4.9.3/bin/../lib/gcc/arm-none-eabi/4.9.3/armv7-m\libgcc.a(_arm_addsubdf3.o)
 .ARM.attributes
                0x000003a0       0x1d c:/program files (x86)/cypress/psoc creator/4.0/psoc creator/import/gnu/arm/4.9.3/bin/../lib/gcc/arm-none-eabi/4.9.3/armv7-m\libgcc.a(_arm_cmpdf2.o)
 .ARM.attributes
                0x000003bd       0x1d c:/program files (x86)/cypress/psoc creator/4.0/psoc creator/import/gnu/arm/4.9.3/bin/../lib/gcc/arm-none-eabi/4.9.3/armv7-m\libgcc.a(_arm_addsubsf3.o)
 .ARM.attributes
                0x000003da       0x1d c:/program files (x86)/cypress/psoc creator/4.0/psoc creator/import/gnu/arm/4.9.3/bin/../lib/gcc/arm-none-eabi/4.9.3/armv7-m\libgcc.a(_arm_muldivsf3.o)
 .ARM.attributes
                0x000003f7       0x1d c:/program files (x86)/cypress/psoc creator/4.0/psoc creator/import/gnu/arm/4.9.3/bin/../lib/gcc/arm-none-eabi/4.9.3/armv7-m\libgcc.a(_arm_fixunssfsi.o)
 .ARM.attributes
                0x00000414       0x2d c:/program files (x86)/cypress/psoc creator/4.0/psoc creator/import/gnu/arm/4.9.3/bin/../lib/gcc/arm-none-eabi/4.9.3/../../../../arm-none-eabi/lib/armv7-m\libg_nano.a(lib_a-errno.o)
 .ARM.attributes
                0x00000441       0x2d c:/program files (x86)/cypress/psoc creator/4.0/psoc creator/import/gnu/arm/4.9.3/bin/../lib/gcc/arm-none-eabi/4.9.3/../../../../arm-none-eabi/lib/armv7-m\libg_nano.a(lib_a-exit.o)
 .ARM.attributes
                0x0000046e       0x2d c:/program files (x86)/cypress/psoc creator/4.0/psoc creator/import/gnu/arm/4.9.3/bin/../lib/gcc/arm-none-eabi/4.9.3/../../../../arm-none-eabi/lib/armv7-m\libg_nano.a(lib_a-impure.o)
 .ARM.attributes
                0x0000049b       0x2d c:/program files (x86)/cypress/psoc creator/4.0/psoc creator/import/gnu/arm/4.9.3/bin/../lib/gcc/arm-none-eabi/4.9.3/../../../../arm-none-eabi/lib/armv7-m\libg_nano.a(lib_a-init.o)
 .ARM.attributes
                0x000004c8       0x2d c:/program files (x86)/cypress/psoc creator/4.0/psoc creator/import/gnu/arm/4.9.3/bin/../lib/gcc/arm-none-eabi/4.9.3/../../../../arm-none-eabi/lib/armv7-m\libg_nano.a(lib_a-memcpy.o)
 .ARM.attributes
                0x000004f5       0x2d c:/program files (x86)/cypress/psoc creator/4.0/psoc creator/import/gnu/arm/4.9.3/bin/../lib/gcc/arm-none-eabi/4.9.3/../../../../arm-none-eabi/lib/armv7-m\libg_nano.a(lib_a-memset.o)
 .ARM.attributes
                0x00000522       0x2d c:/program files (x86)/cypress/psoc creator/4.0/psoc creator/import/gnu/arm/4.9.3/bin/../lib/gcc/arm-none-eabi/4.9.3/../../../../arm-none-eabi/lib/armv7-m\libg_nano.a(lib_a-printf.o)
 .ARM.attributes
                0x0000054f       0x2d c:/program files (x86)/cypress/psoc creator/4.0/psoc creator/import/gnu/arm/4.9.3/bin/../lib/gcc/arm-none-eabi/4.9.3/../../../../arm-none-eabi/lib/armv7-m\libg_nano.a(lib_a-findfp.o)
 .ARM.attributes
                0x0000057c       0x2d c:/program files (x86)/cypress/psoc creator/4.0/psoc creator/import/gnu/arm/4.9.3/bin/../lib/gcc/arm-none-eabi/4.9.3/../../../../arm-none-eabi/lib/armv7-m\libg_nano.a(lib_a-fwalk.o)
 .ARM.attributes
                0x000005a9       0x2d c:/program files (x86)/cypress/psoc creator/4.0/psoc creator/import/gnu/arm/4.9.3/bin/../lib/gcc/arm-none-eabi/4.9.3/../../../../arm-none-eabi/lib/armv7-m\libg_nano.a(lib_a-nano-mallocr.o)
 .ARM.attributes
                0x000005d6       0x2d c:/program files (x86)/cypress/psoc creator/4.0/psoc creator/import/gnu/arm/4.9.3/bin/../lib/gcc/arm-none-eabi/4.9.3/../../../../arm-none-eabi/lib/armv7-m\libg_nano.a(lib_a-nano-vfprintf.o)
 .ARM.attributes
                0x00000603       0x2d c:/program files (x86)/cypress/psoc creator/4.0/psoc creator/import/gnu/arm/4.9.3/bin/../lib/gcc/arm-none-eabi/4.9.3/../../../../arm-none-eabi/lib/armv7-m\libg_nano.a(lib_a-nano-vfprintf_i.o)
 .ARM.attributes
                0x00000630       0x2d c:/program files (x86)/cypress/psoc creator/4.0/psoc creator/import/gnu/arm/4.9.3/bin/../lib/gcc/arm-none-eabi/4.9.3/../../../../arm-none-eabi/lib/armv7-m\libg_nano.a(lib_a-sbrkr.o)
 .ARM.attributes
                0x0000065d       0x2d c:/program files (x86)/cypress/psoc creator/4.0/psoc creator/import/gnu/arm/4.9.3/bin/../lib/gcc/arm-none-eabi/4.9.3/../../../../arm-none-eabi/lib/armv7-m\libg_nano.a(lib_a-stdio.o)
 .ARM.attributes
                0x0000068a       0x2d c:/program files (x86)/cypress/psoc creator/4.0/psoc creator/import/gnu/arm/4.9.3/bin/../lib/gcc/arm-none-eabi/4.9.3/../../../../arm-none-eabi/lib/armv7-m\libg_nano.a(lib_a-wbuf.o)
 .ARM.attributes
                0x000006b7       0x2d c:/program files (x86)/cypress/psoc creator/4.0/psoc creator/import/gnu/arm/4.9.3/bin/../lib/gcc/arm-none-eabi/4.9.3/../../../../arm-none-eabi/lib/armv7-m\libg_nano.a(lib_a-writer.o)
 .ARM.attributes
                0x000006e4       0x2d c:/program files (x86)/cypress/psoc creator/4.0/psoc creator/import/gnu/arm/4.9.3/bin/../lib/gcc/arm-none-eabi/4.9.3/../../../../arm-none-eabi/lib/armv7-m\libg_nano.a(lib_a-wsetup.o)
 .ARM.attributes
                0x00000711       0x2d c:/program files (x86)/cypress/psoc creator/4.0/psoc creator/import/gnu/arm/4.9.3/bin/../lib/gcc/arm-none-eabi/4.9.3/../../../../arm-none-eabi/lib/armv7-m\libg_nano.a(lib_a-closer.o)
 .ARM.attributes
                0x0000073e       0x2d c:/program files (x86)/cypress/psoc creator/4.0/psoc creator/import/gnu/arm/4.9.3/bin/../lib/gcc/arm-none-eabi/4.9.3/../../../../arm-none-eabi/lib/armv7-m\libg_nano.a(lib_a-fflush.o)
 .ARM.attributes
                0x0000076b       0x2d c:/program files (x86)/cypress/psoc creator/4.0/psoc creator/import/gnu/arm/4.9.3/bin/../lib/gcc/arm-none-eabi/4.9.3/../../../../arm-none-eabi/lib/armv7-m\libg_nano.a(lib_a-fvwrite.o)
 .ARM.attributes
                0x00000798       0x2d c:/program files (x86)/cypress/psoc creator/4.0/psoc creator/import/gnu/arm/4.9.3/bin/../lib/gcc/arm-none-eabi/4.9.3/../../../../arm-none-eabi/lib/armv7-m\libg_nano.a(lib_a-lseekr.o)
 .ARM.attributes
                0x000007c5       0x2d c:/program files (x86)/cypress/psoc creator/4.0/psoc creator/import/gnu/arm/4.9.3/bin/../lib/gcc/arm-none-eabi/4.9.3/../../../../arm-none-eabi/lib/armv7-m\libg_nano.a(lib_a-makebuf.o)
 .ARM.attributes
                0x000007f2       0x2d c:/program files (x86)/cypress/psoc creator/4.0/psoc creator/import/gnu/arm/4.9.3/bin/../lib/gcc/arm-none-eabi/4.9.3/../../../../arm-none-eabi/lib/armv7-m\libg_nano.a(lib_a-memchr.o)
 .ARM.attributes
                0x0000081f       0x2d c:/program files (x86)/cypress/psoc creator/4.0/psoc creator/import/gnu/arm/4.9.3/bin/../lib/gcc/arm-none-eabi/4.9.3/../../../../arm-none-eabi/lib/armv7-m\libg_nano.a(lib_a-memmove.o)
 .ARM.attributes
                0x0000084c       0x2d c:/program files (x86)/cypress/psoc creator/4.0/psoc creator/import/gnu/arm/4.9.3/bin/../lib/gcc/arm-none-eabi/4.9.3/../../../../arm-none-eabi/lib/armv7-m\libg_nano.a(lib_a-nano-freer.o)
 .ARM.attributes
                0x00000879       0x2d c:/program files (x86)/cypress/psoc creator/4.0/psoc creator/import/gnu/arm/4.9.3/bin/../lib/gcc/arm-none-eabi/4.9.3/../../../../arm-none-eabi/lib/armv7-m\libg_nano.a(lib_a-nano-reallocr.o)
 .ARM.attributes
                0x000008a6       0x2d c:/program files (x86)/cypress/psoc creator/4.0/psoc creator/import/gnu/arm/4.9.3/bin/../lib/gcc/arm-none-eabi/4.9.3/../../../../arm-none-eabi/lib/armv7-m\libg_nano.a(lib_a-readr.o)
 .ARM.attributes
                0x000008d3       0x2d c:/program files (x86)/cypress/psoc creator/4.0/psoc creator/import/gnu/arm/4.9.3/bin/../lib/gcc/arm-none-eabi/4.9.3/../../../../arm-none-eabi/lib/armv7-m\libg_nano.a(lib_a-reent.o)
 .ARM.attributes
                0x00000900       0x2d c:/program files (x86)/cypress/psoc creator/4.0/psoc creator/import/gnu/arm/4.9.3/bin/../lib/gcc/arm-none-eabi/4.9.3/../../../../arm-none-eabi/lib/armv7-m\libg_nano.a(lib_a-fstatr.o)
 .ARM.attributes
                0x0000092d       0x2d c:/program files (x86)/cypress/psoc creator/4.0/psoc creator/import/gnu/arm/4.9.3/bin/../lib/gcc/arm-none-eabi/4.9.3/../../../../arm-none-eabi/lib/armv7-m\libg_nano.a(lib_a-isattyr.o)
 .ARM.attributes
                0x0000095a       0x2d c:/program files (x86)/cypress/psoc creator/4.0/psoc creator/import/gnu/arm/4.9.3/bin/../lib/gcc/arm-none-eabi/4.9.3/../../../../arm-none-eabi/lib/armv7-m\libg_nano.a(lib_a-nano-msizer.o)
 .ARM.attributes
                0x00000987       0x2d c:/program files (x86)/cypress/psoc creator/4.0/psoc creator/import/gnu/arm/4.9.3/bin/../lib/gcc/arm-none-eabi/4.9.3/armv7-m/crtend.o
 .ARM.attributes
                0x000009b4       0x1d c:/program files (x86)/cypress/psoc creator/4.0/psoc creator/import/gnu/arm/4.9.3/bin/../lib/gcc/arm-none-eabi/4.9.3/armv7-m/crtn.o
 .ARM.attributes
                0x000009d1       0x2d c:/program files (x86)/cypress/psoc creator/4.0/psoc creator/import/gnu/arm/4.9.3/bin/../lib/gcc/arm-none-eabi/4.9.3/../../../../arm-none-eabi/lib/armv7-m\libnosys.a(close.o)
 .ARM.attributes
                0x000009fe       0x2d c:/program files (x86)/cypress/psoc creator/4.0/psoc creator/import/gnu/arm/4.9.3/bin/../lib/gcc/arm-none-eabi/4.9.3/../../../../arm-none-eabi/lib/armv7-m\libnosys.a(fstat.o)
 .ARM.attributes
                0x00000a2b       0x2d c:/program files (x86)/cypress/psoc creator/4.0/psoc creator/import/gnu/arm/4.9.3/bin/../lib/gcc/arm-none-eabi/4.9.3/../../../../arm-none-eabi/lib/armv7-m\libnosys.a(isatty.o)
 .ARM.attributes
                0x00000a58       0x2d c:/program files (x86)/cypress/psoc creator/4.0/psoc creator/import/gnu/arm/4.9.3/bin/../lib/gcc/arm-none-eabi/4.9.3/../../../../arm-none-eabi/lib/armv7-m\libnosys.a(lseek.o)
 .ARM.attributes
                0x00000a85       0x2d c:/program files (x86)/cypress/psoc creator/4.0/psoc creator/import/gnu/arm/4.9.3/bin/../lib/gcc/arm-none-eabi/4.9.3/../../../../arm-none-eabi/lib/armv7-m\libnosys.a(read.o)
 .ARM.attributes
                0x00000ab2       0x2d c:/program files (x86)/cypress/psoc creator/4.0/psoc creator/import/gnu/arm/4.9.3/bin/../lib/gcc/arm-none-eabi/4.9.3/../../../../arm-none-eabi/lib/armv7-m\libnosys.a(write.o)

/DISCARD/
 *(.note.GNU-stack)
OUTPUT(.\CortexM3\ARM_GCC_493\Debug\Maaler.elf elf32-littlearm)
