Archive member included because of file (symbol)

.\CortexM3\ARM_GCC_493\Debug\Maaler.a(cyfitter_cfg.o)
                              .\CortexM3\ARM_GCC_493\Debug\Cm3Start.o (cyfitter_cfg)
.\CortexM3\ARM_GCC_493\Debug\Maaler.a(ADC_DelSig_1.o)
                              .\CortexM3\ARM_GCC_493\Debug\main.o (ADC_DelSig_1_Start)
.\CortexM3\ARM_GCC_493\Debug\Maaler.a(ADC_DelSig_1_INT.o)
                              .\CortexM3\ARM_GCC_493\Debug\Maaler.a(ADC_DelSig_1.o) (ADC_DelSig_1_ISR1)
.\CortexM3\ARM_GCC_493\Debug\Maaler.a(ADC_DelSig_1_Ext_CP_Clk.o)
                              .\CortexM3\ARM_GCC_493\Debug\Maaler.a(ADC_DelSig_1.o) (ADC_DelSig_1_Ext_CP_Clk_SetDividerRegister)
.\CortexM3\ARM_GCC_493\Debug\Maaler.a(ADC_DelSig_1_theACLK.o)
                              .\CortexM3\ARM_GCC_493\Debug\Maaler.a(ADC_DelSig_1.o) (ADC_DelSig_1_theACLK_SetDividerRegister)
.\CortexM3\ARM_GCC_493\Debug\Maaler.a(CyLib.o)
                              .\CortexM3\ARM_GCC_493\Debug\Cm3Start.o (CyResetStatus)
.\CortexM3\ARM_GCC_493\Debug\Maaler.a(cyPm.o)
                              .\CortexM3\ARM_GCC_493\Debug\Maaler.a(CyLib.o) (CyPmReadStatus)
.\CortexM3\ARM_GCC_493\Debug\Maaler.a(test.o)
                              .\CortexM3\ARM_GCC_493\Debug\sample.o (test_Write)
.\CortexM3\ARM_GCC_493\Debug\Maaler.a(AMux_1.o)
                              .\CortexM3\ARM_GCC_493\Debug\main.o (AMux_1_Start)
.\CortexM3\ARM_GCC_493\Debug\Maaler.a(AMux_2.o)
                              .\CortexM3\ARM_GCC_493\Debug\main.o (AMux_2_Start)
.\CortexM3\ARM_GCC_493\Debug\Maaler.a(CyBootAsmGnu.o)
                              .\CortexM3\ARM_GCC_493\Debug\Maaler.a(cyfitter_cfg.o) (CyDelayCycles)
.\CortexM3\ARM_GCC_493\Debug\Maaler.a(CyFlash.o)
                              .\CortexM3\ARM_GCC_493\Debug\Maaler.a(cyPm.o) (CyFlash_SetWaitCycles)
.\CortexM3\ARM_GCC_493\Debug\Maaler.a(CySpc.o)
                              .\CortexM3\ARM_GCC_493\Debug\Maaler.a(CyFlash.o) (CySpcStart)
c:/program files (x86)/cypress/psoc creator/4.0/psoc creator/import/gnu/arm/4.9.3/bin/../lib/gcc/arm-none-eabi/4.9.3/armv7-m\libgcc.a(_arm_addsubdf3.o)
                              .\CortexM3\ARM_GCC_493\Debug\Maaler.a(ADC_DelSig_1.o) (__aeabi_f2d)
c:/program files (x86)/cypress/psoc creator/4.0/psoc creator/import/gnu/arm/4.9.3/bin/../lib/gcc/arm-none-eabi/4.9.3/armv7-m\libgcc.a(_arm_cmpdf2.o)
                              .\CortexM3\ARM_GCC_493\Debug\Maaler.a(ADC_DelSig_1.o) (__aeabi_dcmpgt)
c:/program files (x86)/cypress/psoc creator/4.0/psoc creator/import/gnu/arm/4.9.3/bin/../lib/gcc/arm-none-eabi/4.9.3/armv7-m\libgcc.a(_arm_addsubsf3.o)
                              .\CortexM3\ARM_GCC_493\Debug\Maaler.a(ADC_DelSig_1.o) (__aeabi_ui2f)
c:/program files (x86)/cypress/psoc creator/4.0/psoc creator/import/gnu/arm/4.9.3/bin/../lib/gcc/arm-none-eabi/4.9.3/armv7-m\libgcc.a(_arm_muldivsf3.o)
                              .\CortexM3\ARM_GCC_493\Debug\Maaler.a(ADC_DelSig_1.o) (__aeabi_fmul)
c:/program files (x86)/cypress/psoc creator/4.0/psoc creator/import/gnu/arm/4.9.3/bin/../lib/gcc/arm-none-eabi/4.9.3/armv7-m\libgcc.a(_arm_fixunssfsi.o)
                              .\CortexM3\ARM_GCC_493\Debug\Maaler.a(ADC_DelSig_1.o) (__aeabi_f2uiz)
c:/program files (x86)/cypress/psoc creator/4.0/psoc creator/import/gnu/arm/4.9.3/bin/../lib/gcc/arm-none-eabi/4.9.3/../../../../arm-none-eabi/lib/armv7-m\libg_nano.a(lib_a-errno.o)
                              .\CortexM3\ARM_GCC_493\Debug\Cm3Start.o (__errno)
c:/program files (x86)/cypress/psoc creator/4.0/psoc creator/import/gnu/arm/4.9.3/bin/../lib/gcc/arm-none-eabi/4.9.3/../../../../arm-none-eabi/lib/armv7-m\libg_nano.a(lib_a-exit.o)
                              c:/program files (x86)/cypress/psoc creator/4.0/psoc creator/import/gnu/arm/4.9.3/bin/../lib/gcc/arm-none-eabi/4.9.3/../../../../arm-none-eabi/lib/armv7-m/crt0.o (exit)
c:/program files (x86)/cypress/psoc creator/4.0/psoc creator/import/gnu/arm/4.9.3/bin/../lib/gcc/arm-none-eabi/4.9.3/../../../../arm-none-eabi/lib/armv7-m\libg_nano.a(lib_a-impure.o)
                              c:/program files (x86)/cypress/psoc creator/4.0/psoc creator/import/gnu/arm/4.9.3/bin/../lib/gcc/arm-none-eabi/4.9.3/../../../../arm-none-eabi/lib/armv7-m\libg_nano.a(lib_a-exit.o) (_global_impure_ptr)
c:/program files (x86)/cypress/psoc creator/4.0/psoc creator/import/gnu/arm/4.9.3/bin/../lib/gcc/arm-none-eabi/4.9.3/../../../../arm-none-eabi/lib/armv7-m\libg_nano.a(lib_a-init.o)
                              c:/program files (x86)/cypress/psoc creator/4.0/psoc creator/import/gnu/arm/4.9.3/bin/../lib/gcc/arm-none-eabi/4.9.3/../../../../arm-none-eabi/lib/armv7-m/crt0.o (__libc_init_array)
c:/program files (x86)/cypress/psoc creator/4.0/psoc creator/import/gnu/arm/4.9.3/bin/../lib/gcc/arm-none-eabi/4.9.3/../../../../arm-none-eabi/lib/armv7-m\libg_nano.a(lib_a-memcpy.o)
                              .\CortexM3\ARM_GCC_493\Debug\Maaler.a(cyfitter_cfg.o) (memcpy)
c:/program files (x86)/cypress/psoc creator/4.0/psoc creator/import/gnu/arm/4.9.3/bin/../lib/gcc/arm-none-eabi/4.9.3/../../../../arm-none-eabi/lib/armv7-m\libg_nano.a(lib_a-memset.o)
                              c:/program files (x86)/cypress/psoc creator/4.0/psoc creator/import/gnu/arm/4.9.3/bin/../lib/gcc/arm-none-eabi/4.9.3/../../../../arm-none-eabi/lib/armv7-m/crt0.o (memset)

Allocating common symbols
Common symbol       size              file

ADC_DelSig_1_CountsPerVolt
                    0x4               .\CortexM3\ARM_GCC_493\Debug\Maaler.a(ADC_DelSig_1.o)
ADC_DelSig_1_Offset
                    0x4               .\CortexM3\ARM_GCC_493\Debug\Maaler.a(ADC_DelSig_1.o)
dieTemperature      0x2               .\CortexM3\ARM_GCC_493\Debug\Maaler.a(CyFlash.o)

Discarded input sections

 .text          0x00000000        0x0 c:/program files (x86)/cypress/psoc creator/4.0/psoc creator/import/gnu/arm/4.9.3/bin/../lib/gcc/arm-none-eabi/4.9.3/armv7-m/crti.o
 .data          0x00000000        0x0 c:/program files (x86)/cypress/psoc creator/4.0/psoc creator/import/gnu/arm/4.9.3/bin/../lib/gcc/arm-none-eabi/4.9.3/armv7-m/crti.o
 .bss           0x00000000        0x0 c:/program files (x86)/cypress/psoc creator/4.0/psoc creator/import/gnu/arm/4.9.3/bin/../lib/gcc/arm-none-eabi/4.9.3/armv7-m/crti.o
 .data          0x00000000        0x4 c:/program files (x86)/cypress/psoc creator/4.0/psoc creator/import/gnu/arm/4.9.3/bin/../lib/gcc/arm-none-eabi/4.9.3/armv7-m/crtbegin.o
 .text          0x00000000       0x74 c:/program files (x86)/cypress/psoc creator/4.0/psoc creator/import/gnu/arm/4.9.3/bin/../lib/gcc/arm-none-eabi/4.9.3/../../../../arm-none-eabi/lib/armv7-m/crt0.o
 .data          0x00000000        0x0 c:/program files (x86)/cypress/psoc creator/4.0/psoc creator/import/gnu/arm/4.9.3/bin/../lib/gcc/arm-none-eabi/4.9.3/../../../../arm-none-eabi/lib/armv7-m/crt0.o
 .bss           0x00000000        0x0 c:/program files (x86)/cypress/psoc creator/4.0/psoc creator/import/gnu/arm/4.9.3/bin/../lib/gcc/arm-none-eabi/4.9.3/../../../../arm-none-eabi/lib/armv7-m/crt0.o
 .ARM.extab     0x00000000        0x0 c:/program files (x86)/cypress/psoc creator/4.0/psoc creator/import/gnu/arm/4.9.3/bin/../lib/gcc/arm-none-eabi/4.9.3/../../../../arm-none-eabi/lib/armv7-m/crt0.o
 .ARM.exidx     0x00000000        0x8 c:/program files (x86)/cypress/psoc creator/4.0/psoc creator/import/gnu/arm/4.9.3/bin/../lib/gcc/arm-none-eabi/4.9.3/../../../../arm-none-eabi/lib/armv7-m/crt0.o
 .text          0x00000000        0x0 .\CortexM3\ARM_GCC_493\Debug\main.o
 .data          0x00000000        0x0 .\CortexM3\ARM_GCC_493\Debug\main.o
 .bss           0x00000000        0x0 .\CortexM3\ARM_GCC_493\Debug\main.o
 .text          0x00000000        0x0 .\CortexM3\ARM_GCC_493\Debug\sample.o
 .data          0x00000000        0x0 .\CortexM3\ARM_GCC_493\Debug\sample.o
 .bss           0x00000000        0x0 .\CortexM3\ARM_GCC_493\Debug\sample.o
 .text          0x00000000        0x0 .\CortexM3\ARM_GCC_493\Debug\cymetadata.o
 .data          0x00000000        0x0 .\CortexM3\ARM_GCC_493\Debug\cymetadata.o
 .bss           0x00000000        0x0 .\CortexM3\ARM_GCC_493\Debug\cymetadata.o
 .text          0x00000000        0x0 .\CortexM3\ARM_GCC_493\Debug\Cm3Start.o
 .data          0x00000000        0x4 .\CortexM3\ARM_GCC_493\Debug\Cm3Start.o
 .bss           0x00000000        0x0 .\CortexM3\ARM_GCC_493\Debug\Cm3Start.o
 .text._exit    0x00000000       0x14 .\CortexM3\ARM_GCC_493\Debug\Cm3Start.o
 .text._sbrk    0x00000000       0x50 .\CortexM3\ARM_GCC_493\Debug\Cm3Start.o
 .text          0x00000000        0x0 .\CortexM3\ARM_GCC_493\Debug\Maaler.a(cyfitter_cfg.o)
 .data          0x00000000        0x0 .\CortexM3\ARM_GCC_493\Debug\Maaler.a(cyfitter_cfg.o)
 .bss           0x00000000        0x0 .\CortexM3\ARM_GCC_493\Debug\Maaler.a(cyfitter_cfg.o)
 .text.CYCONFIGCPYCODE
                0x00000000       0x1c .\CortexM3\ARM_GCC_493\Debug\Maaler.a(cyfitter_cfg.o)
 .text.SetAnalogRoutingPumps
                0x00000000       0x3c .\CortexM3\ARM_GCC_493\Debug\Maaler.a(cyfitter_cfg.o)
 .text          0x00000000        0x0 .\CortexM3\ARM_GCC_493\Debug\Maaler.a(ADC_DelSig_1.o)
 .text.ADC_DelSig_1_Stop
                0x00000000      0x17c .\CortexM3\ARM_GCC_493\Debug\Maaler.a(ADC_DelSig_1.o)
 .text.ADC_DelSig_1_SetBufferGain
                0x00000000       0x3c .\CortexM3\ARM_GCC_493\Debug\Maaler.a(ADC_DelSig_1.o)
 .text.ADC_DelSig_1_SetCoherency
                0x00000000       0x38 .\CortexM3\ARM_GCC_493\Debug\Maaler.a(ADC_DelSig_1.o)
 .text.ADC_DelSig_1_SetGCOR
                0x00000000       0xb8 .\CortexM3\ARM_GCC_493\Debug\Maaler.a(ADC_DelSig_1.o)
 .text.ADC_DelSig_1_ReadGCOR
                0x00000000       0x3c .\CortexM3\ARM_GCC_493\Debug\Maaler.a(ADC_DelSig_1.o)
 .text.ADC_DelSig_1_GetResult8
                0x00000000       0x68 .\CortexM3\ARM_GCC_493\Debug\Maaler.a(ADC_DelSig_1.o)
 .text.ADC_DelSig_1_GetResult32
                0x00000000       0xa8 .\CortexM3\ARM_GCC_493\Debug\Maaler.a(ADC_DelSig_1.o)
 .text.ADC_DelSig_1_SetOffset
                0x00000000       0x1c .\CortexM3\ARM_GCC_493\Debug\Maaler.a(ADC_DelSig_1.o)
 .text.ADC_DelSig_1_SetGain
                0x00000000       0x1c .\CortexM3\ARM_GCC_493\Debug\Maaler.a(ADC_DelSig_1.o)
 .text.ADC_DelSig_1_CountsTo_Volts
                0x00000000       0x44 .\CortexM3\ARM_GCC_493\Debug\Maaler.a(ADC_DelSig_1.o)
 .text.ADC_DelSig_1_CountsTo_uVolts
                0x00000000       0xa4 .\CortexM3\ARM_GCC_493\Debug\Maaler.a(ADC_DelSig_1.o)
 .text.ADC_DelSig_1_SelectConfiguration
                0x00000000       0x90 .\CortexM3\ARM_GCC_493\Debug\Maaler.a(ADC_DelSig_1.o)
 .text.ADC_DelSig_1_Read8
                0x00000000       0x3c .\CortexM3\ARM_GCC_493\Debug\Maaler.a(ADC_DelSig_1.o)
 .text.ADC_DelSig_1_Read32
                0x00000000       0x38 .\CortexM3\ARM_GCC_493\Debug\Maaler.a(ADC_DelSig_1.o)
 .text          0x00000000        0x0 .\CortexM3\ARM_GCC_493\Debug\Maaler.a(ADC_DelSig_1_INT.o)
 .data          0x00000000        0x0 .\CortexM3\ARM_GCC_493\Debug\Maaler.a(ADC_DelSig_1_INT.o)
 .bss           0x00000000        0x0 .\CortexM3\ARM_GCC_493\Debug\Maaler.a(ADC_DelSig_1_INT.o)
 .text          0x00000000        0x0 .\CortexM3\ARM_GCC_493\Debug\Maaler.a(ADC_DelSig_1_Ext_CP_Clk.o)
 .data          0x00000000        0x0 .\CortexM3\ARM_GCC_493\Debug\Maaler.a(ADC_DelSig_1_Ext_CP_Clk.o)
 .bss           0x00000000        0x0 .\CortexM3\ARM_GCC_493\Debug\Maaler.a(ADC_DelSig_1_Ext_CP_Clk.o)
 .text.ADC_DelSig_1_Ext_CP_Clk_Start
                0x00000000       0x34 .\CortexM3\ARM_GCC_493\Debug\Maaler.a(ADC_DelSig_1_Ext_CP_Clk.o)
 .text.ADC_DelSig_1_Ext_CP_Clk_Stop
                0x00000000       0x34 .\CortexM3\ARM_GCC_493\Debug\Maaler.a(ADC_DelSig_1_Ext_CP_Clk.o)
 .text.ADC_DelSig_1_Ext_CP_Clk_StopBlock
                0x00000000       0xb0 .\CortexM3\ARM_GCC_493\Debug\Maaler.a(ADC_DelSig_1_Ext_CP_Clk.o)
 .text.ADC_DelSig_1_Ext_CP_Clk_StandbyPower
                0x00000000       0x40 .\CortexM3\ARM_GCC_493\Debug\Maaler.a(ADC_DelSig_1_Ext_CP_Clk.o)
 .text.ADC_DelSig_1_Ext_CP_Clk_ClearModeRegister
                0x00000000       0x34 .\CortexM3\ARM_GCC_493\Debug\Maaler.a(ADC_DelSig_1_Ext_CP_Clk.o)
 .text.ADC_DelSig_1_Ext_CP_Clk_GetModeRegister
                0x00000000       0x20 .\CortexM3\ARM_GCC_493\Debug\Maaler.a(ADC_DelSig_1_Ext_CP_Clk.o)
 .text.ADC_DelSig_1_Ext_CP_Clk_SetSourceRegister
                0x00000000       0xbc .\CortexM3\ARM_GCC_493\Debug\Maaler.a(ADC_DelSig_1_Ext_CP_Clk.o)
 .text          0x00000000        0x0 .\CortexM3\ARM_GCC_493\Debug\Maaler.a(ADC_DelSig_1_theACLK.o)
 .data          0x00000000        0x0 .\CortexM3\ARM_GCC_493\Debug\Maaler.a(ADC_DelSig_1_theACLK.o)
 .bss           0x00000000        0x0 .\CortexM3\ARM_GCC_493\Debug\Maaler.a(ADC_DelSig_1_theACLK.o)
 .text.ADC_DelSig_1_theACLK_Start
                0x00000000       0x34 .\CortexM3\ARM_GCC_493\Debug\Maaler.a(ADC_DelSig_1_theACLK.o)
 .text.ADC_DelSig_1_theACLK_Stop
                0x00000000       0x34 .\CortexM3\ARM_GCC_493\Debug\Maaler.a(ADC_DelSig_1_theACLK.o)
 .text.ADC_DelSig_1_theACLK_StopBlock
                0x00000000       0xb0 .\CortexM3\ARM_GCC_493\Debug\Maaler.a(ADC_DelSig_1_theACLK.o)
 .text.ADC_DelSig_1_theACLK_StandbyPower
                0x00000000       0x40 .\CortexM3\ARM_GCC_493\Debug\Maaler.a(ADC_DelSig_1_theACLK.o)
 .text.ADC_DelSig_1_theACLK_ClearModeRegister
                0x00000000       0x34 .\CortexM3\ARM_GCC_493\Debug\Maaler.a(ADC_DelSig_1_theACLK.o)
 .text.ADC_DelSig_1_theACLK_GetModeRegister
                0x00000000       0x20 .\CortexM3\ARM_GCC_493\Debug\Maaler.a(ADC_DelSig_1_theACLK.o)
 .text.ADC_DelSig_1_theACLK_SetSourceRegister
                0x00000000       0xbc .\CortexM3\ARM_GCC_493\Debug\Maaler.a(ADC_DelSig_1_theACLK.o)
 .text.ADC_DelSig_1_theACLK_SetPhaseRegister
                0x00000000       0x24 .\CortexM3\ARM_GCC_493\Debug\Maaler.a(ADC_DelSig_1_theACLK.o)
 .text.ADC_DelSig_1_theACLK_GetPhaseRegister
                0x00000000       0x20 .\CortexM3\ARM_GCC_493\Debug\Maaler.a(ADC_DelSig_1_theACLK.o)
 .text          0x00000000        0x0 .\CortexM3\ARM_GCC_493\Debug\Maaler.a(CyLib.o)
 .bss           0x00000000       0x1c .\CortexM3\ARM_GCC_493\Debug\Maaler.a(CyLib.o)
 .text.CyPLL_OUT_Start
                0x00000000       0xb0 .\CortexM3\ARM_GCC_493\Debug\Maaler.a(CyLib.o)
 .text.CyPLL_OUT_Stop
                0x00000000       0x20 .\CortexM3\ARM_GCC_493\Debug\Maaler.a(CyLib.o)
 .text.CyPLL_OUT_SetPQ
                0x00000000       0x90 .\CortexM3\ARM_GCC_493\Debug\Maaler.a(CyLib.o)
 .text.CyPLL_OUT_SetSource
                0x00000000       0x54 .\CortexM3\ARM_GCC_493\Debug\Maaler.a(CyLib.o)
 .text.CyIMO_Start
                0x00000000       0x94 .\CortexM3\ARM_GCC_493\Debug\Maaler.a(CyLib.o)
 .text.CyIMO_Stop
                0x00000000       0x34 .\CortexM3\ARM_GCC_493\Debug\Maaler.a(CyLib.o)
 .text.CyUSB_PowerOnCheck
                0x00000000       0x60 .\CortexM3\ARM_GCC_493\Debug\Maaler.a(CyLib.o)
 .text.CyIMO_SetTrimValue
                0x00000000      0x108 .\CortexM3\ARM_GCC_493\Debug\Maaler.a(CyLib.o)
 .text.CyIMO_SetFreq
                0x00000000      0x1ac .\CortexM3\ARM_GCC_493\Debug\Maaler.a(CyLib.o)
 .text.CyIMO_SetSource
                0x00000000       0x8c .\CortexM3\ARM_GCC_493\Debug\Maaler.a(CyLib.o)
 .text.CyIMO_EnableDoubler
                0x00000000       0x20 .\CortexM3\ARM_GCC_493\Debug\Maaler.a(CyLib.o)
 .text.CyIMO_DisableDoubler
                0x00000000       0x20 .\CortexM3\ARM_GCC_493\Debug\Maaler.a(CyLib.o)
 .text.CyMasterClk_SetSource
                0x00000000       0x34 .\CortexM3\ARM_GCC_493\Debug\Maaler.a(CyLib.o)
 .text.CyMasterClk_SetDivider
                0x00000000       0x20 .\CortexM3\ARM_GCC_493\Debug\Maaler.a(CyLib.o)
 .text.CyBusClk_Internal_SetDivider
                0x00000000       0x78 .\CortexM3\ARM_GCC_493\Debug\Maaler.a(CyLib.o)
 .text.CyBusClk_SetDivider
                0x00000000       0xb4 .\CortexM3\ARM_GCC_493\Debug\Maaler.a(CyLib.o)
 .text.CyUsbClk_SetSource
                0x00000000       0x34 .\CortexM3\ARM_GCC_493\Debug\Maaler.a(CyLib.o)
 .text.CyILO_Start1K
                0x00000000       0x20 .\CortexM3\ARM_GCC_493\Debug\Maaler.a(CyLib.o)
 .text.CyILO_Stop1K
                0x00000000       0x20 .\CortexM3\ARM_GCC_493\Debug\Maaler.a(CyLib.o)
 .text.CyILO_Start100K
                0x00000000       0x20 .\CortexM3\ARM_GCC_493\Debug\Maaler.a(CyLib.o)
 .text.CyILO_Stop100K
                0x00000000       0x20 .\CortexM3\ARM_GCC_493\Debug\Maaler.a(CyLib.o)
 .text.CyILO_Enable33K
                0x00000000       0x20 .\CortexM3\ARM_GCC_493\Debug\Maaler.a(CyLib.o)
 .text.CyILO_Disable33K
                0x00000000       0x20 .\CortexM3\ARM_GCC_493\Debug\Maaler.a(CyLib.o)
 .text.CyILO_SetSource
                0x00000000       0x38 .\CortexM3\ARM_GCC_493\Debug\Maaler.a(CyLib.o)
 .text.CyILO_SetPowerMode
                0x00000000       0x4c .\CortexM3\ARM_GCC_493\Debug\Maaler.a(CyLib.o)
 .text.CyXTAL_32KHZ_Start
                0x00000000       0x84 .\CortexM3\ARM_GCC_493\Debug\Maaler.a(CyLib.o)
 .text.CyXTAL_32KHZ_Stop
                0x00000000       0x50 .\CortexM3\ARM_GCC_493\Debug\Maaler.a(CyLib.o)
 .text.CyXTAL_32KHZ_ReadStatus
                0x00000000       0x20 .\CortexM3\ARM_GCC_493\Debug\Maaler.a(CyLib.o)
 .text.CyXTAL_32KHZ_SetPowerMode
                0x00000000       0xb4 .\CortexM3\ARM_GCC_493\Debug\Maaler.a(CyLib.o)
 .text.CyXTAL_Start
                0x00000000       0xd0 .\CortexM3\ARM_GCC_493\Debug\Maaler.a(CyLib.o)
 .text.CyXTAL_Stop
                0x00000000       0x20 .\CortexM3\ARM_GCC_493\Debug\Maaler.a(CyLib.o)
 .text.CyXTAL_EnableErrStatus
                0x00000000       0x20 .\CortexM3\ARM_GCC_493\Debug\Maaler.a(CyLib.o)
 .text.CyXTAL_DisableErrStatus
                0x00000000       0x20 .\CortexM3\ARM_GCC_493\Debug\Maaler.a(CyLib.o)
 .text.CyXTAL_ReadStatus
                0x00000000       0x28 .\CortexM3\ARM_GCC_493\Debug\Maaler.a(CyLib.o)
 .text.CyXTAL_EnableFaultRecovery
                0x00000000       0x20 .\CortexM3\ARM_GCC_493\Debug\Maaler.a(CyLib.o)
 .text.CyXTAL_DisableFaultRecovery
                0x00000000       0x20 .\CortexM3\ARM_GCC_493\Debug\Maaler.a(CyLib.o)
 .text.CyXTAL_SetStartup
                0x00000000       0x34 .\CortexM3\ARM_GCC_493\Debug\Maaler.a(CyLib.o)
 .text.CyXTAL_SetFbVoltage
                0x00000000       0x34 .\CortexM3\ARM_GCC_493\Debug\Maaler.a(CyLib.o)
 .text.CyXTAL_SetWdVoltage
                0x00000000       0x38 .\CortexM3\ARM_GCC_493\Debug\Maaler.a(CyLib.o)
 .text.CySoftwareReset
                0x00000000       0x20 .\CortexM3\ARM_GCC_493\Debug\Maaler.a(CyLib.o)
 .text.CyDelay  0x00000000       0x44 .\CortexM3\ARM_GCC_493\Debug\Maaler.a(CyLib.o)
 .text.CyDelayFreq
                0x00000000       0x7c .\CortexM3\ARM_GCC_493\Debug\Maaler.a(CyLib.o)
 .text.CyWdtStart
                0x00000000       0x8c .\CortexM3\ARM_GCC_493\Debug\Maaler.a(CyLib.o)
 .text.CyWdtClear
                0x00000000       0x18 .\CortexM3\ARM_GCC_493\Debug\Maaler.a(CyLib.o)
 .text.CyVdLvDigitEnable
                0x00000000       0xcc .\CortexM3\ARM_GCC_493\Debug\Maaler.a(CyLib.o)
 .text.CyVdLvAnalogEnable
                0x00000000       0xc8 .\CortexM3\ARM_GCC_493\Debug\Maaler.a(CyLib.o)
 .text.CyVdLvDigitDisable
                0x00000000       0x48 .\CortexM3\ARM_GCC_493\Debug\Maaler.a(CyLib.o)
 .text.CyVdLvAnalogDisable
                0x00000000       0x40 .\CortexM3\ARM_GCC_493\Debug\Maaler.a(CyLib.o)
 .text.CyVdHvAnalogEnable
                0x00000000       0x78 .\CortexM3\ARM_GCC_493\Debug\Maaler.a(CyLib.o)
 .text.CyVdHvAnalogDisable
                0x00000000       0x2c .\CortexM3\ARM_GCC_493\Debug\Maaler.a(CyLib.o)
 .text.CyVdStickyStatus
                0x00000000       0x5c .\CortexM3\ARM_GCC_493\Debug\Maaler.a(CyLib.o)
 .text.CyVdRealTimeStatus
                0x00000000       0x30 .\CortexM3\ARM_GCC_493\Debug\Maaler.a(CyLib.o)
 .text.CyDisableInts
                0x00000000       0x34 .\CortexM3\ARM_GCC_493\Debug\Maaler.a(CyLib.o)
 .text.CyEnableInts
                0x00000000       0x28 .\CortexM3\ARM_GCC_493\Debug\Maaler.a(CyLib.o)
 .text.CyFlushCache
                0x00000000       0x58 .\CortexM3\ARM_GCC_493\Debug\Maaler.a(CyLib.o)
 .text.CyIntSetSysVector
                0x00000000       0x4c .\CortexM3\ARM_GCC_493\Debug\Maaler.a(CyLib.o)
 .text.CyIntGetSysVector
                0x00000000       0x38 .\CortexM3\ARM_GCC_493\Debug\Maaler.a(CyLib.o)
 .text.CyIntGetVector
                0x00000000       0x38 .\CortexM3\ARM_GCC_493\Debug\Maaler.a(CyLib.o)
 .text.CyIntGetPriority
                0x00000000       0x38 .\CortexM3\ARM_GCC_493\Debug\Maaler.a(CyLib.o)
 .text.CyIntGetState
                0x00000000       0x44 .\CortexM3\ARM_GCC_493\Debug\Maaler.a(CyLib.o)
 .text.CySysTickStart
                0x00000000       0x20 .\CortexM3\ARM_GCC_493\Debug\Maaler.a(CyLib.o)
 .text.CySysTickInit
                0x00000000       0x68 .\CortexM3\ARM_GCC_493\Debug\Maaler.a(CyLib.o)
 .text.CySysTickEnable
                0x00000000       0x1c .\CortexM3\ARM_GCC_493\Debug\Maaler.a(CyLib.o)
 .text.CySysTickStop
                0x00000000       0x1c .\CortexM3\ARM_GCC_493\Debug\Maaler.a(CyLib.o)
 .text.CySysTickEnableInterrupt
                0x00000000       0x1c .\CortexM3\ARM_GCC_493\Debug\Maaler.a(CyLib.o)
 .text.CySysTickDisableInterrupt
                0x00000000       0x1c .\CortexM3\ARM_GCC_493\Debug\Maaler.a(CyLib.o)
 .text.CySysTickSetReload
                0x00000000       0x20 .\CortexM3\ARM_GCC_493\Debug\Maaler.a(CyLib.o)
 .text.CySysTickGetReload
                0x00000000       0x1c .\CortexM3\ARM_GCC_493\Debug\Maaler.a(CyLib.o)
 .text.CySysTickGetValue
                0x00000000       0x1c .\CortexM3\ARM_GCC_493\Debug\Maaler.a(CyLib.o)
 .text.CySysTickSetClockSource
                0x00000000       0x38 .\CortexM3\ARM_GCC_493\Debug\Maaler.a(CyLib.o)
 .text.CySysTickGetClockSource
                0x00000000       0x1c .\CortexM3\ARM_GCC_493\Debug\Maaler.a(CyLib.o)
 .text.CySysTickGetCountFlag
                0x00000000       0x1c .\CortexM3\ARM_GCC_493\Debug\Maaler.a(CyLib.o)
 .text.CySysTickClear
                0x00000000       0x18 .\CortexM3\ARM_GCC_493\Debug\Maaler.a(CyLib.o)
 .text.CySysTickSetCallback
                0x00000000       0x30 .\CortexM3\ARM_GCC_493\Debug\Maaler.a(CyLib.o)
 .text.CySysTickGetCallback
                0x00000000       0x20 .\CortexM3\ARM_GCC_493\Debug\Maaler.a(CyLib.o)
 .text.CySysTickServiceCallbacks
                0x00000000       0x44 .\CortexM3\ARM_GCC_493\Debug\Maaler.a(CyLib.o)
 .text.CyGetUniqueId
                0x00000000       0xc4 .\CortexM3\ARM_GCC_493\Debug\Maaler.a(CyLib.o)
 .text          0x00000000        0x0 .\CortexM3\ARM_GCC_493\Debug\Maaler.a(cyPm.o)
 .data          0x00000000        0x0 .\CortexM3\ARM_GCC_493\Debug\Maaler.a(cyPm.o)
 .bss           0x00000000       0x44 .\CortexM3\ARM_GCC_493\Debug\Maaler.a(cyPm.o)
 .rodata        0x00000000       0x10 .\CortexM3\ARM_GCC_493\Debug\Maaler.a(cyPm.o)
 .text.CyPmSaveClocks
                0x00000000      0x284 .\CortexM3\ARM_GCC_493\Debug\Maaler.a(cyPm.o)
 .text.CyPmRestoreClocks
                0x00000000      0x300 .\CortexM3\ARM_GCC_493\Debug\Maaler.a(cyPm.o)
 .text.CyPmAltAct
                0x00000000       0xb8 .\CortexM3\ARM_GCC_493\Debug\Maaler.a(cyPm.o)
 .text.CyPmSleep
                0x00000000      0x170 .\CortexM3\ARM_GCC_493\Debug\Maaler.a(cyPm.o)
 .text.CyPmHibernate
                0x00000000        0xc .\CortexM3\ARM_GCC_493\Debug\Maaler.a(cyPm.o)
 .text.CyPmHibernateEx
                0x00000000      0x158 .\CortexM3\ARM_GCC_493\Debug\Maaler.a(cyPm.o)
 .text.CyPmReadStatus
                0x00000000       0x5c .\CortexM3\ARM_GCC_493\Debug\Maaler.a(cyPm.o)
 .text.CyPmHibSaveSet
                0x00000000       0xd4 .\CortexM3\ARM_GCC_493\Debug\Maaler.a(cyPm.o)
 .text.CyPmHibRestore
                0x00000000       0x68 .\CortexM3\ARM_GCC_493\Debug\Maaler.a(cyPm.o)
 .text.CyPmCtwSetInterval
                0x00000000       0x90 .\CortexM3\ARM_GCC_493\Debug\Maaler.a(cyPm.o)
 .text.CyPmOppsSet
                0x00000000       0x40 .\CortexM3\ARM_GCC_493\Debug\Maaler.a(cyPm.o)
 .text.CyPmFtwSetInterval
                0x00000000       0x90 .\CortexM3\ARM_GCC_493\Debug\Maaler.a(cyPm.o)
 .text.CyPmHibSlpSaveSet
                0x00000000      0x280 .\CortexM3\ARM_GCC_493\Debug\Maaler.a(cyPm.o)
 .text.CyPmHibSlpRestore
                0x00000000      0x188 .\CortexM3\ARM_GCC_493\Debug\Maaler.a(cyPm.o)
 .text.CyPmHviLviSaveDisable
                0x00000000       0xd4 .\CortexM3\ARM_GCC_493\Debug\Maaler.a(cyPm.o)
 .text.CyPmHviLviRestore
                0x00000000       0x54 .\CortexM3\ARM_GCC_493\Debug\Maaler.a(cyPm.o)
 .text          0x00000000        0x0 .\CortexM3\ARM_GCC_493\Debug\Maaler.a(test.o)
 .data          0x00000000        0x0 .\CortexM3\ARM_GCC_493\Debug\Maaler.a(test.o)
 .bss           0x00000000        0x0 .\CortexM3\ARM_GCC_493\Debug\Maaler.a(test.o)
 .text.test_SetDriveMode
                0x00000000       0x38 .\CortexM3\ARM_GCC_493\Debug\Maaler.a(test.o)
 .text.test_Read
                0x00000000       0x1c .\CortexM3\ARM_GCC_493\Debug\Maaler.a(test.o)
 .text.test_ReadDataReg
                0x00000000       0x1c .\CortexM3\ARM_GCC_493\Debug\Maaler.a(test.o)
 .text          0x00000000        0x0 .\CortexM3\ARM_GCC_493\Debug\Maaler.a(AMux_1.o)
 .bss           0x00000000        0x0 .\CortexM3\ARM_GCC_493\Debug\Maaler.a(AMux_1.o)
 .text.AMux_1_Select
                0x00000000       0x28 .\CortexM3\ARM_GCC_493\Debug\Maaler.a(AMux_1.o)
 .text          0x00000000        0x0 .\CortexM3\ARM_GCC_493\Debug\Maaler.a(AMux_2.o)
 .bss           0x00000000        0x0 .\CortexM3\ARM_GCC_493\Debug\Maaler.a(AMux_2.o)
 .text.AMux_2_Select
                0x00000000       0x28 .\CortexM3\ARM_GCC_493\Debug\Maaler.a(AMux_2.o)
 .data          0x00000000        0x0 .\CortexM3\ARM_GCC_493\Debug\Maaler.a(CyBootAsmGnu.o)
 .bss           0x00000000        0x0 .\CortexM3\ARM_GCC_493\Debug\Maaler.a(CyBootAsmGnu.o)
 .text          0x00000000        0x0 .\CortexM3\ARM_GCC_493\Debug\Maaler.a(CyFlash.o)
 .data          0x00000000        0x0 .\CortexM3\ARM_GCC_493\Debug\Maaler.a(CyFlash.o)
 .bss           0x00000000        0x4 .\CortexM3\ARM_GCC_493\Debug\Maaler.a(CyFlash.o)
 .text.CyFlash_Start
                0x00000000       0x8c .\CortexM3\ARM_GCC_493\Debug\Maaler.a(CyFlash.o)
 .text.CyFlash_Stop
                0x00000000       0x44 .\CortexM3\ARM_GCC_493\Debug\Maaler.a(CyFlash.o)
 .text.CySetTempInt
                0x00000000       0x7c .\CortexM3\ARM_GCC_493\Debug\Maaler.a(CyFlash.o)
 .text.CyFlashGetSpcAlgorithm
                0x00000000       0x70 .\CortexM3\ARM_GCC_493\Debug\Maaler.a(CyFlash.o)
 .text.CySetTemp
                0x00000000       0x24 .\CortexM3\ARM_GCC_493\Debug\Maaler.a(CyFlash.o)
 .text.CySetFlashEEBuffer
                0x00000000       0x54 .\CortexM3\ARM_GCC_493\Debug\Maaler.a(CyFlash.o)
 .text.CyWriteRowData
                0x00000000       0x3c .\CortexM3\ARM_GCC_493\Debug\Maaler.a(CyFlash.o)
 .text.CyWriteRowFull
                0x00000000      0x158 .\CortexM3\ARM_GCC_493\Debug\Maaler.a(CyFlash.o)
 .text.CyFlash_SetWaitCycles
                0x00000000       0xbc .\CortexM3\ARM_GCC_493\Debug\Maaler.a(CyFlash.o)
 .text.CyEEPROM_Start
                0x00000000       0x8c .\CortexM3\ARM_GCC_493\Debug\Maaler.a(CyFlash.o)
 .text.CyEEPROM_Stop
                0x00000000       0x44 .\CortexM3\ARM_GCC_493\Debug\Maaler.a(CyFlash.o)
 .text.CyEEPROM_ReadReserve
                0x00000000       0x30 .\CortexM3\ARM_GCC_493\Debug\Maaler.a(CyFlash.o)
 .text.CyEEPROM_ReadRelease
                0x00000000       0x20 .\CortexM3\ARM_GCC_493\Debug\Maaler.a(CyFlash.o)
 COMMON         0x00000000        0x2 .\CortexM3\ARM_GCC_493\Debug\Maaler.a(CyFlash.o)
 .text          0x00000000        0x0 .\CortexM3\ARM_GCC_493\Debug\Maaler.a(CySpc.o)
 .data          0x00000000        0x0 .\CortexM3\ARM_GCC_493\Debug\Maaler.a(CySpc.o)
 .bss           0x00000000        0x8 .\CortexM3\ARM_GCC_493\Debug\Maaler.a(CySpc.o)
 .text.CySpcStart
                0x00000000       0x44 .\CortexM3\ARM_GCC_493\Debug\Maaler.a(CySpc.o)
 .text.CySpcStop
                0x00000000       0x44 .\CortexM3\ARM_GCC_493\Debug\Maaler.a(CySpc.o)
 .text.CySpcReadData
                0x00000000       0x58 .\CortexM3\ARM_GCC_493\Debug\Maaler.a(CySpc.o)
 .text.CySpcLoadMultiByte
                0x00000000       0xd4 .\CortexM3\ARM_GCC_493\Debug\Maaler.a(CySpc.o)
 .text.CySpcLoadRow
                0x00000000       0x8c .\CortexM3\ARM_GCC_493\Debug\Maaler.a(CySpc.o)
 .text.CySpcLoadRowFull
                0x00000000       0xd0 .\CortexM3\ARM_GCC_493\Debug\Maaler.a(CySpc.o)
 .text.CySpcWriteRow
                0x00000000       0x98 .\CortexM3\ARM_GCC_493\Debug\Maaler.a(CySpc.o)
 .text.CySpcEraseSector
                0x00000000       0x70 .\CortexM3\ARM_GCC_493\Debug\Maaler.a(CySpc.o)
 .text.CySpcGetTemp
                0x00000000       0x64 .\CortexM3\ARM_GCC_493\Debug\Maaler.a(CySpc.o)
 .text.CySpcLock
                0x00000000       0x68 .\CortexM3\ARM_GCC_493\Debug\Maaler.a(CySpc.o)
 .text.CySpcUnlock
                0x00000000       0x50 .\CortexM3\ARM_GCC_493\Debug\Maaler.a(CySpc.o)
 .text.CySpcGetAlgorithm
                0x00000000       0x48 .\CortexM3\ARM_GCC_493\Debug\Maaler.a(CySpc.o)
 .text          0x00000000      0x370 c:/program files (x86)/cypress/psoc creator/4.0/psoc creator/import/gnu/arm/4.9.3/bin/../lib/gcc/arm-none-eabi/4.9.3/armv7-m\libgcc.a(_arm_addsubdf3.o)
 .data          0x00000000        0x0 c:/program files (x86)/cypress/psoc creator/4.0/psoc creator/import/gnu/arm/4.9.3/bin/../lib/gcc/arm-none-eabi/4.9.3/armv7-m\libgcc.a(_arm_addsubdf3.o)
 .bss           0x00000000        0x0 c:/program files (x86)/cypress/psoc creator/4.0/psoc creator/import/gnu/arm/4.9.3/bin/../lib/gcc/arm-none-eabi/4.9.3/armv7-m\libgcc.a(_arm_addsubdf3.o)
 .text          0x00000000      0x110 c:/program files (x86)/cypress/psoc creator/4.0/psoc creator/import/gnu/arm/4.9.3/bin/../lib/gcc/arm-none-eabi/4.9.3/armv7-m\libgcc.a(_arm_cmpdf2.o)
 .data          0x00000000        0x0 c:/program files (x86)/cypress/psoc creator/4.0/psoc creator/import/gnu/arm/4.9.3/bin/../lib/gcc/arm-none-eabi/4.9.3/armv7-m\libgcc.a(_arm_cmpdf2.o)
 .bss           0x00000000        0x0 c:/program files (x86)/cypress/psoc creator/4.0/psoc creator/import/gnu/arm/4.9.3/bin/../lib/gcc/arm-none-eabi/4.9.3/armv7-m\libgcc.a(_arm_cmpdf2.o)
 .text          0x00000000      0x21c c:/program files (x86)/cypress/psoc creator/4.0/psoc creator/import/gnu/arm/4.9.3/bin/../lib/gcc/arm-none-eabi/4.9.3/armv7-m\libgcc.a(_arm_addsubsf3.o)
 .data          0x00000000        0x0 c:/program files (x86)/cypress/psoc creator/4.0/psoc creator/import/gnu/arm/4.9.3/bin/../lib/gcc/arm-none-eabi/4.9.3/armv7-m\libgcc.a(_arm_addsubsf3.o)
 .bss           0x00000000        0x0 c:/program files (x86)/cypress/psoc creator/4.0/psoc creator/import/gnu/arm/4.9.3/bin/../lib/gcc/arm-none-eabi/4.9.3/armv7-m\libgcc.a(_arm_addsubsf3.o)
 .text          0x00000000      0x2a0 c:/program files (x86)/cypress/psoc creator/4.0/psoc creator/import/gnu/arm/4.9.3/bin/../lib/gcc/arm-none-eabi/4.9.3/armv7-m\libgcc.a(_arm_muldivsf3.o)
 .data          0x00000000        0x0 c:/program files (x86)/cypress/psoc creator/4.0/psoc creator/import/gnu/arm/4.9.3/bin/../lib/gcc/arm-none-eabi/4.9.3/armv7-m\libgcc.a(_arm_muldivsf3.o)
 .bss           0x00000000        0x0 c:/program files (x86)/cypress/psoc creator/4.0/psoc creator/import/gnu/arm/4.9.3/bin/../lib/gcc/arm-none-eabi/4.9.3/armv7-m\libgcc.a(_arm_muldivsf3.o)
 .text          0x00000000       0x40 c:/program files (x86)/cypress/psoc creator/4.0/psoc creator/import/gnu/arm/4.9.3/bin/../lib/gcc/arm-none-eabi/4.9.3/armv7-m\libgcc.a(_arm_fixunssfsi.o)
 .data          0x00000000        0x0 c:/program files (x86)/cypress/psoc creator/4.0/psoc creator/import/gnu/arm/4.9.3/bin/../lib/gcc/arm-none-eabi/4.9.3/armv7-m\libgcc.a(_arm_fixunssfsi.o)
 .bss           0x00000000        0x0 c:/program files (x86)/cypress/psoc creator/4.0/psoc creator/import/gnu/arm/4.9.3/bin/../lib/gcc/arm-none-eabi/4.9.3/armv7-m\libgcc.a(_arm_fixunssfsi.o)
 .text          0x00000000        0x0 c:/program files (x86)/cypress/psoc creator/4.0/psoc creator/import/gnu/arm/4.9.3/bin/../lib/gcc/arm-none-eabi/4.9.3/../../../../arm-none-eabi/lib/armv7-m\libg_nano.a(lib_a-errno.o)
 .data          0x00000000        0x0 c:/program files (x86)/cypress/psoc creator/4.0/psoc creator/import/gnu/arm/4.9.3/bin/../lib/gcc/arm-none-eabi/4.9.3/../../../../arm-none-eabi/lib/armv7-m\libg_nano.a(lib_a-errno.o)
 .bss           0x00000000        0x0 c:/program files (x86)/cypress/psoc creator/4.0/psoc creator/import/gnu/arm/4.9.3/bin/../lib/gcc/arm-none-eabi/4.9.3/../../../../arm-none-eabi/lib/armv7-m\libg_nano.a(lib_a-errno.o)
 .text          0x00000000        0x0 c:/program files (x86)/cypress/psoc creator/4.0/psoc creator/import/gnu/arm/4.9.3/bin/../lib/gcc/arm-none-eabi/4.9.3/../../../../arm-none-eabi/lib/armv7-m\libg_nano.a(lib_a-exit.o)
 .data          0x00000000        0x0 c:/program files (x86)/cypress/psoc creator/4.0/psoc creator/import/gnu/arm/4.9.3/bin/../lib/gcc/arm-none-eabi/4.9.3/../../../../arm-none-eabi/lib/armv7-m\libg_nano.a(lib_a-exit.o)
 .bss           0x00000000        0x0 c:/program files (x86)/cypress/psoc creator/4.0/psoc creator/import/gnu/arm/4.9.3/bin/../lib/gcc/arm-none-eabi/4.9.3/../../../../arm-none-eabi/lib/armv7-m\libg_nano.a(lib_a-exit.o)
 .text.exit     0x00000000       0x28 c:/program files (x86)/cypress/psoc creator/4.0/psoc creator/import/gnu/arm/4.9.3/bin/../lib/gcc/arm-none-eabi/4.9.3/../../../../arm-none-eabi/lib/armv7-m\libg_nano.a(lib_a-exit.o)
 .text          0x00000000        0x0 c:/program files (x86)/cypress/psoc creator/4.0/psoc creator/import/gnu/arm/4.9.3/bin/../lib/gcc/arm-none-eabi/4.9.3/../../../../arm-none-eabi/lib/armv7-m\libg_nano.a(lib_a-impure.o)
 .data          0x00000000        0x0 c:/program files (x86)/cypress/psoc creator/4.0/psoc creator/import/gnu/arm/4.9.3/bin/../lib/gcc/arm-none-eabi/4.9.3/../../../../arm-none-eabi/lib/armv7-m\libg_nano.a(lib_a-impure.o)
 .bss           0x00000000        0x0 c:/program files (x86)/cypress/psoc creator/4.0/psoc creator/import/gnu/arm/4.9.3/bin/../lib/gcc/arm-none-eabi/4.9.3/../../../../arm-none-eabi/lib/armv7-m\libg_nano.a(lib_a-impure.o)
 .rodata._global_impure_ptr
                0x00000000        0x4 c:/program files (x86)/cypress/psoc creator/4.0/psoc creator/import/gnu/arm/4.9.3/bin/../lib/gcc/arm-none-eabi/4.9.3/../../../../arm-none-eabi/lib/armv7-m\libg_nano.a(lib_a-impure.o)
 .text          0x00000000        0x0 c:/program files (x86)/cypress/psoc creator/4.0/psoc creator/import/gnu/arm/4.9.3/bin/../lib/gcc/arm-none-eabi/4.9.3/../../../../arm-none-eabi/lib/armv7-m\libg_nano.a(lib_a-init.o)
 .data          0x00000000        0x0 c:/program files (x86)/cypress/psoc creator/4.0/psoc creator/import/gnu/arm/4.9.3/bin/../lib/gcc/arm-none-eabi/4.9.3/../../../../arm-none-eabi/lib/armv7-m\libg_nano.a(lib_a-init.o)
 .bss           0x00000000        0x0 c:/program files (x86)/cypress/psoc creator/4.0/psoc creator/import/gnu/arm/4.9.3/bin/../lib/gcc/arm-none-eabi/4.9.3/../../../../arm-none-eabi/lib/armv7-m\libg_nano.a(lib_a-init.o)
 .text          0x00000000        0x0 c:/program files (x86)/cypress/psoc creator/4.0/psoc creator/import/gnu/arm/4.9.3/bin/../lib/gcc/arm-none-eabi/4.9.3/../../../../arm-none-eabi/lib/armv7-m\libg_nano.a(lib_a-memcpy.o)
 .data          0x00000000        0x0 c:/program files (x86)/cypress/psoc creator/4.0/psoc creator/import/gnu/arm/4.9.3/bin/../lib/gcc/arm-none-eabi/4.9.3/../../../../arm-none-eabi/lib/armv7-m\libg_nano.a(lib_a-memcpy.o)
 .bss           0x00000000        0x0 c:/program files (x86)/cypress/psoc creator/4.0/psoc creator/import/gnu/arm/4.9.3/bin/../lib/gcc/arm-none-eabi/4.9.3/../../../../arm-none-eabi/lib/armv7-m\libg_nano.a(lib_a-memcpy.o)
 .text          0x00000000        0x0 c:/program files (x86)/cypress/psoc creator/4.0/psoc creator/import/gnu/arm/4.9.3/bin/../lib/gcc/arm-none-eabi/4.9.3/../../../../arm-none-eabi/lib/armv7-m\libg_nano.a(lib_a-memset.o)
 .data          0x00000000        0x0 c:/program files (x86)/cypress/psoc creator/4.0/psoc creator/import/gnu/arm/4.9.3/bin/../lib/gcc/arm-none-eabi/4.9.3/../../../../arm-none-eabi/lib/armv7-m\libg_nano.a(lib_a-memset.o)
 .bss           0x00000000        0x0 c:/program files (x86)/cypress/psoc creator/4.0/psoc creator/import/gnu/arm/4.9.3/bin/../lib/gcc/arm-none-eabi/4.9.3/../../../../arm-none-eabi/lib/armv7-m\libg_nano.a(lib_a-memset.o)
 .text          0x00000000        0x0 c:/program files (x86)/cypress/psoc creator/4.0/psoc creator/import/gnu/arm/4.9.3/bin/../lib/gcc/arm-none-eabi/4.9.3/armv7-m/crtend.o
 .data          0x00000000        0x0 c:/program files (x86)/cypress/psoc creator/4.0/psoc creator/import/gnu/arm/4.9.3/bin/../lib/gcc/arm-none-eabi/4.9.3/armv7-m/crtend.o
 .bss           0x00000000        0x0 c:/program files (x86)/cypress/psoc creator/4.0/psoc creator/import/gnu/arm/4.9.3/bin/../lib/gcc/arm-none-eabi/4.9.3/armv7-m/crtend.o
 .text          0x00000000        0x0 c:/program files (x86)/cypress/psoc creator/4.0/psoc creator/import/gnu/arm/4.9.3/bin/../lib/gcc/arm-none-eabi/4.9.3/armv7-m/crtn.o
 .data          0x00000000        0x0 c:/program files (x86)/cypress/psoc creator/4.0/psoc creator/import/gnu/arm/4.9.3/bin/../lib/gcc/arm-none-eabi/4.9.3/armv7-m/crtn.o
 .bss           0x00000000        0x0 c:/program files (x86)/cypress/psoc creator/4.0/psoc creator/import/gnu/arm/4.9.3/bin/../lib/gcc/arm-none-eabi/4.9.3/armv7-m/crtn.o

Memory Configuration

Name             Origin             Length             Attributes
rom              0x00000000         0x00040000         xr
ram              0x1fff8000         0x00010000         xrw
*default*        0x00000000         0xffffffff

Linker script and memory map

LOAD c:/program files (x86)/cypress/psoc creator/4.0/psoc creator/import/gnu/arm/4.9.3/bin/../lib/gcc/arm-none-eabi/4.9.3/armv7-m/crti.o
LOAD c:/program files (x86)/cypress/psoc creator/4.0/psoc creator/import/gnu/arm/4.9.3/bin/../lib/gcc/arm-none-eabi/4.9.3/armv7-m/crtbegin.o
LOAD c:/program files (x86)/cypress/psoc creator/4.0/psoc creator/import/gnu/arm/4.9.3/bin/../lib/gcc/arm-none-eabi/4.9.3/../../../../arm-none-eabi/lib/armv7-m/crt0.o
START GROUP
LOAD .\CortexM3\ARM_GCC_493\Debug\main.o
LOAD .\CortexM3\ARM_GCC_493\Debug\sample.o
LOAD .\CortexM3\ARM_GCC_493\Debug\cymetadata.o
LOAD .\CortexM3\ARM_GCC_493\Debug\Cm3Start.o
LOAD .\CortexM3\ARM_GCC_493\Debug\Maaler.a
LOAD C:\Program Files (x86)\Cypress\PSoC Creator\4.0\PSoC Creator\psoc\content\cycomponentlibrary\CyComponentLibrary.cylib\CortexM3\ARM_GCC_493\Debug\CyComponentLibrary.a
END GROUP
START GROUP
LOAD c:/program files (x86)/cypress/psoc creator/4.0/psoc creator/import/gnu/arm/4.9.3/bin/../lib/gcc/arm-none-eabi/4.9.3/armv7-m\libgcc.a
LOAD c:/program files (x86)/cypress/psoc creator/4.0/psoc creator/import/gnu/arm/4.9.3/bin/../lib/gcc/arm-none-eabi/4.9.3/../../../../arm-none-eabi/lib/armv7-m\libg_nano.a
LOAD c:/program files (x86)/cypress/psoc creator/4.0/psoc creator/import/gnu/arm/4.9.3/bin/../lib/gcc/arm-none-eabi/4.9.3/../../../../arm-none-eabi/lib/armv7-m\libc_nano.a
END GROUP
START GROUP
LOAD c:/program files (x86)/cypress/psoc creator/4.0/psoc creator/import/gnu/arm/4.9.3/bin/../lib/gcc/arm-none-eabi/4.9.3/armv7-m\libgcc.a
LOAD c:/program files (x86)/cypress/psoc creator/4.0/psoc creator/import/gnu/arm/4.9.3/bin/../lib/gcc/arm-none-eabi/4.9.3/../../../../arm-none-eabi/lib/armv7-m\libc_nano.a
END GROUP
LOAD c:/program files (x86)/cypress/psoc creator/4.0/psoc creator/import/gnu/arm/4.9.3/bin/../lib/gcc/arm-none-eabi/4.9.3/armv7-m/crtend.o
LOAD c:/program files (x86)/cypress/psoc creator/4.0/psoc creator/import/gnu/arm/4.9.3/bin/../lib/gcc/arm-none-eabi/4.9.3/armv7-m/crtn.o
START GROUP
LOAD c:/program files (x86)/cypress/psoc creator/4.0/psoc creator/import/gnu/arm/4.9.3/bin/../lib/gcc/arm-none-eabi/4.9.3/armv7-m\libgcc.a
LOAD c:/program files (x86)/cypress/psoc creator/4.0/psoc creator/import/gnu/arm/4.9.3/bin/../lib/gcc/arm-none-eabi/4.9.3/../../../../arm-none-eabi/lib/armv7-m\libc.a
LOAD c:/program files (x86)/cypress/psoc creator/4.0/psoc creator/import/gnu/arm/4.9.3/bin/../lib/gcc/arm-none-eabi/4.9.3/../../../../arm-none-eabi/lib/armv7-m\libnosys.a
END GROUP
                0x00000000                CY_APPL_ORIGIN = 0x0
                0x00000100                CY_FLASH_ROW_SIZE = 0x100
                0x00000020                CY_ECC_ROW_SIZE = 0x20
                0x00000000                CY_EE_IN_BTLDR = 0x0
                0x00000000                CY_APPL_LOADABLE = 0x0
                0x00000800                CY_EE_SIZE = 0x800
                0x00000001                CY_APPL_NUM = 0x1
                0x00000001                CY_APPL_MAX = 0x1
                0x00000040                CY_METADATA_SIZE = 0x40
                0x00000000                CY_APPL_LOADABLE = 0x0
                0x00000000                CY_CHECKSUM_EXCLUDE_SIZE = ALIGN (0x0, CY_FLASH_ROW_SIZE)
                0x1fff81c0                PROVIDE (__cy_heap_start, _end)
                0x00000001                PROVIDE (__cy_region_num, ((__cy_regions_end - __cy_regions) / 0x10))
                0x20008000                PROVIDE (__cy_stack, (ORIGIN (ram) + 0x10000))
                0x20007800                PROVIDE (__cy_heap_end, (__cy_stack - 0x800))

.cybootloader   0x00000000        0x0
 *(.cybootloader)
                0x00000000                appl1_start = CY_APPL_ORIGIN?CY_APPL_ORIGIN:ALIGN (CY_FLASH_ROW_SIZE)
                0x0001ff00                appl2_start = (appl1_start + ALIGN ((((0x40000 - appl1_start) - (0x2 * CY_FLASH_ROW_SIZE)) / 0x2), CY_FLASH_ROW_SIZE))
                0x00000000                appl_start = (CY_APPL_NUM == 0x1)?appl1_start:appl2_start
                0x00000000                ecc_offset = ((appl_start / CY_FLASH_ROW_SIZE) * CY_ECC_ROW_SIZE)
                0x00000000                ee_offset = (CY_APPL_LOADABLE && ! (CY_EE_IN_BTLDR))?((CY_EE_SIZE / CY_APPL_MAX) * (CY_APPL_NUM - 0x1)):0x0
                0x00000800                ee_size = (CY_APPL_LOADABLE && ! (CY_EE_IN_BTLDR))?(CY_EE_SIZE / CY_APPL_MAX):CY_EE_SIZE
                0x00000000                PROVIDE (CY_ECC_OFFSET, ecc_offset)

.text           0x00000000     0x184e
 CREATE_OBJECT_SYMBOLS
                0x00000000                PROVIDE (__cy_interrupt_vector, RomVectors)
 *(.romvectors)
 .romvectors    0x00000000       0x10 .\CortexM3\ARM_GCC_493\Debug\Cm3Start.o
                0x00000000                RomVectors
                0x00000001                ASSERT ((. != __cy_interrupt_vector), No interrupt vector)
                0x00000001                ASSERT (CY_APPL_ORIGIN?(SIZEOF (.cybootloader) <= CY_APPL_ORIGIN):0x1, Wrong image location)
                0x00000010                PROVIDE (__cy_reset, Reset)
 *(.text.Reset)
 .text.Reset    0x00000010       0x18 .\CortexM3\ARM_GCC_493\Debug\Cm3Start.o
                0x00000010                Reset
                0x00000001                ASSERT ((. != __cy_reset), No reset code)
 *(.dma_init)
                0x00000001                ASSERT ((((appl_start + .) <= 0x10000) || 0x1), DMA Init must be within the first 64k of flash)
 *(.text .text.* .gnu.linkonce.t.*)
 .text          0x00000028       0x5c c:/program files (x86)/cypress/psoc creator/4.0/psoc creator/import/gnu/arm/4.9.3/bin/../lib/gcc/arm-none-eabi/4.9.3/armv7-m/crtbegin.o
 .text.main     0x00000084       0x50 .\CortexM3\ARM_GCC_493\Debug\main.o
                0x00000084                main
 .text.sampleUandI
                0x000000d4       0xa0 .\CortexM3\ARM_GCC_493\Debug\sample.o
                0x000000d4                sampleUandI
 .text.IntDefaultHandler
                0x00000174       0x14 .\CortexM3\ARM_GCC_493\Debug\Cm3Start.o
                0x00000174                IntDefaultHandler
 .text.Start_c  0x00000188       0x98 .\CortexM3\ARM_GCC_493\Debug\Cm3Start.o
                0x00000188                Start_c
 .text.initialize_psoc
                0x00000220       0x8c .\CortexM3\ARM_GCC_493\Debug\Cm3Start.o
                0x00000220                initialize_psoc
 .text.CYMEMZERO
                0x000002ac       0x1c .\CortexM3\ARM_GCC_493\Debug\Maaler.a(cyfitter_cfg.o)
 .text.CYCONFIGCPY
                0x000002c8       0x1c .\CortexM3\ARM_GCC_493\Debug\Maaler.a(cyfitter_cfg.o)
 .text.CyClockStartupError
                0x000002e4        0xc .\CortexM3\ARM_GCC_493\Debug\Maaler.a(cyfitter_cfg.o)
 .text.cfg_write_bytes32
                0x000002f0       0x74 .\CortexM3\ARM_GCC_493\Debug\Maaler.a(cyfitter_cfg.o)
 .text.ClockSetup
                0x00000364      0x144 .\CortexM3\ARM_GCC_493\Debug\Maaler.a(cyfitter_cfg.o)
 .text.AnalogSetDefault
                0x000004a8       0x4c .\CortexM3\ARM_GCC_493\Debug\Maaler.a(cyfitter_cfg.o)
 .text.AMux_1_Set
                0x000004f4       0x6c .\CortexM3\ARM_GCC_493\Debug\Maaler.a(cyfitter_cfg.o)
                0x000004f4                AMux_1_Set
 .text.AMux_1_Unset
                0x00000560       0x74 .\CortexM3\ARM_GCC_493\Debug\Maaler.a(cyfitter_cfg.o)
                0x00000560                AMux_1_Unset
 .text.AMux_2_Set
                0x000005d4       0x6c .\CortexM3\ARM_GCC_493\Debug\Maaler.a(cyfitter_cfg.o)
                0x000005d4                AMux_2_Set
 .text.AMux_2_Unset
                0x00000640       0x74 .\CortexM3\ARM_GCC_493\Debug\Maaler.a(cyfitter_cfg.o)
                0x00000640                AMux_2_Unset
 .text.cyfitter_cfg
                0x000006b4      0x12c .\CortexM3\ARM_GCC_493\Debug\Maaler.a(cyfitter_cfg.o)
                0x000006b4                cyfitter_cfg
 .text.ADC_DelSig_1_Init
                0x000007e0      0x158 .\CortexM3\ARM_GCC_493\Debug\Maaler.a(ADC_DelSig_1.o)
                0x000007e0                ADC_DelSig_1_Init
 .text.ADC_DelSig_1_Enable
                0x00000938      0x158 .\CortexM3\ARM_GCC_493\Debug\Maaler.a(ADC_DelSig_1.o)
                0x00000938                ADC_DelSig_1_Enable
 .text.ADC_DelSig_1_Start
                0x00000a90       0x30 .\CortexM3\ARM_GCC_493\Debug\Maaler.a(ADC_DelSig_1.o)
                0x00000a90                ADC_DelSig_1_Start
 .text.ADC_DelSig_1_StartConvert
                0x00000ac0       0x20 .\CortexM3\ARM_GCC_493\Debug\Maaler.a(ADC_DelSig_1.o)
                0x00000ac0                ADC_DelSig_1_StartConvert
 .text.ADC_DelSig_1_StopConvert
                0x00000ae0       0x20 .\CortexM3\ARM_GCC_493\Debug\Maaler.a(ADC_DelSig_1.o)
                0x00000ae0                ADC_DelSig_1_StopConvert
 .text.ADC_DelSig_1_IsEndConversion
                0x00000b00       0x50 .\CortexM3\ARM_GCC_493\Debug\Maaler.a(ADC_DelSig_1.o)
                0x00000b00                ADC_DelSig_1_IsEndConversion
 .text.ADC_DelSig_1_GetResult16
                0x00000b50       0x7c .\CortexM3\ARM_GCC_493\Debug\Maaler.a(ADC_DelSig_1.o)
                0x00000b50                ADC_DelSig_1_GetResult16
 .text.ADC_DelSig_1_CountsTo_mVolts
                0x00000bcc       0x40 .\CortexM3\ARM_GCC_493\Debug\Maaler.a(ADC_DelSig_1.o)
                0x00000bcc                ADC_DelSig_1_CountsTo_mVolts
 .text.ADC_DelSig_1_InitConfig
                0x00000c0c      0x3f0 .\CortexM3\ARM_GCC_493\Debug\Maaler.a(ADC_DelSig_1.o)
 .text.ADC_DelSig_1_GainCompensation
                0x00000ffc      0x16c .\CortexM3\ARM_GCC_493\Debug\Maaler.a(ADC_DelSig_1.o)
 .text.ADC_DelSig_1_SetDSMRef0Reg
                0x00001168       0x78 .\CortexM3\ARM_GCC_493\Debug\Maaler.a(ADC_DelSig_1.o)
 .text.ADC_DelSig_1_Read16
                0x000011e0       0x3c .\CortexM3\ARM_GCC_493\Debug\Maaler.a(ADC_DelSig_1.o)
                0x000011e0                ADC_DelSig_1_Read16
 .text.ADC_DelSig_1_ISR1
                0x0000121c        0xc .\CortexM3\ARM_GCC_493\Debug\Maaler.a(ADC_DelSig_1_INT.o)
                0x0000121c                ADC_DelSig_1_ISR1
 .text.ADC_DelSig_1_ISR2
                0x00001228        0xc .\CortexM3\ARM_GCC_493\Debug\Maaler.a(ADC_DelSig_1_INT.o)
                0x00001228                ADC_DelSig_1_ISR2
 .text.ADC_DelSig_1_ISR3
                0x00001234        0xc .\CortexM3\ARM_GCC_493\Debug\Maaler.a(ADC_DelSig_1_INT.o)
                0x00001234                ADC_DelSig_1_ISR3
 .text.ADC_DelSig_1_ISR4
                0x00001240        0xc .\CortexM3\ARM_GCC_493\Debug\Maaler.a(ADC_DelSig_1_INT.o)
                0x00001240                ADC_DelSig_1_ISR4
 .text.ADC_DelSig_1_Ext_CP_Clk_SetDividerRegister
                0x0000124c      0x160 .\CortexM3\ARM_GCC_493\Debug\Maaler.a(ADC_DelSig_1_Ext_CP_Clk.o)
                0x0000124c                ADC_DelSig_1_Ext_CP_Clk_SetDividerRegister
 .text.ADC_DelSig_1_Ext_CP_Clk_GetDividerRegister
                0x000013ac       0x18 .\CortexM3\ARM_GCC_493\Debug\Maaler.a(ADC_DelSig_1_Ext_CP_Clk.o)
                0x000013ac                ADC_DelSig_1_Ext_CP_Clk_GetDividerRegister
 .text.ADC_DelSig_1_Ext_CP_Clk_SetModeRegister
                0x000013c4       0x34 .\CortexM3\ARM_GCC_493\Debug\Maaler.a(ADC_DelSig_1_Ext_CP_Clk.o)
                0x000013c4                ADC_DelSig_1_Ext_CP_Clk_SetModeRegister
 .text.ADC_DelSig_1_Ext_CP_Clk_GetSourceRegister
                0x000013f8       0x20 .\CortexM3\ARM_GCC_493\Debug\Maaler.a(ADC_DelSig_1_Ext_CP_Clk.o)
                0x000013f8                ADC_DelSig_1_Ext_CP_Clk_GetSourceRegister
 .text.ADC_DelSig_1_theACLK_SetDividerRegister
                0x00001418      0x160 .\CortexM3\ARM_GCC_493\Debug\Maaler.a(ADC_DelSig_1_theACLK.o)
                0x00001418                ADC_DelSig_1_theACLK_SetDividerRegister
 .text.ADC_DelSig_1_theACLK_GetDividerRegister
                0x00001578       0x18 .\CortexM3\ARM_GCC_493\Debug\Maaler.a(ADC_DelSig_1_theACLK.o)
                0x00001578                ADC_DelSig_1_theACLK_GetDividerRegister
 .text.ADC_DelSig_1_theACLK_SetModeRegister
                0x00001590       0x34 .\CortexM3\ARM_GCC_493\Debug\Maaler.a(ADC_DelSig_1_theACLK.o)
                0x00001590                ADC_DelSig_1_theACLK_SetModeRegister
 .text.ADC_DelSig_1_theACLK_GetSourceRegister
                0x000015c4       0x20 .\CortexM3\ARM_GCC_493\Debug\Maaler.a(ADC_DelSig_1_theACLK.o)
                0x000015c4                ADC_DelSig_1_theACLK_GetSourceRegister
 .text.CyHalt   0x000015e4       0x18 .\CortexM3\ARM_GCC_493\Debug\Maaler.a(CyLib.o)
                0x000015e4                CyHalt
 .text.CyDelayUs
                0x000015fc       0x24 .\CortexM3\ARM_GCC_493\Debug\Maaler.a(CyLib.o)
                0x000015fc                CyDelayUs
 .text.CyIntSetVector
                0x00001620       0x50 .\CortexM3\ARM_GCC_493\Debug\Maaler.a(CyLib.o)
                0x00001620                CyIntSetVector
 .text.CyIntSetPriority
                0x00001670       0x44 .\CortexM3\ARM_GCC_493\Debug\Maaler.a(CyLib.o)
                0x00001670                CyIntSetPriority
 .text.test_Write
                0x000016b4       0x34 .\CortexM3\ARM_GCC_493\Debug\Maaler.a(test.o)
                0x000016b4                test_Write
 .text.AMux_1_Start
                0x000016e8       0x30 .\CortexM3\ARM_GCC_493\Debug\Maaler.a(AMux_1.o)
                0x000016e8                AMux_1_Start
 .text.AMux_1_FastSelect
                0x00001718       0x34 .\CortexM3\ARM_GCC_493\Debug\Maaler.a(AMux_1.o)
                0x00001718                AMux_1_FastSelect
 .text.AMux_2_Start
                0x0000174c       0x30 .\CortexM3\ARM_GCC_493\Debug\Maaler.a(AMux_2.o)
                0x0000174c                AMux_2_Start
 .text.AMux_2_FastSelect
                0x0000177c       0x34 .\CortexM3\ARM_GCC_493\Debug\Maaler.a(AMux_2.o)
                0x0000177c                AMux_2_FastSelect
 .text          0x000017b0       0x20 .\CortexM3\ARM_GCC_493\Debug\Maaler.a(CyBootAsmGnu.o)
                0x000017b0                CyDelayCycles
                0x000017c0                CyEnterCriticalSection
                0x000017c8                CyExitCriticalSection
 .text.__errno  0x000017d0        0xc c:/program files (x86)/cypress/psoc creator/4.0/psoc creator/import/gnu/arm/4.9.3/bin/../lib/gcc/arm-none-eabi/4.9.3/../../../../arm-none-eabi/lib/armv7-m\libg_nano.a(lib_a-errno.o)
                0x000017d0                __errno
 .text.__libc_init_array
                0x000017dc       0x4c c:/program files (x86)/cypress/psoc creator/4.0/psoc creator/import/gnu/arm/4.9.3/bin/../lib/gcc/arm-none-eabi/4.9.3/../../../../arm-none-eabi/lib/armv7-m\libg_nano.a(lib_a-init.o)
                0x000017dc                __libc_init_array
 .text.memcpy   0x00001828       0x16 c:/program files (x86)/cypress/psoc creator/4.0/psoc creator/import/gnu/arm/4.9.3/bin/../lib/gcc/arm-none-eabi/4.9.3/../../../../arm-none-eabi/lib/armv7-m\libg_nano.a(lib_a-memcpy.o)
                0x00001828                memcpy
 .text.memset   0x0000183e       0x10 c:/program files (x86)/cypress/psoc creator/4.0/psoc creator/import/gnu/arm/4.9.3/bin/../lib/gcc/arm-none-eabi/4.9.3/../../../../arm-none-eabi/lib/armv7-m\libg_nano.a(lib_a-memset.o)
                0x0000183e                memset
 *(.plt)
 *(.gnu.warning)
 *(.glue_7t)
 .glue_7t       0x00000000        0x0 linker stubs
 *(.glue_7)
 .glue_7        0x00000000        0x0 linker stubs
 *(.vfp11_veneer)
 .vfp11_veneer  0x00000000        0x0 linker stubs
 *(.bootloader)
 *(.ARM.extab* .gnu.linkonce.armextab.*)
 *(.gcc_except_table)

.v4_bx          0x00001850        0x0
 .v4_bx         0x00000000        0x0 linker stubs

.iplt           0x00001850        0x0
 .iplt          0x00000000        0x0 c:/program files (x86)/cypress/psoc creator/4.0/psoc creator/import/gnu/arm/4.9.3/bin/../lib/gcc/arm-none-eabi/4.9.3/armv7-m/crtbegin.o

.eh_frame_hdr
 *(.eh_frame_hdr)

.eh_frame       0x00001850        0x4
 *(.eh_frame)
 .eh_frame      0x00001850        0x0 c:/program files (x86)/cypress/psoc creator/4.0/psoc creator/import/gnu/arm/4.9.3/bin/../lib/gcc/arm-none-eabi/4.9.3/armv7-m/crtbegin.o
 .eh_frame      0x00001850        0x4 c:/program files (x86)/cypress/psoc creator/4.0/psoc creator/import/gnu/arm/4.9.3/bin/../lib/gcc/arm-none-eabi/4.9.3/armv7-m/crtend.o
                0x00001854                PROVIDE (__exidx_start, .)

.ARM.exidx
 *(.ARM.exidx* .gnu.linkonce.armexidx.*)
                0x00001854                __exidx_end = .

.rodata         0x00001854       0x94
 *(.rodata .rodata.* .gnu.linkonce.r.*)
 .rodata        0x00001854       0x58 .\CortexM3\ARM_GCC_493\Debug\Maaler.a(cyfitter_cfg.o)
                0x00001854                AMux_1__addrTable
                0x00001864                AMux_1__maskTable
                0x00001868                AMux_2__addrTable
                0x00001878                AMux_2__maskTable
 .rodata.str1.1
                0x000018ac        0x2 c:/program files (x86)/cypress/psoc creator/4.0/psoc creator/import/gnu/arm/4.9.3/bin/../lib/gcc/arm-none-eabi/4.9.3/../../../../arm-none-eabi/lib/armv7-m\libg_nano.a(lib_a-impure.o)
                0x000018b0                . = ALIGN (0x4)
 *fill*         0x000018ae        0x2 
 *(.init)
 .init          0x000018b0        0x4 c:/program files (x86)/cypress/psoc creator/4.0/psoc creator/import/gnu/arm/4.9.3/bin/../lib/gcc/arm-none-eabi/4.9.3/armv7-m/crti.o
                0x000018b0                _init
 .init          0x000018b4        0x8 c:/program files (x86)/cypress/psoc creator/4.0/psoc creator/import/gnu/arm/4.9.3/bin/../lib/gcc/arm-none-eabi/4.9.3/armv7-m/crtn.o
                0x000018bc                . = ALIGN (0x4)
                0x000018bc                __preinit_array_start = .
 *(.preinit_array)
                0x000018bc                __preinit_array_end = .
                0x000018bc                . = ALIGN (0x4)
                0x000018bc                __init_array_start = .
 *(SORT(.init_array.*))
 *(.init_array)
 .init_array    0x000018bc        0x4 c:/program files (x86)/cypress/psoc creator/4.0/psoc creator/import/gnu/arm/4.9.3/bin/../lib/gcc/arm-none-eabi/4.9.3/armv7-m/crtbegin.o
 .init_array    0x000018c0        0x4 .\CortexM3\ARM_GCC_493\Debug\Cm3Start.o
                0x000018c4                __init_array_end = .
                0x000018c4                . = ALIGN (0x4)
 *(.fini)
 .fini          0x000018c4        0x4 c:/program files (x86)/cypress/psoc creator/4.0/psoc creator/import/gnu/arm/4.9.3/bin/../lib/gcc/arm-none-eabi/4.9.3/armv7-m/crti.o
                0x000018c4                _fini
 .fini          0x000018c8        0x8 c:/program files (x86)/cypress/psoc creator/4.0/psoc creator/import/gnu/arm/4.9.3/bin/../lib/gcc/arm-none-eabi/4.9.3/armv7-m/crtn.o
                0x000018d0                . = ALIGN (0x4)
                0x000018d0                __fini_array_start = .
 *(.fini_array)
 .fini_array    0x000018d0        0x4 c:/program files (x86)/cypress/psoc creator/4.0/psoc creator/import/gnu/arm/4.9.3/bin/../lib/gcc/arm-none-eabi/4.9.3/armv7-m/crtbegin.o
 *(SORT(.fini_array.*))
                0x000018d4                __fini_array_end = .
                0x000018d4                . = ALIGN (0x4)
 *crtbegin.o(.ctors)
 *(EXCLUDE_FILE(*crtend.o) .ctors)
 *(SORT(.ctors.*))
 *crtend.o(.ctors)
                0x000018d4                . = ALIGN (0x4)
 *crtbegin.o(.dtors)
 *(EXCLUDE_FILE(*crtend.o) .dtors)
 *(SORT(.dtors.*))
 *crtend.o(.dtors)
                0x000018d4                . = ALIGN (0x4)
                0x000018d4                __cy_regions = .
                0x000018d4        0x4 LONG 0x18e8 __cy_region_init_ram
                0x000018d8        0x4 LONG 0x1fff8108 __cy_region_start_data
                0x000018dc        0x4 LONG 0x80 __cy_region_init_size_ram
                0x000018e0        0x4 LONG 0x38 __cy_region_zero_size_ram
                0x000018e4                __cy_regions_end = .
                0x000018e8                . = ALIGN (0x8)
 *fill*         0x000018e4        0x4 
                0x000018e8                _etext = .

.cy_checksum_exclude
                0x000018e8        0x0
 *(.cy_checksum_exclude)

.ramvectors     0x1fff8000      0x100
                0x1fff8000                __cy_region_start_ram = .
 *(.ramvectors)
 .ramvectors    0x1fff8000      0x100 .\CortexM3\ARM_GCC_493\Debug\Cm3Start.o
                0x1fff8000                CyRamVectors

.noinit         0x1fff8100        0x5
 *(.noinit)
 .noinit        0x1fff8100        0x4 .\CortexM3\ARM_GCC_493\Debug\Cm3Start.o
 .noinit        0x1fff8104        0x1 .\CortexM3\ARM_GCC_493\Debug\Maaler.a(CyLib.o)
                0x1fff8104                CyResetStatus

.data           0x1fff8108       0x80 load address 0x000018e8
                0x1fff8108                __cy_region_start_data = .
 *(.jcr)
 .jcr           0x1fff8108        0x0 c:/program files (x86)/cypress/psoc creator/4.0/psoc creator/import/gnu/arm/4.9.3/bin/../lib/gcc/arm-none-eabi/4.9.3/armv7-m/crtbegin.o
 .jcr           0x1fff8108        0x4 c:/program files (x86)/cypress/psoc creator/4.0/psoc creator/import/gnu/arm/4.9.3/bin/../lib/gcc/arm-none-eabi/4.9.3/armv7-m/crtend.o
 *(.got.plt)
 *(.got)
 *(.shdata)
 *(.data .data.* .gnu.linkonce.d.*)
 .data          0x1fff810c        0x1 .\CortexM3\ARM_GCC_493\Debug\Maaler.a(ADC_DelSig_1.o)
                0x1fff810c                ADC_DelSig_1_Config
 *fill*         0x1fff810d        0x3 
 .data          0x1fff8110       0x10 .\CortexM3\ARM_GCC_493\Debug\Maaler.a(CyLib.o)
                0x1fff8110                cydelay_freq_hz
                0x1fff8114                cydelay_freq_khz
                0x1fff8118                cydelay_freq_mhz
                0x1fff811c                cydelay_32k_ms
 .data          0x1fff8120        0x1 .\CortexM3\ARM_GCC_493\Debug\Maaler.a(AMux_1.o)
 .data          0x1fff8121        0x1 .\CortexM3\ARM_GCC_493\Debug\Maaler.a(AMux_2.o)
 *fill*         0x1fff8122        0x2 
 .data.impure_data
                0x1fff8124       0x60 c:/program files (x86)/cypress/psoc creator/4.0/psoc creator/import/gnu/arm/4.9.3/bin/../lib/gcc/arm-none-eabi/4.9.3/../../../../arm-none-eabi/lib/armv7-m\libg_nano.a(lib_a-impure.o)
 .data._impure_ptr
                0x1fff8184        0x4 c:/program files (x86)/cypress/psoc creator/4.0/psoc creator/import/gnu/arm/4.9.3/bin/../lib/gcc/arm-none-eabi/4.9.3/../../../../arm-none-eabi/lib/armv7-m\libg_nano.a(lib_a-impure.o)
                0x1fff8184                _impure_ptr
                0x1fff8188                . = ALIGN (0x8)
 *(.ram)
                0x1fff8188                _edata = .

.igot.plt       0x1fff8188        0x0 load address 0x00001968
 .igot.plt      0x00000000        0x0 c:/program files (x86)/cypress/psoc creator/4.0/psoc creator/import/gnu/arm/4.9.3/bin/../lib/gcc/arm-none-eabi/4.9.3/armv7-m/crtbegin.o

.bss            0x1fff8188       0x38 load address 0x00001968
                0x1fff8188                PROVIDE (__bss_start__, .)
 *(.shbss)
 *(.bss .bss.* .gnu.linkonce.b.*)
 .bss           0x1fff8188       0x1c c:/program files (x86)/cypress/psoc creator/4.0/psoc creator/import/gnu/arm/4.9.3/bin/../lib/gcc/arm-none-eabi/4.9.3/armv7-m/crtbegin.o
 .bss           0x1fff81a4       0x14 .\CortexM3\ARM_GCC_493\Debug\Maaler.a(ADC_DelSig_1.o)
                0x1fff81a4                ADC_DelSig_1_convDone
                0x1fff81a5                ADC_DelSig_1_stopConversion
                0x1fff81a6                ADC_DelSig_1_initVar
                0x1fff81a7                ADC_DelSig_1_started
 *(COMMON)
 COMMON         0x1fff81b8        0x8 .\CortexM3\ARM_GCC_493\Debug\Maaler.a(ADC_DelSig_1.o)
                0x1fff81b8                ADC_DelSig_1_CountsPerVolt
                0x1fff81bc                ADC_DelSig_1_Offset
                0x1fff81c0                . = ALIGN (0x8)
 *(.ram.b)
                0x1fff81c0                _end = .
                0x1fff81c0                __end = .
                0x1fff81c0                PROVIDE (end, .)
                0x1fff81c0                PROVIDE (__bss_end__, .)
                0x000018e8                __cy_region_init_ram = LOADADDR (.data)
                0x00000080                __cy_region_init_size_ram = (_edata - ADDR (.data))
                0x00000038                __cy_region_zero_size_ram = (_end - _edata)

.heap           0x1fff81c0       0x80 load address 0x00001968
                0x1fff81c0                . = _end
                0x1fff8240                . = (. + 0x80)
 *fill*         0x1fff81c0       0x80 
                0x1fff8240                __cy_heap_limit = .

.stack          0x20007800      0x800
                0x20007800                __cy_stack_limit = .
                0x20008000                . = (. + 0x800)
 *fill*         0x20007800      0x800 
                0x00000001                ASSERT ((__cy_stack_limit >= __cy_heap_limit), region RAM overflowed with stack)
                0x00000000                cy_checksum_exclude_size = (CY_APPL_LOADABLE == 0x1)?SIZEOF (.cy_checksum_exclude):0x0
                0x00000001                ASSERT ((cy_checksum_exclude_size <= CY_CHECKSUM_EXCLUDE_SIZE), CY_BOOT: Section .cy_checksum_exclude size exceedes specified limit.)

.cyloadermeta
 *(.cyloadermeta)

.cyloadablemeta
 *(.cyloadablemeta)

.cyconfigecc    0x80000000       0x78
 *(.cyconfigecc)
 .cyconfigecc   0x80000000       0x78 .\CortexM3\ARM_GCC_493\Debug\cymetadata.o
                0x80000000                cy_meta_configecc

.cycustnvl      0x90000000        0x4
 *(.cycustnvl)
 .cycustnvl     0x90000000        0x4 .\CortexM3\ARM_GCC_493\Debug\cymetadata.o
                0x90000000                cy_meta_custnvl

.cywolatch      0x90100000        0x4
 *(.cywolatch)
 .cywolatch     0x90100000        0x4 .\CortexM3\ARM_GCC_493\Debug\cymetadata.o
                0x90100000                cy_meta_wonvl

.cyeeprom       0x90200000        0x0
 *(.cyeeprom)
                0x00000001                ASSERT ((. <= ((0x90200000 + ee_offset) + ee_size)), .cyeeprom data will not fit in EEPROM)

.cyflashprotect
                0x90400000      0x100
 *(.cyflashprotect)
 .cyflashprotect
                0x90400000      0x100 .\CortexM3\ARM_GCC_493\Debug\cymetadata.o
                0x90400000                cy_meta_flashprotect

.cymeta         0x90500000        0xc
 *(.cymeta)
 .cymeta        0x90500000        0xc .\CortexM3\ARM_GCC_493\Debug\cymetadata.o
                0x90500000                cy_metadata

.rel.dyn        0x00001968        0x0 load address 0x9050000c
 .rel.iplt      0x00000000        0x0 c:/program files (x86)/cypress/psoc creator/4.0/psoc creator/import/gnu/arm/4.9.3/bin/../lib/gcc/arm-none-eabi/4.9.3/armv7-m/crtbegin.o

.stab
 *(.stab)

.stabstr
 *(.stabstr)

.debug
 *(.debug)

.line
 *(.line)

.debug_srcinfo
 *(.debug_srcinfo)

.debug_sfnames
 *(.debug_sfnames)

.debug_aranges  0x00000000      0x818
 *(.debug_aranges)
 .debug_aranges
                0x00000000       0x20 .\CortexM3\ARM_GCC_493\Debug\main.o
 .debug_aranges
                0x00000020       0x20 .\CortexM3\ARM_GCC_493\Debug\sample.o
 .debug_aranges
                0x00000040       0x18 .\CortexM3\ARM_GCC_493\Debug\cymetadata.o
 .debug_aranges
                0x00000058       0x48 .\CortexM3\ARM_GCC_493\Debug\Cm3Start.o
 .debug_aranges
                0x000000a0       0x80 .\CortexM3\ARM_GCC_493\Debug\Maaler.a(cyfitter_cfg.o)
 .debug_aranges
                0x00000120       0xe8 .\CortexM3\ARM_GCC_493\Debug\Maaler.a(ADC_DelSig_1.o)
 .debug_aranges
                0x00000208       0x38 .\CortexM3\ARM_GCC_493\Debug\Maaler.a(ADC_DelSig_1_INT.o)
 .debug_aranges
                0x00000240       0x70 .\CortexM3\ARM_GCC_493\Debug\Maaler.a(ADC_DelSig_1_Ext_CP_Clk.o)
 .debug_aranges
                0x000002b0       0x80 .\CortexM3\ARM_GCC_493\Debug\Maaler.a(ADC_DelSig_1_theACLK.o)
 .debug_aranges
                0x00000330      0x2a0 .\CortexM3\ARM_GCC_493\Debug\Maaler.a(CyLib.o)
 .debug_aranges
                0x000005d0       0x98 .\CortexM3\ARM_GCC_493\Debug\Maaler.a(cyPm.o)
 .debug_aranges
                0x00000668       0x38 .\CortexM3\ARM_GCC_493\Debug\Maaler.a(test.o)
 .debug_aranges
                0x000006a0       0x30 .\CortexM3\ARM_GCC_493\Debug\Maaler.a(AMux_1.o)
 .debug_aranges
                0x000006d0       0x30 .\CortexM3\ARM_GCC_493\Debug\Maaler.a(AMux_2.o)
 .debug_aranges
                0x00000700       0x20 .\CortexM3\ARM_GCC_493\Debug\Maaler.a(CyBootAsmGnu.o)
 .debug_aranges
                0x00000720       0x80 .\CortexM3\ARM_GCC_493\Debug\Maaler.a(CyFlash.o)
 .debug_aranges
                0x000007a0       0x78 .\CortexM3\ARM_GCC_493\Debug\Maaler.a(CySpc.o)

.debug_pubnames
 *(.debug_pubnames)

.debug_info     0x00000000     0x3751
 *(.debug_info .gnu.linkonce.wi.*)
 .debug_info    0x00000000       0xf7 .\CortexM3\ARM_GCC_493\Debug\main.o
 .debug_info    0x000000f7      0x11d .\CortexM3\ARM_GCC_493\Debug\sample.o
 .debug_info    0x00000214      0x13a .\CortexM3\ARM_GCC_493\Debug\cymetadata.o
 .debug_info    0x0000034e      0x319 .\CortexM3\ARM_GCC_493\Debug\Cm3Start.o
 .debug_info    0x00000667      0x4b1 .\CortexM3\ARM_GCC_493\Debug\Maaler.a(cyfitter_cfg.o)
 .debug_info    0x00000b18      0x725 .\CortexM3\ARM_GCC_493\Debug\Maaler.a(ADC_DelSig_1.o)
 .debug_info    0x0000123d       0xcc .\CortexM3\ARM_GCC_493\Debug\Maaler.a(ADC_DelSig_1_INT.o)
 .debug_info    0x00001309      0x25d .\CortexM3\ARM_GCC_493\Debug\Maaler.a(ADC_DelSig_1_Ext_CP_Clk.o)
 .debug_info    0x00001566      0x299 .\CortexM3\ARM_GCC_493\Debug\Maaler.a(ADC_DelSig_1_theACLK.o)
 .debug_info    0x000017ff      0xe4a .\CortexM3\ARM_GCC_493\Debug\Maaler.a(CyLib.o)
 .debug_info    0x00002649      0x561 .\CortexM3\ARM_GCC_493\Debug\Maaler.a(cyPm.o)
 .debug_info    0x00002baa      0x11e .\CortexM3\ARM_GCC_493\Debug\Maaler.a(test.o)
 .debug_info    0x00002cc8      0x10a .\CortexM3\ARM_GCC_493\Debug\Maaler.a(AMux_1.o)
 .debug_info    0x00002dd2      0x10a .\CortexM3\ARM_GCC_493\Debug\Maaler.a(AMux_2.o)
 .debug_info    0x00002edc       0xb8 .\CortexM3\ARM_GCC_493\Debug\Maaler.a(CyBootAsmGnu.o)
 .debug_info    0x00002f94      0x36a .\CortexM3\ARM_GCC_493\Debug\Maaler.a(CyFlash.o)
 .debug_info    0x000032fe      0x453 .\CortexM3\ARM_GCC_493\Debug\Maaler.a(CySpc.o)

.debug_abbrev   0x00000000     0x10a9
 *(.debug_abbrev)
 .debug_abbrev  0x00000000       0x8c .\CortexM3\ARM_GCC_493\Debug\main.o
 .debug_abbrev  0x0000008c       0x9f .\CortexM3\ARM_GCC_493\Debug\sample.o
 .debug_abbrev  0x0000012b       0x5d .\CortexM3\ARM_GCC_493\Debug\cymetadata.o
 .debug_abbrev  0x00000188      0x1b6 .\CortexM3\ARM_GCC_493\Debug\Cm3Start.o
 .debug_abbrev  0x0000033e      0x1b0 .\CortexM3\ARM_GCC_493\Debug\Maaler.a(cyfitter_cfg.o)
 .debug_abbrev  0x000004ee      0x19d .\CortexM3\ARM_GCC_493\Debug\Maaler.a(ADC_DelSig_1.o)
 .debug_abbrev  0x0000068b       0x42 .\CortexM3\ARM_GCC_493\Debug\Maaler.a(ADC_DelSig_1_INT.o)
 .debug_abbrev  0x000006cd      0x11d .\CortexM3\ARM_GCC_493\Debug\Maaler.a(ADC_DelSig_1_Ext_CP_Clk.o)
 .debug_abbrev  0x000007ea      0x11d .\CortexM3\ARM_GCC_493\Debug\Maaler.a(ADC_DelSig_1_theACLK.o)
 .debug_abbrev  0x00000907      0x217 .\CortexM3\ARM_GCC_493\Debug\Maaler.a(CyLib.o)
 .debug_abbrev  0x00000b1e      0x161 .\CortexM3\ARM_GCC_493\Debug\Maaler.a(cyPm.o)
 .debug_abbrev  0x00000c7f       0x90 .\CortexM3\ARM_GCC_493\Debug\Maaler.a(test.o)
 .debug_abbrev  0x00000d0f       0x6f .\CortexM3\ARM_GCC_493\Debug\Maaler.a(AMux_1.o)
 .debug_abbrev  0x00000d7e       0x6f .\CortexM3\ARM_GCC_493\Debug\Maaler.a(AMux_2.o)
 .debug_abbrev  0x00000ded       0x14 .\CortexM3\ARM_GCC_493\Debug\Maaler.a(CyBootAsmGnu.o)
 .debug_abbrev  0x00000e01      0x13c .\CortexM3\ARM_GCC_493\Debug\Maaler.a(CyFlash.o)
 .debug_abbrev  0x00000f3d      0x16c .\CortexM3\ARM_GCC_493\Debug\Maaler.a(CySpc.o)

.debug_line     0x00000000     0x2180
 *(.debug_line)
 .debug_line    0x00000000      0x163 .\CortexM3\ARM_GCC_493\Debug\main.o
 .debug_line    0x00000163      0x172 .\CortexM3\ARM_GCC_493\Debug\sample.o
 .debug_line    0x000002d5       0x51 .\CortexM3\ARM_GCC_493\Debug\cymetadata.o
 .debug_line    0x00000326      0x1dc .\CortexM3\ARM_GCC_493\Debug\Cm3Start.o
 .debug_line    0x00000502      0x250 .\CortexM3\ARM_GCC_493\Debug\Maaler.a(cyfitter_cfg.o)
 .debug_line    0x00000752      0x3ca .\CortexM3\ARM_GCC_493\Debug\Maaler.a(ADC_DelSig_1.o)
 .debug_line    0x00000b1c       0x95 .\CortexM3\ARM_GCC_493\Debug\Maaler.a(ADC_DelSig_1_INT.o)
 .debug_line    0x00000bb1      0x1b2 .\CortexM3\ARM_GCC_493\Debug\Maaler.a(ADC_DelSig_1_Ext_CP_Clk.o)
 .debug_line    0x00000d63      0x1d3 .\CortexM3\ARM_GCC_493\Debug\Maaler.a(ADC_DelSig_1_theACLK.o)
 .debug_line    0x00000f36      0x882 .\CortexM3\ARM_GCC_493\Debug\Maaler.a(CyLib.o)
 .debug_line    0x000017b8      0x37f .\CortexM3\ARM_GCC_493\Debug\Maaler.a(cyPm.o)
 .debug_line    0x00001b37       0x93 .\CortexM3\ARM_GCC_493\Debug\Maaler.a(test.o)
 .debug_line    0x00001bca       0x9b .\CortexM3\ARM_GCC_493\Debug\Maaler.a(AMux_1.o)
 .debug_line    0x00001c65       0x9b .\CortexM3\ARM_GCC_493\Debug\Maaler.a(AMux_2.o)
 .debug_line    0x00001d00       0x66 .\CortexM3\ARM_GCC_493\Debug\Maaler.a(CyBootAsmGnu.o)
 .debug_line    0x00001d66      0x205 .\CortexM3\ARM_GCC_493\Debug\Maaler.a(CyFlash.o)
 .debug_line    0x00001f6b      0x215 .\CortexM3\ARM_GCC_493\Debug\Maaler.a(CySpc.o)

.debug_frame    0x00000000     0x206c
 *(.debug_frame)
 .debug_frame   0x00000000       0x30 .\CortexM3\ARM_GCC_493\Debug\main.o
 .debug_frame   0x00000030       0x3c .\CortexM3\ARM_GCC_493\Debug\sample.o
 .debug_frame   0x0000006c       0xd8 .\CortexM3\ARM_GCC_493\Debug\Cm3Start.o
 .debug_frame   0x00000144      0x20c .\CortexM3\ARM_GCC_493\Debug\Maaler.a(cyfitter_cfg.o)
 .debug_frame   0x00000350      0x40c .\CortexM3\ARM_GCC_493\Debug\Maaler.a(ADC_DelSig_1.o)
 .debug_frame   0x0000075c       0xa0 .\CortexM3\ARM_GCC_493\Debug\Maaler.a(ADC_DelSig_1_INT.o)
 .debug_frame   0x000007fc      0x1b4 .\CortexM3\ARM_GCC_493\Debug\Maaler.a(ADC_DelSig_1_Ext_CP_Clk.o)
 .debug_frame   0x000009b0      0x200 .\CortexM3\ARM_GCC_493\Debug\Maaler.a(ADC_DelSig_1_theACLK.o)
 .debug_frame   0x00000bb0      0xc0c .\CortexM3\ARM_GCC_493\Debug\Maaler.a(CyLib.o)
 .debug_frame   0x000017bc      0x234 .\CortexM3\ARM_GCC_493\Debug\Maaler.a(cyPm.o)
 .debug_frame   0x000019f0       0xa8 .\CortexM3\ARM_GCC_493\Debug\Maaler.a(test.o)
 .debug_frame   0x00001a98       0x88 .\CortexM3\ARM_GCC_493\Debug\Maaler.a(AMux_1.o)
 .debug_frame   0x00001b20       0x88 .\CortexM3\ARM_GCC_493\Debug\Maaler.a(AMux_2.o)
 .debug_frame   0x00001ba8      0x210 .\CortexM3\ARM_GCC_493\Debug\Maaler.a(CyFlash.o)
 .debug_frame   0x00001db8      0x1f8 .\CortexM3\ARM_GCC_493\Debug\Maaler.a(CySpc.o)
 .debug_frame   0x00001fb0       0x20 c:/program files (x86)/cypress/psoc creator/4.0/psoc creator/import/gnu/arm/4.9.3/bin/../lib/gcc/arm-none-eabi/4.9.3/../../../../arm-none-eabi/lib/armv7-m\libg_nano.a(lib_a-errno.o)
 .debug_frame   0x00001fd0       0x28 c:/program files (x86)/cypress/psoc creator/4.0/psoc creator/import/gnu/arm/4.9.3/bin/../lib/gcc/arm-none-eabi/4.9.3/../../../../arm-none-eabi/lib/armv7-m\libg_nano.a(lib_a-exit.o)
 .debug_frame   0x00001ff8       0x2c c:/program files (x86)/cypress/psoc creator/4.0/psoc creator/import/gnu/arm/4.9.3/bin/../lib/gcc/arm-none-eabi/4.9.3/../../../../arm-none-eabi/lib/armv7-m\libg_nano.a(lib_a-init.o)
 .debug_frame   0x00002024       0x28 c:/program files (x86)/cypress/psoc creator/4.0/psoc creator/import/gnu/arm/4.9.3/bin/../lib/gcc/arm-none-eabi/4.9.3/../../../../arm-none-eabi/lib/armv7-m\libg_nano.a(lib_a-memcpy.o)
 .debug_frame   0x0000204c       0x20 c:/program files (x86)/cypress/psoc creator/4.0/psoc creator/import/gnu/arm/4.9.3/bin/../lib/gcc/arm-none-eabi/4.9.3/../../../../arm-none-eabi/lib/armv7-m\libg_nano.a(lib_a-memset.o)

.debug_str      0x00000000     0x1d26
 *(.debug_str)
 .debug_str     0x00000000      0x19b .\CortexM3\ARM_GCC_493\Debug\main.o
                                0x1dc (size before relaxing)
 .debug_str     0x0000019b       0x31 .\CortexM3\ARM_GCC_493\Debug\sample.o
                                0x1ec (size before relaxing)
 .debug_str     0x000001cc       0x7b .\CortexM3\ARM_GCC_493\Debug\cymetadata.o
                                0x212 (size before relaxing)
 .debug_str     0x00000247      0x13c .\CortexM3\ARM_GCC_493\Debug\Cm3Start.o
                                0x2f3 (size before relaxing)
 .debug_str     0x00000383      0x1dc .\CortexM3\ARM_GCC_493\Debug\Maaler.a(cyfitter_cfg.o)
                                0x39f (size before relaxing)
 .debug_str     0x0000055f      0x43e .\CortexM3\ARM_GCC_493\Debug\Maaler.a(ADC_DelSig_1.o)
                                0x63f (size before relaxing)
 .debug_str     0x0000099d       0x72 .\CortexM3\ARM_GCC_493\Debug\Maaler.a(ADC_DelSig_1_INT.o)
                                0x209 (size before relaxing)
 .debug_str     0x00000a0f      0x220 .\CortexM3\ARM_GCC_493\Debug\Maaler.a(ADC_DelSig_1_Ext_CP_Clk.o)
                                0x3d6 (size before relaxing)
 .debug_str     0x00000c2f      0x208 .\CortexM3\ARM_GCC_493\Debug\Maaler.a(ADC_DelSig_1_theACLK.o)
                                0x407 (size before relaxing)
 .debug_str     0x00000e37      0x806 .\CortexM3\ARM_GCC_493\Debug\Maaler.a(CyLib.o)
                                0xa06 (size before relaxing)
 .debug_str     0x0000163d      0x365 .\CortexM3\ARM_GCC_493\Debug\Maaler.a(cyPm.o)
                                0x553 (size before relaxing)
 .debug_str     0x000019a2       0x61 .\CortexM3\ARM_GCC_493\Debug\Maaler.a(test.o)
                                0x205 (size before relaxing)
 .debug_str     0x00001a03       0x65 .\CortexM3\ARM_GCC_493\Debug\Maaler.a(AMux_1.o)
                                0x201 (size before relaxing)
 .debug_str     0x00001a68       0x60 .\CortexM3\ARM_GCC_493\Debug\Maaler.a(AMux_2.o)
                                0x201 (size before relaxing)
 .debug_str     0x00001ac8      0x145 .\CortexM3\ARM_GCC_493\Debug\Maaler.a(CyFlash.o)
                                0x312 (size before relaxing)
 .debug_str     0x00001c0d      0x119 .\CortexM3\ARM_GCC_493\Debug\Maaler.a(CySpc.o)
                                0x30f (size before relaxing)

.debug_loc
 *(.debug_loc)

.debug_macinfo
 *(.debug_macinfo)

.debug_ranges   0x00000000      0x6f0
 *(.debug_ranges)
 .debug_ranges  0x00000000       0x10 .\CortexM3\ARM_GCC_493\Debug\main.o
 .debug_ranges  0x00000010       0x10 .\CortexM3\ARM_GCC_493\Debug\sample.o
 .debug_ranges  0x00000020       0x38 .\CortexM3\ARM_GCC_493\Debug\Cm3Start.o
 .debug_ranges  0x00000058       0x70 .\CortexM3\ARM_GCC_493\Debug\Maaler.a(cyfitter_cfg.o)
 .debug_ranges  0x000000c8       0xd8 .\CortexM3\ARM_GCC_493\Debug\Maaler.a(ADC_DelSig_1.o)
 .debug_ranges  0x000001a0       0x28 .\CortexM3\ARM_GCC_493\Debug\Maaler.a(ADC_DelSig_1_INT.o)
 .debug_ranges  0x000001c8       0x60 .\CortexM3\ARM_GCC_493\Debug\Maaler.a(ADC_DelSig_1_Ext_CP_Clk.o)
 .debug_ranges  0x00000228       0x70 .\CortexM3\ARM_GCC_493\Debug\Maaler.a(ADC_DelSig_1_theACLK.o)
 .debug_ranges  0x00000298      0x290 .\CortexM3\ARM_GCC_493\Debug\Maaler.a(CyLib.o)
 .debug_ranges  0x00000528       0x88 .\CortexM3\ARM_GCC_493\Debug\Maaler.a(cyPm.o)
 .debug_ranges  0x000005b0       0x28 .\CortexM3\ARM_GCC_493\Debug\Maaler.a(test.o)
 .debug_ranges  0x000005d8       0x20 .\CortexM3\ARM_GCC_493\Debug\Maaler.a(AMux_1.o)
 .debug_ranges  0x000005f8       0x20 .\CortexM3\ARM_GCC_493\Debug\Maaler.a(AMux_2.o)
 .debug_ranges  0x00000618       0x70 .\CortexM3\ARM_GCC_493\Debug\Maaler.a(CyFlash.o)
 .debug_ranges  0x00000688       0x68 .\CortexM3\ARM_GCC_493\Debug\Maaler.a(CySpc.o)

.comment        0x00000000       0x70
 .comment       0x00000000       0x70 .\CortexM3\ARM_GCC_493\Debug\main.o
                                 0x71 (size before relaxing)
 .comment       0x00000000       0x71 .\CortexM3\ARM_GCC_493\Debug\sample.o
 .comment       0x00000000       0x71 .\CortexM3\ARM_GCC_493\Debug\cymetadata.o
 .comment       0x00000000       0x71 .\CortexM3\ARM_GCC_493\Debug\Cm3Start.o
 .comment       0x00000000       0x71 .\CortexM3\ARM_GCC_493\Debug\Maaler.a(cyfitter_cfg.o)
 .comment       0x00000000       0x71 .\CortexM3\ARM_GCC_493\Debug\Maaler.a(ADC_DelSig_1.o)
 .comment       0x00000000       0x71 .\CortexM3\ARM_GCC_493\Debug\Maaler.a(ADC_DelSig_1_INT.o)
 .comment       0x00000000       0x71 .\CortexM3\ARM_GCC_493\Debug\Maaler.a(ADC_DelSig_1_Ext_CP_Clk.o)
 .comment       0x00000000       0x71 .\CortexM3\ARM_GCC_493\Debug\Maaler.a(ADC_DelSig_1_theACLK.o)
 .comment       0x00000000       0x71 .\CortexM3\ARM_GCC_493\Debug\Maaler.a(CyLib.o)
 .comment       0x00000000       0x71 .\CortexM3\ARM_GCC_493\Debug\Maaler.a(cyPm.o)
 .comment       0x00000000       0x71 .\CortexM3\ARM_GCC_493\Debug\Maaler.a(test.o)
 .comment       0x00000000       0x71 .\CortexM3\ARM_GCC_493\Debug\Maaler.a(AMux_1.o)
 .comment       0x00000000       0x71 .\CortexM3\ARM_GCC_493\Debug\Maaler.a(AMux_2.o)
 .comment       0x00000000       0x71 .\CortexM3\ARM_GCC_493\Debug\Maaler.a(CyFlash.o)
 .comment       0x00000000       0x71 .\CortexM3\ARM_GCC_493\Debug\Maaler.a(CySpc.o)

.debug_weaknames
 *(.debug_weaknames)

.debug_funcnames
 *(.debug_funcnames)

.debug_typenames
 *(.debug_typenames)

.debug_varnames
 *(.debug_varnames)

.note.gnu.arm.ident
 *(.note.gnu.arm.ident)

.ARM.attributes
                0x00000000       0x29
 *(.ARM.attributes)
 .ARM.attributes
                0x00000000       0x1d c:/program files (x86)/cypress/psoc creator/4.0/psoc creator/import/gnu/arm/4.9.3/bin/../lib/gcc/arm-none-eabi/4.9.3/armv7-m/crti.o
 .ARM.attributes
                0x0000001d       0x2d c:/program files (x86)/cypress/psoc creator/4.0/psoc creator/import/gnu/arm/4.9.3/bin/../lib/gcc/arm-none-eabi/4.9.3/armv7-m/crtbegin.o
 .ARM.attributes
                0x0000004a       0x1b c:/program files (x86)/cypress/psoc creator/4.0/psoc creator/import/gnu/arm/4.9.3/bin/../lib/gcc/arm-none-eabi/4.9.3/../../../../arm-none-eabi/lib/armv7-m/crt0.o
 .ARM.attributes
                0x00000065       0x33 .\CortexM3\ARM_GCC_493\Debug\main.o
 .ARM.attributes
                0x00000098       0x33 .\CortexM3\ARM_GCC_493\Debug\sample.o
 .ARM.attributes
                0x000000cb       0x33 .\CortexM3\ARM_GCC_493\Debug\cymetadata.o
 .ARM.attributes
                0x000000fe       0x33 .\CortexM3\ARM_GCC_493\Debug\Cm3Start.o
 .ARM.attributes
                0x00000131       0x33 .\CortexM3\ARM_GCC_493\Debug\Maaler.a(cyfitter_cfg.o)
 .ARM.attributes
                0x00000164       0x33 .\CortexM3\ARM_GCC_493\Debug\Maaler.a(ADC_DelSig_1.o)
 .ARM.attributes
                0x00000197       0x33 .\CortexM3\ARM_GCC_493\Debug\Maaler.a(ADC_DelSig_1_INT.o)
 .ARM.attributes
                0x000001ca       0x33 .\CortexM3\ARM_GCC_493\Debug\Maaler.a(ADC_DelSig_1_Ext_CP_Clk.o)
 .ARM.attributes
                0x000001fd       0x33 .\CortexM3\ARM_GCC_493\Debug\Maaler.a(ADC_DelSig_1_theACLK.o)
 .ARM.attributes
                0x00000230       0x33 .\CortexM3\ARM_GCC_493\Debug\Maaler.a(CyLib.o)
 .ARM.attributes
                0x00000263       0x33 .\CortexM3\ARM_GCC_493\Debug\Maaler.a(cyPm.o)
 .ARM.attributes
                0x00000296       0x33 .\CortexM3\ARM_GCC_493\Debug\Maaler.a(test.o)
 .ARM.attributes
                0x000002c9       0x33 .\CortexM3\ARM_GCC_493\Debug\Maaler.a(AMux_1.o)
 .ARM.attributes
                0x000002fc       0x33 .\CortexM3\ARM_GCC_493\Debug\Maaler.a(AMux_2.o)
 .ARM.attributes
                0x0000032f       0x21 .\CortexM3\ARM_GCC_493\Debug\Maaler.a(CyBootAsmGnu.o)
 .ARM.attributes
                0x00000350       0x33 .\CortexM3\ARM_GCC_493\Debug\Maaler.a(CyFlash.o)
 .ARM.attributes
                0x00000383       0x33 .\CortexM3\ARM_GCC_493\Debug\Maaler.a(CySpc.o)
 .ARM.attributes
                0x000003b6       0x1d c:/program files (x86)/cypress/psoc creator/4.0/psoc creator/import/gnu/arm/4.9.3/bin/../lib/gcc/arm-none-eabi/4.9.3/armv7-m\libgcc.a(_arm_addsubdf3.o)
 .ARM.attributes
                0x000003d3       0x1d c:/program files (x86)/cypress/psoc creator/4.0/psoc creator/import/gnu/arm/4.9.3/bin/../lib/gcc/arm-none-eabi/4.9.3/armv7-m\libgcc.a(_arm_cmpdf2.o)
 .ARM.attributes
                0x000003f0       0x1d c:/program files (x86)/cypress/psoc creator/4.0/psoc creator/import/gnu/arm/4.9.3/bin/../lib/gcc/arm-none-eabi/4.9.3/armv7-m\libgcc.a(_arm_addsubsf3.o)
 .ARM.attributes
                0x0000040d       0x1d c:/program files (x86)/cypress/psoc creator/4.0/psoc creator/import/gnu/arm/4.9.3/bin/../lib/gcc/arm-none-eabi/4.9.3/armv7-m\libgcc.a(_arm_muldivsf3.o)
 .ARM.attributes
                0x0000042a       0x1d c:/program files (x86)/cypress/psoc creator/4.0/psoc creator/import/gnu/arm/4.9.3/bin/../lib/gcc/arm-none-eabi/4.9.3/armv7-m\libgcc.a(_arm_fixunssfsi.o)
 .ARM.attributes
                0x00000447       0x2d c:/program files (x86)/cypress/psoc creator/4.0/psoc creator/import/gnu/arm/4.9.3/bin/../lib/gcc/arm-none-eabi/4.9.3/../../../../arm-none-eabi/lib/armv7-m\libg_nano.a(lib_a-errno.o)
 .ARM.attributes
                0x00000474       0x2d c:/program files (x86)/cypress/psoc creator/4.0/psoc creator/import/gnu/arm/4.9.3/bin/../lib/gcc/arm-none-eabi/4.9.3/../../../../arm-none-eabi/lib/armv7-m\libg_nano.a(lib_a-exit.o)
 .ARM.attributes
                0x000004a1       0x2d c:/program files (x86)/cypress/psoc creator/4.0/psoc creator/import/gnu/arm/4.9.3/bin/../lib/gcc/arm-none-eabi/4.9.3/../../../../arm-none-eabi/lib/armv7-m\libg_nano.a(lib_a-impure.o)
 .ARM.attributes
                0x000004ce       0x2d c:/program files (x86)/cypress/psoc creator/4.0/psoc creator/import/gnu/arm/4.9.3/bin/../lib/gcc/arm-none-eabi/4.9.3/../../../../arm-none-eabi/lib/armv7-m\libg_nano.a(lib_a-init.o)
 .ARM.attributes
                0x000004fb       0x2d c:/program files (x86)/cypress/psoc creator/4.0/psoc creator/import/gnu/arm/4.9.3/bin/../lib/gcc/arm-none-eabi/4.9.3/../../../../arm-none-eabi/lib/armv7-m\libg_nano.a(lib_a-memcpy.o)
 .ARM.attributes
                0x00000528       0x2d c:/program files (x86)/cypress/psoc creator/4.0/psoc creator/import/gnu/arm/4.9.3/bin/../lib/gcc/arm-none-eabi/4.9.3/../../../../arm-none-eabi/lib/armv7-m\libg_nano.a(lib_a-memset.o)
 .ARM.attributes
                0x00000555       0x2d c:/program files (x86)/cypress/psoc creator/4.0/psoc creator/import/gnu/arm/4.9.3/bin/../lib/gcc/arm-none-eabi/4.9.3/armv7-m/crtend.o
 .ARM.attributes
                0x00000582       0x1d c:/program files (x86)/cypress/psoc creator/4.0/psoc creator/import/gnu/arm/4.9.3/bin/../lib/gcc/arm-none-eabi/4.9.3/armv7-m/crtn.o

/DISCARD/
 *(.note.GNU-stack)
OUTPUT(.\CortexM3\ARM_GCC_493\Debug\Maaler.elf elf32-littlearm)
