ARM GAS  C:\Users\User\AppData\Local\Temp\ccGddIjf.s 			page 1


   1              		.syntax unified
   2              		.cpu cortex-m3
   3              		.fpu softvfp
   4              		.eabi_attribute 20, 1
   5              		.eabi_attribute 21, 1
   6              		.eabi_attribute 23, 3
   7              		.eabi_attribute 24, 1
   8              		.eabi_attribute 25, 1
   9              		.eabi_attribute 26, 1
  10              		.eabi_attribute 30, 6
  11              		.eabi_attribute 34, 1
  12              		.eabi_attribute 18, 4
  13              		.thumb
  14              		.file	"cyfitter_cfg.c"
  15              		.text
  16              	.Ltext0:
  17              		.cfi_sections	.debug_frame
  18              		.section	.text.CYMEMZERO,"ax",%progbits
  19              		.align	2
  20              		.thumb
  21              		.thumb_func
  22              		.type	CYMEMZERO, %function
  23              	CYMEMZERO:
  24              	.LFB0:
  25              		.file 1 "Generated_Source\\PSoC5\\cyfitter_cfg.c"
   1:Generated_Source\PSoC5/cyfitter_cfg.c **** /*******************************************************************************
   2:Generated_Source\PSoC5/cyfitter_cfg.c **** * File Name: cyfitter_cfg.c
   3:Generated_Source\PSoC5/cyfitter_cfg.c **** * 
   4:Generated_Source\PSoC5/cyfitter_cfg.c **** * PSoC Creator  4.0 Update 1
   5:Generated_Source\PSoC5/cyfitter_cfg.c **** *
   6:Generated_Source\PSoC5/cyfitter_cfg.c **** * Description:
   7:Generated_Source\PSoC5/cyfitter_cfg.c **** * This file contains device initialization code.
   8:Generated_Source\PSoC5/cyfitter_cfg.c **** * Except for the user defined sections in CyClockStartupError(), this file should not be modified.
   9:Generated_Source\PSoC5/cyfitter_cfg.c **** * This file is automatically generated by PSoC Creator.
  10:Generated_Source\PSoC5/cyfitter_cfg.c **** *
  11:Generated_Source\PSoC5/cyfitter_cfg.c **** ********************************************************************************
  12:Generated_Source\PSoC5/cyfitter_cfg.c **** * Copyright (c) 2007-2016 Cypress Semiconductor.  All rights reserved.
  13:Generated_Source\PSoC5/cyfitter_cfg.c **** * You may use this file only in accordance with the license, terms, conditions, 
  14:Generated_Source\PSoC5/cyfitter_cfg.c **** * disclaimers, and limitations in the end user license agreement accompanying 
  15:Generated_Source\PSoC5/cyfitter_cfg.c **** * the software package with which this file was provided.
  16:Generated_Source\PSoC5/cyfitter_cfg.c **** ********************************************************************************/
  17:Generated_Source\PSoC5/cyfitter_cfg.c **** 
  18:Generated_Source\PSoC5/cyfitter_cfg.c **** #include <string.h>
  19:Generated_Source\PSoC5/cyfitter_cfg.c **** #include "cytypes.h"
  20:Generated_Source\PSoC5/cyfitter_cfg.c **** #include "cydevice_trm.h"
  21:Generated_Source\PSoC5/cyfitter_cfg.c **** #include "cyfitter.h"
  22:Generated_Source\PSoC5/cyfitter_cfg.c **** #include "CyLib.h"
  23:Generated_Source\PSoC5/cyfitter_cfg.c **** #include "cyfitter_cfg.h"
  24:Generated_Source\PSoC5/cyfitter_cfg.c **** #include "cyapicallbacks.h"
  25:Generated_Source\PSoC5/cyfitter_cfg.c **** 
  26:Generated_Source\PSoC5/cyfitter_cfg.c **** #define CY_NEED_CYCLOCKSTARTUPERROR 1
  27:Generated_Source\PSoC5/cyfitter_cfg.c **** 
  28:Generated_Source\PSoC5/cyfitter_cfg.c **** 
  29:Generated_Source\PSoC5/cyfitter_cfg.c **** #if defined(__GNUC__) || defined(__ARMCC_VERSION)
  30:Generated_Source\PSoC5/cyfitter_cfg.c ****     #define CYPACKED 
  31:Generated_Source\PSoC5/cyfitter_cfg.c ****     #define CYPACKED_ATTR __attribute__ ((packed))
  32:Generated_Source\PSoC5/cyfitter_cfg.c ****     #define CYALIGNED __attribute__ ((aligned))
ARM GAS  C:\Users\User\AppData\Local\Temp\ccGddIjf.s 			page 2


  33:Generated_Source\PSoC5/cyfitter_cfg.c ****     #define CY_CFG_UNUSED __attribute__ ((unused))
  34:Generated_Source\PSoC5/cyfitter_cfg.c ****     #ifndef CY_CFG_SECTION
  35:Generated_Source\PSoC5/cyfitter_cfg.c ****         #define CY_CFG_SECTION __attribute__ ((section(".psocinit")))
  36:Generated_Source\PSoC5/cyfitter_cfg.c ****     #endif
  37:Generated_Source\PSoC5/cyfitter_cfg.c ****     
  38:Generated_Source\PSoC5/cyfitter_cfg.c ****     #if defined(__ARMCC_VERSION)
  39:Generated_Source\PSoC5/cyfitter_cfg.c ****         #define CY_CFG_MEMORY_BARRIER() __memory_changed()
  40:Generated_Source\PSoC5/cyfitter_cfg.c ****     #else
  41:Generated_Source\PSoC5/cyfitter_cfg.c ****         #define CY_CFG_MEMORY_BARRIER() __sync_synchronize()
  42:Generated_Source\PSoC5/cyfitter_cfg.c ****     #endif
  43:Generated_Source\PSoC5/cyfitter_cfg.c ****     
  44:Generated_Source\PSoC5/cyfitter_cfg.c **** #elif defined(__ICCARM__)
  45:Generated_Source\PSoC5/cyfitter_cfg.c ****     #include <intrinsics.h>
  46:Generated_Source\PSoC5/cyfitter_cfg.c **** 
  47:Generated_Source\PSoC5/cyfitter_cfg.c ****     #define CYPACKED __packed
  48:Generated_Source\PSoC5/cyfitter_cfg.c ****     #define CYPACKED_ATTR 
  49:Generated_Source\PSoC5/cyfitter_cfg.c ****     #define CYALIGNED _Pragma("data_alignment=4")
  50:Generated_Source\PSoC5/cyfitter_cfg.c ****     #define CY_CFG_UNUSED _Pragma("diag_suppress=Pe177")
  51:Generated_Source\PSoC5/cyfitter_cfg.c ****     #define CY_CFG_SECTION _Pragma("location=\".psocinit\"")
  52:Generated_Source\PSoC5/cyfitter_cfg.c ****     
  53:Generated_Source\PSoC5/cyfitter_cfg.c ****     #define CY_CFG_MEMORY_BARRIER() __DMB()
  54:Generated_Source\PSoC5/cyfitter_cfg.c ****     
  55:Generated_Source\PSoC5/cyfitter_cfg.c **** #else
  56:Generated_Source\PSoC5/cyfitter_cfg.c ****     #error Unsupported toolchain
  57:Generated_Source\PSoC5/cyfitter_cfg.c **** #endif
  58:Generated_Source\PSoC5/cyfitter_cfg.c **** 
  59:Generated_Source\PSoC5/cyfitter_cfg.c **** 
  60:Generated_Source\PSoC5/cyfitter_cfg.c **** CY_CFG_UNUSED
  61:Generated_Source\PSoC5/cyfitter_cfg.c **** static void CYMEMZERO(void *s, size_t n);
  62:Generated_Source\PSoC5/cyfitter_cfg.c **** CY_CFG_UNUSED
  63:Generated_Source\PSoC5/cyfitter_cfg.c **** static void CYMEMZERO(void *s, size_t n)
  64:Generated_Source\PSoC5/cyfitter_cfg.c **** {
  26              		.loc 1 64 0
  27              		.cfi_startproc
  28              		@ args = 0, pretend = 0, frame = 8
  29              		@ frame_needed = 1, uses_anonymous_args = 0
  30 0000 80B5     		push	{r7, lr}
  31              		.cfi_def_cfa_offset 8
  32              		.cfi_offset 7, -8
  33              		.cfi_offset 14, -4
  34 0002 82B0     		sub	sp, sp, #8
  35              		.cfi_def_cfa_offset 16
  36 0004 00AF     		add	r7, sp, #0
  37              		.cfi_def_cfa_register 7
  38 0006 7860     		str	r0, [r7, #4]
  39 0008 3960     		str	r1, [r7]
  65:Generated_Source\PSoC5/cyfitter_cfg.c **** 	(void)memset(s, 0, n);
  40              		.loc 1 65 0
  41 000a 7868     		ldr	r0, [r7, #4]
  42 000c 0021     		movs	r1, #0
  43 000e 3A68     		ldr	r2, [r7]
  44 0010 FFF7FEFF 		bl	memset
  66:Generated_Source\PSoC5/cyfitter_cfg.c **** }
  45              		.loc 1 66 0
  46 0014 0837     		adds	r7, r7, #8
  47              		.cfi_def_cfa_offset 8
  48 0016 BD46     		mov	sp, r7
ARM GAS  C:\Users\User\AppData\Local\Temp\ccGddIjf.s 			page 3


  49              		.cfi_def_cfa_register 13
  50              		@ sp needed
  51 0018 80BD     		pop	{r7, pc}
  52              		.cfi_endproc
  53              	.LFE0:
  54              		.size	CYMEMZERO, .-CYMEMZERO
  55 001a 00BF     		.section	.text.CYCONFIGCPY,"ax",%progbits
  56              		.align	2
  57              		.thumb
  58              		.thumb_func
  59              		.type	CYCONFIGCPY, %function
  60              	CYCONFIGCPY:
  61              	.LFB1:
  67:Generated_Source\PSoC5/cyfitter_cfg.c **** CY_CFG_UNUSED
  68:Generated_Source\PSoC5/cyfitter_cfg.c **** static void CYCONFIGCPY(void *dest, const void *src, size_t n);
  69:Generated_Source\PSoC5/cyfitter_cfg.c **** CY_CFG_UNUSED
  70:Generated_Source\PSoC5/cyfitter_cfg.c **** static void CYCONFIGCPY(void *dest, const void *src, size_t n)
  71:Generated_Source\PSoC5/cyfitter_cfg.c **** {
  62              		.loc 1 71 0
  63              		.cfi_startproc
  64              		@ args = 0, pretend = 0, frame = 16
  65              		@ frame_needed = 1, uses_anonymous_args = 0
  66 0000 80B5     		push	{r7, lr}
  67              		.cfi_def_cfa_offset 8
  68              		.cfi_offset 7, -8
  69              		.cfi_offset 14, -4
  70 0002 84B0     		sub	sp, sp, #16
  71              		.cfi_def_cfa_offset 24
  72 0004 00AF     		add	r7, sp, #0
  73              		.cfi_def_cfa_register 7
  74 0006 F860     		str	r0, [r7, #12]
  75 0008 B960     		str	r1, [r7, #8]
  76 000a 7A60     		str	r2, [r7, #4]
  72:Generated_Source\PSoC5/cyfitter_cfg.c **** 	(void)memcpy(dest, src, n);
  77              		.loc 1 72 0
  78 000c F868     		ldr	r0, [r7, #12]
  79 000e B968     		ldr	r1, [r7, #8]
  80 0010 7A68     		ldr	r2, [r7, #4]
  81 0012 FFF7FEFF 		bl	memcpy
  73:Generated_Source\PSoC5/cyfitter_cfg.c **** }
  82              		.loc 1 73 0
  83 0016 1037     		adds	r7, r7, #16
  84              		.cfi_def_cfa_offset 8
  85 0018 BD46     		mov	sp, r7
  86              		.cfi_def_cfa_register 13
  87              		@ sp needed
  88 001a 80BD     		pop	{r7, pc}
  89              		.cfi_endproc
  90              	.LFE1:
  91              		.size	CYCONFIGCPY, .-CYCONFIGCPY
  92              		.section	.text.CYCONFIGCPYCODE,"ax",%progbits
  93              		.align	2
  94              		.thumb
  95              		.thumb_func
  96              		.type	CYCONFIGCPYCODE, %function
  97              	CYCONFIGCPYCODE:
  98              	.LFB2:
ARM GAS  C:\Users\User\AppData\Local\Temp\ccGddIjf.s 			page 4


  74:Generated_Source\PSoC5/cyfitter_cfg.c **** CY_CFG_UNUSED
  75:Generated_Source\PSoC5/cyfitter_cfg.c **** static void CYCONFIGCPYCODE(void *dest, const void *src, size_t n);
  76:Generated_Source\PSoC5/cyfitter_cfg.c **** CY_CFG_UNUSED
  77:Generated_Source\PSoC5/cyfitter_cfg.c **** static void CYCONFIGCPYCODE(void *dest, const void *src, size_t n)
  78:Generated_Source\PSoC5/cyfitter_cfg.c **** {
  99              		.loc 1 78 0
 100              		.cfi_startproc
 101              		@ args = 0, pretend = 0, frame = 16
 102              		@ frame_needed = 1, uses_anonymous_args = 0
 103 0000 80B5     		push	{r7, lr}
 104              		.cfi_def_cfa_offset 8
 105              		.cfi_offset 7, -8
 106              		.cfi_offset 14, -4
 107 0002 84B0     		sub	sp, sp, #16
 108              		.cfi_def_cfa_offset 24
 109 0004 00AF     		add	r7, sp, #0
 110              		.cfi_def_cfa_register 7
 111 0006 F860     		str	r0, [r7, #12]
 112 0008 B960     		str	r1, [r7, #8]
 113 000a 7A60     		str	r2, [r7, #4]
  79:Generated_Source\PSoC5/cyfitter_cfg.c **** 	(void)memcpy(dest, src, n);
 114              		.loc 1 79 0
 115 000c F868     		ldr	r0, [r7, #12]
 116 000e B968     		ldr	r1, [r7, #8]
 117 0010 7A68     		ldr	r2, [r7, #4]
 118 0012 FFF7FEFF 		bl	memcpy
  80:Generated_Source\PSoC5/cyfitter_cfg.c **** }
 119              		.loc 1 80 0
 120 0016 1037     		adds	r7, r7, #16
 121              		.cfi_def_cfa_offset 8
 122 0018 BD46     		mov	sp, r7
 123              		.cfi_def_cfa_register 13
 124              		@ sp needed
 125 001a 80BD     		pop	{r7, pc}
 126              		.cfi_endproc
 127              	.LFE2:
 128              		.size	CYCONFIGCPYCODE, .-CYCONFIGCPYCODE
 129              		.section	.text.CyClockStartupError,"ax",%progbits
 130              		.align	2
 131              		.thumb
 132              		.thumb_func
 133              		.type	CyClockStartupError, %function
 134              	CyClockStartupError:
 135              	.LFB3:
  81:Generated_Source\PSoC5/cyfitter_cfg.c **** 
  82:Generated_Source\PSoC5/cyfitter_cfg.c **** 
  83:Generated_Source\PSoC5/cyfitter_cfg.c **** 
  84:Generated_Source\PSoC5/cyfitter_cfg.c **** 
  85:Generated_Source\PSoC5/cyfitter_cfg.c **** /* Clock startup error codes                                                   */
  86:Generated_Source\PSoC5/cyfitter_cfg.c **** #define CYCLOCKSTART_NO_ERROR    0u
  87:Generated_Source\PSoC5/cyfitter_cfg.c **** #define CYCLOCKSTART_XTAL_ERROR  1u
  88:Generated_Source\PSoC5/cyfitter_cfg.c **** #define CYCLOCKSTART_32KHZ_ERROR 2u
  89:Generated_Source\PSoC5/cyfitter_cfg.c **** #define CYCLOCKSTART_PLL_ERROR   3u
  90:Generated_Source\PSoC5/cyfitter_cfg.c **** 
  91:Generated_Source\PSoC5/cyfitter_cfg.c **** 
  92:Generated_Source\PSoC5/cyfitter_cfg.c **** #ifdef CY_NEED_CYCLOCKSTARTUPERROR
  93:Generated_Source\PSoC5/cyfitter_cfg.c **** /*******************************************************************************
ARM GAS  C:\Users\User\AppData\Local\Temp\ccGddIjf.s 			page 5


  94:Generated_Source\PSoC5/cyfitter_cfg.c **** * Function Name: CyClockStartupError
  95:Generated_Source\PSoC5/cyfitter_cfg.c **** ********************************************************************************
  96:Generated_Source\PSoC5/cyfitter_cfg.c **** * Summary:
  97:Generated_Source\PSoC5/cyfitter_cfg.c **** *  If an error is encountered during clock configuration (crystal startup error,
  98:Generated_Source\PSoC5/cyfitter_cfg.c **** *  PLL lock error, etc.), the system will end up here.  Unless reimplemented by
  99:Generated_Source\PSoC5/cyfitter_cfg.c **** *  the customer, this function will stop in an infinite loop.
 100:Generated_Source\PSoC5/cyfitter_cfg.c **** *
 101:Generated_Source\PSoC5/cyfitter_cfg.c **** * Parameters:
 102:Generated_Source\PSoC5/cyfitter_cfg.c **** *   void
 103:Generated_Source\PSoC5/cyfitter_cfg.c **** *
 104:Generated_Source\PSoC5/cyfitter_cfg.c **** * Return:
 105:Generated_Source\PSoC5/cyfitter_cfg.c **** *   void
 106:Generated_Source\PSoC5/cyfitter_cfg.c **** *
 107:Generated_Source\PSoC5/cyfitter_cfg.c **** *******************************************************************************/
 108:Generated_Source\PSoC5/cyfitter_cfg.c **** CY_CFG_UNUSED
 109:Generated_Source\PSoC5/cyfitter_cfg.c **** static void CyClockStartupError(uint8 errorCode);
 110:Generated_Source\PSoC5/cyfitter_cfg.c **** CY_CFG_UNUSED
 111:Generated_Source\PSoC5/cyfitter_cfg.c **** static void CyClockStartupError(uint8 errorCode)
 112:Generated_Source\PSoC5/cyfitter_cfg.c **** {
 136              		.loc 1 112 0
 137              		.cfi_startproc
 138              		@ args = 0, pretend = 0, frame = 8
 139              		@ frame_needed = 1, uses_anonymous_args = 0
 140              		@ link register save eliminated.
 141 0000 80B4     		push	{r7}
 142              		.cfi_def_cfa_offset 4
 143              		.cfi_offset 7, -4
 144 0002 83B0     		sub	sp, sp, #12
 145              		.cfi_def_cfa_offset 16
 146 0004 00AF     		add	r7, sp, #0
 147              		.cfi_def_cfa_register 7
 148 0006 0346     		mov	r3, r0
 149 0008 FB71     		strb	r3, [r7, #7]
 150              	.L5:
 113:Generated_Source\PSoC5/cyfitter_cfg.c ****     /* To remove the compiler warning if errorCode not used.                */
 114:Generated_Source\PSoC5/cyfitter_cfg.c ****     errorCode = errorCode;
 115:Generated_Source\PSoC5/cyfitter_cfg.c **** 
 116:Generated_Source\PSoC5/cyfitter_cfg.c ****     /* If we have a clock startup error (bad MHz crystal, PLL lock, etc.),  */
 117:Generated_Source\PSoC5/cyfitter_cfg.c ****     /* we will end up here to allow the customer to implement something to  */
 118:Generated_Source\PSoC5/cyfitter_cfg.c ****     /* deal with the clock condition.                                       */
 119:Generated_Source\PSoC5/cyfitter_cfg.c **** 
 120:Generated_Source\PSoC5/cyfitter_cfg.c **** #ifdef CY_CFG_CLOCK_STARTUP_ERROR_CALLBACK
 121:Generated_Source\PSoC5/cyfitter_cfg.c **** 	CY_CFG_Clock_Startup_ErrorCallback();
 122:Generated_Source\PSoC5/cyfitter_cfg.c **** #else
 123:Generated_Source\PSoC5/cyfitter_cfg.c **** 	/*  If not using CY_CFG_CLOCK_STARTUP_ERROR_CALLBACK, place your clock startup code here. */
 124:Generated_Source\PSoC5/cyfitter_cfg.c ****     /* `#START CyClockStartupError` */
 125:Generated_Source\PSoC5/cyfitter_cfg.c **** 
 126:Generated_Source\PSoC5/cyfitter_cfg.c **** 
 127:Generated_Source\PSoC5/cyfitter_cfg.c **** 
 128:Generated_Source\PSoC5/cyfitter_cfg.c ****     /* `#END` */
 129:Generated_Source\PSoC5/cyfitter_cfg.c **** 
 130:Generated_Source\PSoC5/cyfitter_cfg.c ****     /* If nothing else, stop here since the clocks have not started         */
 131:Generated_Source\PSoC5/cyfitter_cfg.c ****     /* correctly.                                                           */
 132:Generated_Source\PSoC5/cyfitter_cfg.c ****     while(1) {}
 151              		.loc 1 132 0 discriminator 1
 152 000a FEE7     		b	.L5
 153              		.cfi_endproc
ARM GAS  C:\Users\User\AppData\Local\Temp\ccGddIjf.s 			page 6


 154              	.LFE3:
 155              		.size	CyClockStartupError, .-CyClockStartupError
 156              		.section	.text.ClockSetup,"ax",%progbits
 157              		.align	2
 158              		.thumb
 159              		.thumb_func
 160              		.type	ClockSetup, %function
 161              	ClockSetup:
 162              	.LFB4:
 133:Generated_Source\PSoC5/cyfitter_cfg.c **** #endif /* CY_CFG_CLOCK_STARTUP_ERROR_CALLBACK */ 
 134:Generated_Source\PSoC5/cyfitter_cfg.c **** }
 135:Generated_Source\PSoC5/cyfitter_cfg.c **** #endif
 136:Generated_Source\PSoC5/cyfitter_cfg.c **** 
 137:Generated_Source\PSoC5/cyfitter_cfg.c **** /* IOPINS0_1 Address: CYREG_PRT1_DM0 Size (bytes): 8 */
 138:Generated_Source\PSoC5/cyfitter_cfg.c **** #define BS_IOPINS0_1_VAL ((const uint8 CYFAR *)0x48000000u)
 139:Generated_Source\PSoC5/cyfitter_cfg.c **** 
 140:Generated_Source\PSoC5/cyfitter_cfg.c **** 
 141:Generated_Source\PSoC5/cyfitter_cfg.c **** /*******************************************************************************
 142:Generated_Source\PSoC5/cyfitter_cfg.c **** * Function Name: ClockSetup
 143:Generated_Source\PSoC5/cyfitter_cfg.c **** ********************************************************************************
 144:Generated_Source\PSoC5/cyfitter_cfg.c **** *
 145:Generated_Source\PSoC5/cyfitter_cfg.c **** * Summary:
 146:Generated_Source\PSoC5/cyfitter_cfg.c **** *  Performs the initialization of all of the clocks in the device based on the
 147:Generated_Source\PSoC5/cyfitter_cfg.c **** *  settings in the Clock tab of the DWR.  This includes enabling the requested
 148:Generated_Source\PSoC5/cyfitter_cfg.c **** *  clocks and setting the necessary dividers to produce the desired frequency. 
 149:Generated_Source\PSoC5/cyfitter_cfg.c **** *
 150:Generated_Source\PSoC5/cyfitter_cfg.c **** * Parameters:
 151:Generated_Source\PSoC5/cyfitter_cfg.c **** *  void
 152:Generated_Source\PSoC5/cyfitter_cfg.c **** *
 153:Generated_Source\PSoC5/cyfitter_cfg.c **** * Return:
 154:Generated_Source\PSoC5/cyfitter_cfg.c **** *  void
 155:Generated_Source\PSoC5/cyfitter_cfg.c **** *
 156:Generated_Source\PSoC5/cyfitter_cfg.c **** *******************************************************************************/
 157:Generated_Source\PSoC5/cyfitter_cfg.c **** static void ClockSetup(void);
 158:Generated_Source\PSoC5/cyfitter_cfg.c **** static void ClockSetup(void)
 159:Generated_Source\PSoC5/cyfitter_cfg.c **** {
 163              		.loc 1 159 0
 164              		.cfi_startproc
 165              		@ args = 0, pretend = 0, frame = 8
 166              		@ frame_needed = 1, uses_anonymous_args = 0
 167 0000 80B5     		push	{r7, lr}
 168              		.cfi_def_cfa_offset 8
 169              		.cfi_offset 7, -8
 170              		.cfi_offset 14, -4
 171 0002 82B0     		sub	sp, sp, #8
 172              		.cfi_def_cfa_offset 16
 173 0004 00AF     		add	r7, sp, #0
 174              		.cfi_def_cfa_register 7
 160:Generated_Source\PSoC5/cyfitter_cfg.c **** 	uint32 timeout;
 161:Generated_Source\PSoC5/cyfitter_cfg.c **** 	uint8 pllLock;
 162:Generated_Source\PSoC5/cyfitter_cfg.c **** 
 163:Generated_Source\PSoC5/cyfitter_cfg.c **** 
 164:Generated_Source\PSoC5/cyfitter_cfg.c **** 	/* Configure ILO based on settings from Clock DWR */
 165:Generated_Source\PSoC5/cyfitter_cfg.c **** 	CY_SET_XTND_REG8((void CYFAR *)(CYREG_SLOWCLK_ILO_CR0), 0x02u);
 175              		.loc 1 165 0
 176 0006 294B     		ldr	r3, .L11
 177 0008 0222     		movs	r2, #2
ARM GAS  C:\Users\User\AppData\Local\Temp\ccGddIjf.s 			page 7


 178 000a 1A70     		strb	r2, [r3]
 166:Generated_Source\PSoC5/cyfitter_cfg.c **** 	CY_SET_XTND_REG8((void CYFAR *)(CYREG_CLKDIST_CR), 0x08u);
 179              		.loc 1 166 0
 180 000c 4FF04023 		mov	r3, #1073758208
 181 0010 0822     		movs	r2, #8
 182 0012 1A70     		strb	r2, [r3]
 167:Generated_Source\PSoC5/cyfitter_cfg.c **** 
 168:Generated_Source\PSoC5/cyfitter_cfg.c **** 	/* Configure IMO based on settings from Clock DWR */
 169:Generated_Source\PSoC5/cyfitter_cfg.c **** 	CY_SET_XTND_REG8((void CYFAR *)(CYREG_FASTCLK_IMO_CR), 0x03u);
 183              		.loc 1 169 0
 184 0014 264B     		ldr	r3, .L11+4
 185 0016 0322     		movs	r2, #3
 186 0018 1A70     		strb	r2, [r3]
 170:Generated_Source\PSoC5/cyfitter_cfg.c **** 	CY_SET_XTND_REG8((void CYFAR *)(CYREG_IMO_TR1), (CY_GET_XTND_REG8((void CYFAR *)CYREG_FLSHID_CUST_
 187              		.loc 1 170 0
 188 001a 264B     		ldr	r3, .L11+8
 189 001c 264A     		ldr	r2, .L11+12
 190 001e 1278     		ldrb	r2, [r2]
 191 0020 D2B2     		uxtb	r2, r2
 192 0022 1A70     		strb	r2, [r3]
 171:Generated_Source\PSoC5/cyfitter_cfg.c **** 
 172:Generated_Source\PSoC5/cyfitter_cfg.c **** 	/* Configure PLL based on settings from Clock DWR */
 173:Generated_Source\PSoC5/cyfitter_cfg.c **** 	CY_SET_XTND_REG16((void CYFAR *)(CYREG_FASTCLK_PLL_P), 0x0008u);
 193              		.loc 1 173 0
 194 0024 254B     		ldr	r3, .L11+16
 195 0026 0822     		movs	r2, #8
 196 0028 1A80     		strh	r2, [r3]	@ movhi
 174:Generated_Source\PSoC5/cyfitter_cfg.c **** 	CY_SET_XTND_REG16((void CYFAR *)(CYREG_FASTCLK_PLL_CFG0), 0x1251u);
 197              		.loc 1 174 0
 198 002a 254B     		ldr	r3, .L11+20
 199 002c 41F25122 		movw	r2, #4689
 200 0030 1A80     		strh	r2, [r3]	@ movhi
 175:Generated_Source\PSoC5/cyfitter_cfg.c **** 	/* Wait up to 250us for the PLL to lock */
 176:Generated_Source\PSoC5/cyfitter_cfg.c **** 	pllLock = 0u;
 201              		.loc 1 176 0
 202 0032 0023     		movs	r3, #0
 203 0034 FB70     		strb	r3, [r7, #3]
 177:Generated_Source\PSoC5/cyfitter_cfg.c **** 	for (timeout = 250u / 10u; (timeout > 0u) && (pllLock != 0x03u); timeout--)
 204              		.loc 1 177 0
 205 0036 1923     		movs	r3, #25
 206 0038 7B60     		str	r3, [r7, #4]
 207 003a 14E0     		b	.L7
 208              	.L9:
 178:Generated_Source\PSoC5/cyfitter_cfg.c **** 	{ 
 179:Generated_Source\PSoC5/cyfitter_cfg.c **** 		pllLock = 0x03u & ((uint8)((uint8)pllLock << 1) | ((CY_GET_XTND_REG8((void CYFAR *)CYREG_FASTCLK_
 209              		.loc 1 179 0 discriminator 4
 210 003c FB78     		ldrb	r3, [r7, #3]
 211 003e 5B00     		lsls	r3, r3, #1
 212 0040 DAB2     		uxtb	r2, r3
 213 0042 204B     		ldr	r3, .L11+24
 214 0044 1B78     		ldrb	r3, [r3]
 215 0046 DBB2     		uxtb	r3, r3
 216 0048 03F00103 		and	r3, r3, #1
 217 004c DBB2     		uxtb	r3, r3
 218 004e 1343     		orrs	r3, r3, r2
 219 0050 DBB2     		uxtb	r3, r3
 220 0052 03F00303 		and	r3, r3, #3
ARM GAS  C:\Users\User\AppData\Local\Temp\ccGddIjf.s 			page 8


 221 0056 FB70     		strb	r3, [r7, #3]
 180:Generated_Source\PSoC5/cyfitter_cfg.c **** 		CyDelayCycles(10u * 48u); /* Delay 10us based on 48MHz clock */
 222              		.loc 1 180 0 discriminator 4
 223 0058 4FF4F070 		mov	r0, #480
 224 005c FFF7FEFF 		bl	CyDelayCycles
 177:Generated_Source\PSoC5/cyfitter_cfg.c **** 	for (timeout = 250u / 10u; (timeout > 0u) && (pllLock != 0x03u); timeout--)
 225              		.loc 1 177 0 discriminator 4
 226 0060 7B68     		ldr	r3, [r7, #4]
 227 0062 013B     		subs	r3, r3, #1
 228 0064 7B60     		str	r3, [r7, #4]
 229              	.L7:
 177:Generated_Source\PSoC5/cyfitter_cfg.c **** 	for (timeout = 250u / 10u; (timeout > 0u) && (pllLock != 0x03u); timeout--)
 230              		.loc 1 177 0 is_stmt 0 discriminator 1
 231 0066 7B68     		ldr	r3, [r7, #4]
 232 0068 002B     		cmp	r3, #0
 233 006a 02D0     		beq	.L8
 177:Generated_Source\PSoC5/cyfitter_cfg.c **** 	for (timeout = 250u / 10u; (timeout > 0u) && (pllLock != 0x03u); timeout--)
 234              		.loc 1 177 0 discriminator 3
 235 006c FB78     		ldrb	r3, [r7, #3]	@ zero_extendqisi2
 236 006e 032B     		cmp	r3, #3
 237 0070 E4D1     		bne	.L9
 238              	.L8:
 181:Generated_Source\PSoC5/cyfitter_cfg.c **** 	}
 182:Generated_Source\PSoC5/cyfitter_cfg.c **** 	/* If we ran out of time the PLL didn't lock so go to the error function */
 183:Generated_Source\PSoC5/cyfitter_cfg.c **** 	if (timeout == 0u)
 239              		.loc 1 183 0 is_stmt 1
 240 0072 7B68     		ldr	r3, [r7, #4]
 241 0074 002B     		cmp	r3, #0
 242 0076 02D1     		bne	.L10
 184:Generated_Source\PSoC5/cyfitter_cfg.c **** 	{
 185:Generated_Source\PSoC5/cyfitter_cfg.c **** 		CyClockStartupError(CYCLOCKSTART_PLL_ERROR);
 243              		.loc 1 185 0
 244 0078 0320     		movs	r0, #3
 245 007a FFF7FEFF 		bl	CyClockStartupError
 246              	.L10:
 186:Generated_Source\PSoC5/cyfitter_cfg.c **** 	}
 187:Generated_Source\PSoC5/cyfitter_cfg.c **** 
 188:Generated_Source\PSoC5/cyfitter_cfg.c **** 	/* Configure Bus/Master Clock based on settings from Clock DWR */
 189:Generated_Source\PSoC5/cyfitter_cfg.c **** 	CY_SET_XTND_REG16((void CYFAR *)(CYREG_CLKDIST_MSTR0), 0x0100u);
 247              		.loc 1 189 0
 248 007e 124B     		ldr	r3, .L11+28
 249 0080 4FF48072 		mov	r2, #256
 250 0084 1A80     		strh	r2, [r3]	@ movhi
 190:Generated_Source\PSoC5/cyfitter_cfg.c **** 	CY_SET_XTND_REG8((void CYFAR *)(CYREG_CLKDIST_MSTR0), 0x07u);
 251              		.loc 1 190 0
 252 0086 104B     		ldr	r3, .L11+28
 253 0088 0722     		movs	r2, #7
 254 008a 1A70     		strb	r2, [r3]
 191:Generated_Source\PSoC5/cyfitter_cfg.c **** 	CY_SET_XTND_REG8((void CYFAR *)(CYREG_CLKDIST_BCFG0), 0x00u);
 255              		.loc 1 191 0
 256 008c 0F4B     		ldr	r3, .L11+32
 257 008e 0022     		movs	r2, #0
 258 0090 1A70     		strb	r2, [r3]
 192:Generated_Source\PSoC5/cyfitter_cfg.c **** 	CY_SET_XTND_REG8((void CYFAR *)(CYREG_CLKDIST_BCFG2), 0x48u);
 259              		.loc 1 192 0
 260 0092 0F4B     		ldr	r3, .L11+36
 261 0094 4822     		movs	r2, #72
ARM GAS  C:\Users\User\AppData\Local\Temp\ccGddIjf.s 			page 9


 262 0096 1A70     		strb	r2, [r3]
 193:Generated_Source\PSoC5/cyfitter_cfg.c **** 	CY_SET_XTND_REG8((void CYFAR *)(CYREG_CLKDIST_MSTR0), 0x00u);
 263              		.loc 1 193 0
 264 0098 0B4B     		ldr	r3, .L11+28
 265 009a 0022     		movs	r2, #0
 266 009c 1A70     		strb	r2, [r3]
 194:Generated_Source\PSoC5/cyfitter_cfg.c **** 	CY_SET_XTND_REG8((void CYFAR *)(CYREG_CLKDIST_LD), 0x02u);
 267              		.loc 1 194 0
 268 009e 0D4B     		ldr	r3, .L11+40
 269 00a0 0222     		movs	r2, #2
 270 00a2 1A70     		strb	r2, [r3]
 195:Generated_Source\PSoC5/cyfitter_cfg.c **** }
 271              		.loc 1 195 0
 272 00a4 0837     		adds	r7, r7, #8
 273              		.cfi_def_cfa_offset 8
 274 00a6 BD46     		mov	sp, r7
 275              		.cfi_def_cfa_register 13
 276              		@ sp needed
 277 00a8 80BD     		pop	{r7, pc}
 278              	.L12:
 279 00aa 00BF     		.align	2
 280              	.L11:
 281 00ac 00430040 		.word	1073758976
 282 00b0 00420040 		.word	1073758720
 283 00b4 A1460040 		.word	1073759905
 284 00b8 08010049 		.word	1224737032
 285 00bc 22420040 		.word	1073758754
 286 00c0 20420040 		.word	1073758752
 287 00c4 25420040 		.word	1073758757
 288 00c8 04400040 		.word	1073758212
 289 00cc 06400040 		.word	1073758214
 290 00d0 08400040 		.word	1073758216
 291 00d4 01400040 		.word	1073758209
 292              		.cfi_endproc
 293              	.LFE4:
 294              		.size	ClockSetup, .-ClockSetup
 295              		.section	.text.AnalogSetDefault,"ax",%progbits
 296              		.align	2
 297              		.thumb
 298              		.thumb_func
 299              		.type	AnalogSetDefault, %function
 300              	AnalogSetDefault:
 301              	.LFB5:
 196:Generated_Source\PSoC5/cyfitter_cfg.c **** 
 197:Generated_Source\PSoC5/cyfitter_cfg.c **** 
 198:Generated_Source\PSoC5/cyfitter_cfg.c **** /* Analog API Functions */
 199:Generated_Source\PSoC5/cyfitter_cfg.c **** 
 200:Generated_Source\PSoC5/cyfitter_cfg.c **** 
 201:Generated_Source\PSoC5/cyfitter_cfg.c **** /*******************************************************************************
 202:Generated_Source\PSoC5/cyfitter_cfg.c **** * Function Name: AnalogSetDefault
 203:Generated_Source\PSoC5/cyfitter_cfg.c **** ********************************************************************************
 204:Generated_Source\PSoC5/cyfitter_cfg.c **** *
 205:Generated_Source\PSoC5/cyfitter_cfg.c **** * Summary:
 206:Generated_Source\PSoC5/cyfitter_cfg.c **** *  Sets up the analog portions of the chip to default values based on chip
 207:Generated_Source\PSoC5/cyfitter_cfg.c **** *  configuration options from the project.
 208:Generated_Source\PSoC5/cyfitter_cfg.c **** *
 209:Generated_Source\PSoC5/cyfitter_cfg.c **** * Parameters:
ARM GAS  C:\Users\User\AppData\Local\Temp\ccGddIjf.s 			page 10


 210:Generated_Source\PSoC5/cyfitter_cfg.c **** *  void
 211:Generated_Source\PSoC5/cyfitter_cfg.c **** *
 212:Generated_Source\PSoC5/cyfitter_cfg.c **** * Return:
 213:Generated_Source\PSoC5/cyfitter_cfg.c **** *  void
 214:Generated_Source\PSoC5/cyfitter_cfg.c **** *
 215:Generated_Source\PSoC5/cyfitter_cfg.c **** *******************************************************************************/
 216:Generated_Source\PSoC5/cyfitter_cfg.c **** static void AnalogSetDefault(void);
 217:Generated_Source\PSoC5/cyfitter_cfg.c **** static void AnalogSetDefault(void)
 218:Generated_Source\PSoC5/cyfitter_cfg.c **** {
 302              		.loc 1 218 0
 303              		.cfi_startproc
 304              		@ args = 0, pretend = 0, frame = 8
 305              		@ frame_needed = 1, uses_anonymous_args = 0
 306              		@ link register save eliminated.
 307 0000 80B4     		push	{r7}
 308              		.cfi_def_cfa_offset 4
 309              		.cfi_offset 7, -4
 310 0002 83B0     		sub	sp, sp, #12
 311              		.cfi_def_cfa_offset 16
 312 0004 00AF     		add	r7, sp, #0
 313              		.cfi_def_cfa_register 7
 219:Generated_Source\PSoC5/cyfitter_cfg.c **** 	uint8 bg_xover_inl_trim = CY_GET_XTND_REG8((void CYFAR *)(CYREG_FLSHID_MFG_CFG_BG_XOVER_INL_TRIM +
 314              		.loc 1 219 0
 315 0006 0B4B     		ldr	r3, .L14
 316 0008 1B78     		ldrb	r3, [r3]
 317 000a FB71     		strb	r3, [r7, #7]
 220:Generated_Source\PSoC5/cyfitter_cfg.c **** 	CY_SET_XTND_REG8((void CYFAR *)(CYREG_BG_DFT0), (bg_xover_inl_trim & 0x07u));
 318              		.loc 1 220 0
 319 000c 0A4A     		ldr	r2, .L14+4
 320 000e FB79     		ldrb	r3, [r7, #7]
 321 0010 03F00703 		and	r3, r3, #7
 322 0014 DBB2     		uxtb	r3, r3
 323 0016 1370     		strb	r3, [r2]
 221:Generated_Source\PSoC5/cyfitter_cfg.c **** 	CY_SET_XTND_REG8((void CYFAR *)(CYREG_BG_DFT1), ((bg_xover_inl_trim >> 4) & 0x0Fu));
 324              		.loc 1 221 0
 325 0018 084A     		ldr	r2, .L14+8
 326 001a FB79     		ldrb	r3, [r7, #7]	@ zero_extendqisi2
 327 001c 1B09     		lsrs	r3, r3, #4
 328 001e DBB2     		uxtb	r3, r3
 329 0020 1370     		strb	r3, [r2]
 222:Generated_Source\PSoC5/cyfitter_cfg.c **** 	CY_SET_XTND_REG8((void CYFAR *)CYREG_PUMP_CR0, 0x44u);
 330              		.loc 1 222 0
 331 0022 074B     		ldr	r3, .L14+12
 332 0024 4422     		movs	r2, #68
 333 0026 1A70     		strb	r2, [r3]
 223:Generated_Source\PSoC5/cyfitter_cfg.c **** }
 334              		.loc 1 223 0
 335 0028 0C37     		adds	r7, r7, #12
 336              		.cfi_def_cfa_offset 4
 337 002a BD46     		mov	sp, r7
 338              		.cfi_def_cfa_register 13
 339              		@ sp needed
 340 002c 5DF8047B 		ldr	r7, [sp], #4
 341              		.cfi_restore 7
 342              		.cfi_def_cfa_offset 0
 343 0030 7047     		bx	lr
 344              	.L15:
ARM GAS  C:\Users\User\AppData\Local\Temp\ccGddIjf.s 			page 11


 345 0032 00BF     		.align	2
 346              	.L14:
 347 0034 CF010049 		.word	1224737231
 348 0038 6E580040 		.word	1073764462
 349 003c 6F580040 		.word	1073764463
 350 0040 76580040 		.word	1073764470
 351              		.cfi_endproc
 352              	.LFE5:
 353              		.size	AnalogSetDefault, .-AnalogSetDefault
 354              		.section	.text.SetAnalogRoutingPumps,"ax",%progbits
 355              		.align	2
 356              		.global	SetAnalogRoutingPumps
 357              		.thumb
 358              		.thumb_func
 359              		.type	SetAnalogRoutingPumps, %function
 360              	SetAnalogRoutingPumps:
 361              	.LFB6:
 224:Generated_Source\PSoC5/cyfitter_cfg.c **** 
 225:Generated_Source\PSoC5/cyfitter_cfg.c **** 
 226:Generated_Source\PSoC5/cyfitter_cfg.c **** /*******************************************************************************
 227:Generated_Source\PSoC5/cyfitter_cfg.c **** * Function Name: SetAnalogRoutingPumps
 228:Generated_Source\PSoC5/cyfitter_cfg.c **** ********************************************************************************
 229:Generated_Source\PSoC5/cyfitter_cfg.c **** *
 230:Generated_Source\PSoC5/cyfitter_cfg.c **** * Summary:
 231:Generated_Source\PSoC5/cyfitter_cfg.c **** * Enables or disables the analog pumps feeding analog routing switches.
 232:Generated_Source\PSoC5/cyfitter_cfg.c **** * Intended to be called at startup, based on the Vdda system configuration;
 233:Generated_Source\PSoC5/cyfitter_cfg.c **** * may be called during operation when the user informs us that the Vdda voltage
 234:Generated_Source\PSoC5/cyfitter_cfg.c **** * crossed the pump threshold.
 235:Generated_Source\PSoC5/cyfitter_cfg.c **** *
 236:Generated_Source\PSoC5/cyfitter_cfg.c **** * Parameters:
 237:Generated_Source\PSoC5/cyfitter_cfg.c **** *  enabled - 1 to enable the pumps, 0 to disable the pumps
 238:Generated_Source\PSoC5/cyfitter_cfg.c **** *
 239:Generated_Source\PSoC5/cyfitter_cfg.c **** * Return:
 240:Generated_Source\PSoC5/cyfitter_cfg.c **** *  void
 241:Generated_Source\PSoC5/cyfitter_cfg.c **** *
 242:Generated_Source\PSoC5/cyfitter_cfg.c **** *******************************************************************************/
 243:Generated_Source\PSoC5/cyfitter_cfg.c **** void SetAnalogRoutingPumps(uint8 enabled)
 244:Generated_Source\PSoC5/cyfitter_cfg.c **** {
 362              		.loc 1 244 0
 363              		.cfi_startproc
 364              		@ args = 0, pretend = 0, frame = 16
 365              		@ frame_needed = 1, uses_anonymous_args = 0
 366              		@ link register save eliminated.
 367 0000 80B4     		push	{r7}
 368              		.cfi_def_cfa_offset 4
 369              		.cfi_offset 7, -4
 370 0002 85B0     		sub	sp, sp, #20
 371              		.cfi_def_cfa_offset 24
 372 0004 00AF     		add	r7, sp, #0
 373              		.cfi_def_cfa_register 7
 374 0006 0346     		mov	r3, r0
 375 0008 FB71     		strb	r3, [r7, #7]
 245:Generated_Source\PSoC5/cyfitter_cfg.c **** 	uint8 regValue = CY_GET_XTND_REG8((void CYFAR *)CYREG_PUMP_CR0);
 376              		.loc 1 245 0
 377 000a 064B     		ldr	r3, .L19
 378 000c 1B78     		ldrb	r3, [r3]
 379 000e FB73     		strb	r3, [r7, #15]
ARM GAS  C:\Users\User\AppData\Local\Temp\ccGddIjf.s 			page 12


 246:Generated_Source\PSoC5/cyfitter_cfg.c **** 	if (enabled != 0u)
 380              		.loc 1 246 0
 381 0010 FB79     		ldrb	r3, [r7, #7]	@ zero_extendqisi2
 382 0012 002B     		cmp	r3, #0
 247:Generated_Source\PSoC5/cyfitter_cfg.c **** 	{
 248:Generated_Source\PSoC5/cyfitter_cfg.c **** 		regValue |= 0x00u;
 249:Generated_Source\PSoC5/cyfitter_cfg.c **** 	}
 250:Generated_Source\PSoC5/cyfitter_cfg.c **** 	else
 251:Generated_Source\PSoC5/cyfitter_cfg.c **** 	{
 252:Generated_Source\PSoC5/cyfitter_cfg.c **** 		regValue &= (uint8)~0x00u;
 253:Generated_Source\PSoC5/cyfitter_cfg.c **** 	}
 254:Generated_Source\PSoC5/cyfitter_cfg.c **** 	CY_SET_XTND_REG8((void CYFAR *)CYREG_PUMP_CR0, regValue);
 383              		.loc 1 254 0
 384 0014 034A     		ldr	r2, .L19
 385 0016 FB7B     		ldrb	r3, [r7, #15]
 386 0018 1370     		strb	r3, [r2]
 255:Generated_Source\PSoC5/cyfitter_cfg.c **** }
 387              		.loc 1 255 0
 388 001a 1437     		adds	r7, r7, #20
 389              		.cfi_def_cfa_offset 4
 390 001c BD46     		mov	sp, r7
 391              		.cfi_def_cfa_register 13
 392              		@ sp needed
 393 001e 5DF8047B 		ldr	r7, [sp], #4
 394              		.cfi_restore 7
 395              		.cfi_def_cfa_offset 0
 396 0022 7047     		bx	lr
 397              	.L20:
 398              		.align	2
 399              	.L19:
 400 0024 76580040 		.word	1073764470
 401              		.cfi_endproc
 402              	.LFE6:
 403              		.size	SetAnalogRoutingPumps, .-SetAnalogRoutingPumps
 404              		.section	.text.cyfitter_cfg,"ax",%progbits
 405              		.align	2
 406              		.global	cyfitter_cfg
 407              		.thumb
 408              		.thumb_func
 409              		.type	cyfitter_cfg, %function
 410              	cyfitter_cfg:
 411              	.LFB7:
 256:Generated_Source\PSoC5/cyfitter_cfg.c **** 
 257:Generated_Source\PSoC5/cyfitter_cfg.c **** #define CY_AMUX_UNUSED CYREG_BOOST_SR
 258:Generated_Source\PSoC5/cyfitter_cfg.c **** 
 259:Generated_Source\PSoC5/cyfitter_cfg.c **** 
 260:Generated_Source\PSoC5/cyfitter_cfg.c **** /*******************************************************************************
 261:Generated_Source\PSoC5/cyfitter_cfg.c **** * Function Name: cyfitter_cfg
 262:Generated_Source\PSoC5/cyfitter_cfg.c **** ********************************************************************************
 263:Generated_Source\PSoC5/cyfitter_cfg.c **** * Summary:
 264:Generated_Source\PSoC5/cyfitter_cfg.c **** *  This function is called by the start-up code for the selected device. It
 265:Generated_Source\PSoC5/cyfitter_cfg.c **** *  performs all of the necessary device configuration based on the design
 266:Generated_Source\PSoC5/cyfitter_cfg.c **** *  settings.  This includes settings from the Design Wide Resources (DWR) such
 267:Generated_Source\PSoC5/cyfitter_cfg.c **** *  as Clocks and Pins as well as any component configuration that is necessary.
 268:Generated_Source\PSoC5/cyfitter_cfg.c **** *
 269:Generated_Source\PSoC5/cyfitter_cfg.c **** * Parameters:  
 270:Generated_Source\PSoC5/cyfitter_cfg.c **** *   void
ARM GAS  C:\Users\User\AppData\Local\Temp\ccGddIjf.s 			page 13


 271:Generated_Source\PSoC5/cyfitter_cfg.c **** *
 272:Generated_Source\PSoC5/cyfitter_cfg.c **** * Return:
 273:Generated_Source\PSoC5/cyfitter_cfg.c **** *   void
 274:Generated_Source\PSoC5/cyfitter_cfg.c **** *
 275:Generated_Source\PSoC5/cyfitter_cfg.c **** *******************************************************************************/
 276:Generated_Source\PSoC5/cyfitter_cfg.c **** 
 277:Generated_Source\PSoC5/cyfitter_cfg.c **** void cyfitter_cfg(void)
 278:Generated_Source\PSoC5/cyfitter_cfg.c **** {
 412              		.loc 1 278 0
 413              		.cfi_startproc
 414              		@ args = 0, pretend = 0, frame = 8
 415              		@ frame_needed = 1, uses_anonymous_args = 0
 416 0000 80B5     		push	{r7, lr}
 417              		.cfi_def_cfa_offset 8
 418              		.cfi_offset 7, -8
 419              		.cfi_offset 14, -4
 420 0002 82B0     		sub	sp, sp, #8
 421              		.cfi_def_cfa_offset 16
 422 0004 00AF     		add	r7, sp, #0
 423              		.cfi_def_cfa_register 7
 279:Generated_Source\PSoC5/cyfitter_cfg.c **** #ifdef CYGlobalIntDisable
 280:Generated_Source\PSoC5/cyfitter_cfg.c **** 	/* Disable interrupts by default. Let user enable if/when they want. */
 281:Generated_Source\PSoC5/cyfitter_cfg.c **** 	CYGlobalIntDisable
 424              		.loc 1 281 0
 425              	@ 281 "Generated_Source\PSoC5\cyfitter_cfg.c" 1
 426 0006 72B6     		CPSID   i
 427              	@ 0 "" 2
 282:Generated_Source\PSoC5/cyfitter_cfg.c **** #endif
 283:Generated_Source\PSoC5/cyfitter_cfg.c **** 
 284:Generated_Source\PSoC5/cyfitter_cfg.c **** 	/* Enable/Disable Debug functionality based on settings from System DWR */
 285:Generated_Source\PSoC5/cyfitter_cfg.c **** 	CY_SET_XTND_REG8((void CYFAR *)CYREG_MLOGIC_DEBUG, (CY_GET_XTND_REG8((void CYFAR *)CYREG_MLOGIC_DE
 428              		.loc 1 285 0
 429              		.thumb
 430 0008 324A     		ldr	r2, .L24
 431 000a 324B     		ldr	r3, .L24
 432 000c 1B78     		ldrb	r3, [r3]
 433 000e DBB2     		uxtb	r3, r3
 434 0010 43F00403 		orr	r3, r3, #4
 435 0014 DBB2     		uxtb	r3, r3
 436 0016 1370     		strb	r3, [r2]
 437              	.LBB2:
 286:Generated_Source\PSoC5/cyfitter_cfg.c **** 
 287:Generated_Source\PSoC5/cyfitter_cfg.c **** 	{
 288:Generated_Source\PSoC5/cyfitter_cfg.c **** 
 289:Generated_Source\PSoC5/cyfitter_cfg.c **** 		CYPACKED typedef struct {
 290:Generated_Source\PSoC5/cyfitter_cfg.c **** 			void CYFAR *address;
 291:Generated_Source\PSoC5/cyfitter_cfg.c **** 			uint16 size;
 292:Generated_Source\PSoC5/cyfitter_cfg.c **** 		} CYPACKED_ATTR cfg_memset_t;
 293:Generated_Source\PSoC5/cyfitter_cfg.c **** 
 294:Generated_Source\PSoC5/cyfitter_cfg.c **** 		static const cfg_memset_t CYCODE cfg_memset_list [] = {
 295:Generated_Source\PSoC5/cyfitter_cfg.c **** 			/* address, size */
 296:Generated_Source\PSoC5/cyfitter_cfg.c **** 			{(void CYFAR *)(CYREG_PRT0_DR), 16u},
 297:Generated_Source\PSoC5/cyfitter_cfg.c **** 			{(void CYFAR *)(CYREG_PRT2_DR), 80u},
 298:Generated_Source\PSoC5/cyfitter_cfg.c **** 			{(void CYFAR *)(CYREG_PRT12_DR), 16u},
 299:Generated_Source\PSoC5/cyfitter_cfg.c **** 			{(void CYFAR *)(CYREG_PRT15_DR), 16u},
 300:Generated_Source\PSoC5/cyfitter_cfg.c **** 			{(void CYFAR *)(CYDEV_UCFG_B0_P0_U0_BASE), 4096u},
 301:Generated_Source\PSoC5/cyfitter_cfg.c **** 			{(void CYFAR *)(CYDEV_UCFG_B1_P2_U0_BASE), 2048u},
ARM GAS  C:\Users\User\AppData\Local\Temp\ccGddIjf.s 			page 14


 302:Generated_Source\PSoC5/cyfitter_cfg.c **** 			{(void CYFAR *)(CYDEV_UCFG_DSI0_BASE), 2560u},
 303:Generated_Source\PSoC5/cyfitter_cfg.c **** 			{(void CYFAR *)(CYDEV_UCFG_DSI12_BASE), 512u},
 304:Generated_Source\PSoC5/cyfitter_cfg.c **** 			{(void CYFAR *)(CYREG_BCTL0_MDCLK_EN), 32u},
 305:Generated_Source\PSoC5/cyfitter_cfg.c **** 		};
 306:Generated_Source\PSoC5/cyfitter_cfg.c **** 
 307:Generated_Source\PSoC5/cyfitter_cfg.c **** 		uint8 CYDATA i;
 308:Generated_Source\PSoC5/cyfitter_cfg.c **** 
 309:Generated_Source\PSoC5/cyfitter_cfg.c **** 		/* Zero out critical memory blocks before beginning configuration */
 310:Generated_Source\PSoC5/cyfitter_cfg.c **** 		for (i = 0u; i < (sizeof(cfg_memset_list)/sizeof(cfg_memset_list[0])); i++)
 438              		.loc 1 310 0
 439 0018 0023     		movs	r3, #0
 440 001a FB71     		strb	r3, [r7, #7]
 441 001c 13E0     		b	.L22
 442              	.L23:
 443              	.LBB3:
 311:Generated_Source\PSoC5/cyfitter_cfg.c **** 		{
 312:Generated_Source\PSoC5/cyfitter_cfg.c **** 			const cfg_memset_t CYCODE * CYDATA ms = &cfg_memset_list[i];
 444              		.loc 1 312 0 discriminator 3
 445 001e FA79     		ldrb	r2, [r7, #7]	@ zero_extendqisi2
 446 0020 1346     		mov	r3, r2
 447 0022 5B00     		lsls	r3, r3, #1
 448 0024 1344     		add	r3, r3, r2
 449 0026 5B00     		lsls	r3, r3, #1
 450 0028 2B4A     		ldr	r2, .L24+4
 451 002a 1344     		add	r3, r3, r2
 452 002c 3B60     		str	r3, [r7]
 313:Generated_Source\PSoC5/cyfitter_cfg.c **** 			CYMEMZERO(ms->address, (size_t)(uint32)(ms->size));
 453              		.loc 1 313 0 discriminator 3
 454 002e 3B68     		ldr	r3, [r7]
 455 0030 1A68     		ldr	r2, [r3]	@ unaligned
 456 0032 3B68     		ldr	r3, [r7]
 457 0034 9B88     		ldrh	r3, [r3, #4]	@ unaligned
 458 0036 9BB2     		uxth	r3, r3
 459 0038 1046     		mov	r0, r2
 460 003a 1946     		mov	r1, r3
 461 003c FFF7FEFF 		bl	CYMEMZERO
 462              	.LBE3:
 310:Generated_Source\PSoC5/cyfitter_cfg.c **** 		{
 463              		.loc 1 310 0 discriminator 3
 464 0040 FB79     		ldrb	r3, [r7, #7]	@ zero_extendqisi2
 465 0042 0133     		adds	r3, r3, #1
 466 0044 FB71     		strb	r3, [r7, #7]
 467              	.L22:
 310:Generated_Source\PSoC5/cyfitter_cfg.c **** 		{
 468              		.loc 1 310 0 is_stmt 0 discriminator 1
 469 0046 FB79     		ldrb	r3, [r7, #7]	@ zero_extendqisi2
 470 0048 082B     		cmp	r3, #8
 471 004a E8D9     		bls	.L23
 314:Generated_Source\PSoC5/cyfitter_cfg.c **** 		}
 315:Generated_Source\PSoC5/cyfitter_cfg.c **** 
 316:Generated_Source\PSoC5/cyfitter_cfg.c **** 		/* Enable digital routing */
 317:Generated_Source\PSoC5/cyfitter_cfg.c **** 		CY_SET_XTND_REG8((void CYFAR *)CYREG_BCTL0_BANK_CTL, CY_GET_XTND_REG8((void CYFAR *)CYREG_BCTL0_B
 472              		.loc 1 317 0 is_stmt 1
 473 004c 234A     		ldr	r2, .L24+8
 474 004e 234B     		ldr	r3, .L24+8
 475 0050 1B78     		ldrb	r3, [r3]
 476 0052 DBB2     		uxtb	r3, r3
ARM GAS  C:\Users\User\AppData\Local\Temp\ccGddIjf.s 			page 15


 477 0054 43F00203 		orr	r3, r3, #2
 478 0058 DBB2     		uxtb	r3, r3
 479 005a 1370     		strb	r3, [r2]
 318:Generated_Source\PSoC5/cyfitter_cfg.c **** 		CY_SET_XTND_REG8((void CYFAR *)CYREG_BCTL1_BANK_CTL, CY_GET_XTND_REG8((void CYFAR *)CYREG_BCTL1_B
 480              		.loc 1 318 0
 481 005c 204A     		ldr	r2, .L24+12
 482 005e 204B     		ldr	r3, .L24+12
 483 0060 1B78     		ldrb	r3, [r3]
 484 0062 DBB2     		uxtb	r3, r3
 485 0064 43F00203 		orr	r3, r3, #2
 486 0068 DBB2     		uxtb	r3, r3
 487 006a 1370     		strb	r3, [r2]
 319:Generated_Source\PSoC5/cyfitter_cfg.c **** 
 320:Generated_Source\PSoC5/cyfitter_cfg.c **** 		/* Enable UDB array */
 321:Generated_Source\PSoC5/cyfitter_cfg.c **** 		CY_SET_XTND_REG8((void CYFAR *)CYREG_PM_ACT_CFG0, CY_GET_XTND_REG8((void CYFAR *)CYREG_PM_ACT_CFG
 488              		.loc 1 321 0
 489 006c 1D4A     		ldr	r2, .L24+16
 490 006e 1D4B     		ldr	r3, .L24+16
 491 0070 1B78     		ldrb	r3, [r3]
 492 0072 DBB2     		uxtb	r3, r3
 493 0074 43F04003 		orr	r3, r3, #64
 494 0078 DBB2     		uxtb	r3, r3
 495 007a 1370     		strb	r3, [r2]
 322:Generated_Source\PSoC5/cyfitter_cfg.c **** 		CY_SET_XTND_REG8((void CYFAR *)CYREG_PM_AVAIL_CR2, CY_GET_XTND_REG8((void CYFAR *)CYREG_PM_AVAIL_
 496              		.loc 1 322 0
 497 007c 1A4A     		ldr	r2, .L24+20
 498 007e 1A4B     		ldr	r3, .L24+20
 499 0080 1B78     		ldrb	r3, [r3]
 500 0082 DBB2     		uxtb	r3, r3
 501 0084 43F01003 		orr	r3, r3, #16
 502 0088 DBB2     		uxtb	r3, r3
 503 008a 1370     		strb	r3, [r2]
 504              	.LBE2:
 323:Generated_Source\PSoC5/cyfitter_cfg.c **** 	}
 324:Generated_Source\PSoC5/cyfitter_cfg.c **** 
 325:Generated_Source\PSoC5/cyfitter_cfg.c **** 
 326:Generated_Source\PSoC5/cyfitter_cfg.c **** 	/* Perform second pass device configuration. These items must be configured in specific order afte
 327:Generated_Source\PSoC5/cyfitter_cfg.c **** 	CYCONFIGCPY((void CYFAR *)(CYREG_PRT1_DM0), (const void CYFAR *)(BS_IOPINS0_1_VAL), 8u);
 505              		.loc 1 327 0
 506 008c 1748     		ldr	r0, .L24+24
 507 008e 4FF09041 		mov	r1, #1207959552
 508 0092 0822     		movs	r2, #8
 509 0094 FFF7FEFF 		bl	CYCONFIGCPY
 328:Generated_Source\PSoC5/cyfitter_cfg.c **** 	/* Switch Boost to the precision bandgap reference from its internal reference */
 329:Generated_Source\PSoC5/cyfitter_cfg.c **** 	CY_SET_REG8((void CYXDATA *)CYREG_BOOST_CR2, (CY_GET_REG8((void CYXDATA *)CYREG_BOOST_CR2) | 0x08u
 510              		.loc 1 329 0
 511 0098 154A     		ldr	r2, .L24+28
 512 009a 154B     		ldr	r3, .L24+28
 513 009c 1B78     		ldrb	r3, [r3]
 514 009e DBB2     		uxtb	r3, r3
 515 00a0 43F00803 		orr	r3, r3, #8
 516 00a4 DBB2     		uxtb	r3, r3
 517 00a6 1370     		strb	r3, [r2]
 330:Generated_Source\PSoC5/cyfitter_cfg.c **** 
 331:Generated_Source\PSoC5/cyfitter_cfg.c **** 	/* Set Flash Cycles based on max possible frequency in case a glitch occurs during ClockSetup(). *
 332:Generated_Source\PSoC5/cyfitter_cfg.c **** 	CY_SET_XTND_REG8((void CYFAR *)(CYREG_CACHE_CC_CTL), (((CYDEV_INSTRUCT_CACHE_ENABLED) != 0) ? 0x61
 518              		.loc 1 332 0
ARM GAS  C:\Users\User\AppData\Local\Temp\ccGddIjf.s 			page 16


 519 00a8 124B     		ldr	r3, .L24+32
 520 00aa 6122     		movs	r2, #97
 521 00ac 1A70     		strb	r2, [r3]
 333:Generated_Source\PSoC5/cyfitter_cfg.c **** 	/* Setup clocks based on selections from Clock DWR */
 334:Generated_Source\PSoC5/cyfitter_cfg.c **** 	ClockSetup();
 522              		.loc 1 334 0
 523 00ae FFF7FEFF 		bl	ClockSetup
 335:Generated_Source\PSoC5/cyfitter_cfg.c **** 	/* Set Flash Cycles based on newly configured 24.00MHz Bus Clock. */
 336:Generated_Source\PSoC5/cyfitter_cfg.c **** 	CY_SET_XTND_REG8((void CYFAR *)(CYREG_CACHE_CC_CTL), (((CYDEV_INSTRUCT_CACHE_ENABLED) != 0) ? 0x81
 524              		.loc 1 336 0
 525 00b2 104B     		ldr	r3, .L24+32
 526 00b4 8122     		movs	r2, #129
 527 00b6 1A70     		strb	r2, [r3]
 337:Generated_Source\PSoC5/cyfitter_cfg.c **** 	CY_SET_XTND_REG8((void CYFAR *)(CYREG_PANTHER_WAITPIPE), 0x01u);
 528              		.loc 1 337 0
 529 00b8 0F4B     		ldr	r3, .L24+36
 530 00ba 0122     		movs	r2, #1
 531 00bc 1A70     		strb	r2, [r3]
 338:Generated_Source\PSoC5/cyfitter_cfg.c **** 
 339:Generated_Source\PSoC5/cyfitter_cfg.c **** 	/* Perform basic analog initialization to defaults */
 340:Generated_Source\PSoC5/cyfitter_cfg.c **** 	AnalogSetDefault();
 532              		.loc 1 340 0
 533 00be FFF7FEFF 		bl	AnalogSetDefault
 341:Generated_Source\PSoC5/cyfitter_cfg.c **** 
 342:Generated_Source\PSoC5/cyfitter_cfg.c **** 	/* Configure alternate active mode */
 343:Generated_Source\PSoC5/cyfitter_cfg.c **** 	CYCONFIGCPY((void CYFAR *)CYDEV_PM_STBY_BASE, (const void CYFAR *)CYDEV_PM_ACT_BASE, 14u);
 534              		.loc 1 343 0
 535 00c2 0E48     		ldr	r0, .L24+40
 536 00c4 0749     		ldr	r1, .L24+16
 537 00c6 0E22     		movs	r2, #14
 538 00c8 FFF7FEFF 		bl	CYCONFIGCPY
 344:Generated_Source\PSoC5/cyfitter_cfg.c **** }
 539              		.loc 1 344 0
 540 00cc 0837     		adds	r7, r7, #8
 541              		.cfi_def_cfa_offset 8
 542 00ce BD46     		mov	sp, r7
 543              		.cfi_def_cfa_register 13
 544              		@ sp needed
 545 00d0 80BD     		pop	{r7, pc}
 546              	.L25:
 547 00d2 00BF     		.align	2
 548              	.L24:
 549 00d4 E8460040 		.word	1073759976
 550 00d8 00000000 		.word	cfg_memset_list.4859
 551 00dc 03500140 		.word	1073827843
 552 00e0 13500140 		.word	1073827859
 553 00e4 A0430040 		.word	1073759136
 554 00e8 C2430040 		.word	1073759170
 555 00ec 12510040 		.word	1073762578
 556 00f0 22430040 		.word	1073759010
 557 00f4 00480040 		.word	1073760256
 558 00f8 04000840 		.word	1074266116
 559 00fc B0430040 		.word	1073759152
 560              		.cfi_endproc
 561              	.LFE7:
 562              		.size	cyfitter_cfg, .-cyfitter_cfg
 563              		.section	.rodata
ARM GAS  C:\Users\User\AppData\Local\Temp\ccGddIjf.s 			page 17


 564              		.align	2
 565              		.type	cfg_memset_list.4859, %object
 566              		.size	cfg_memset_list.4859, 54
 567              	cfg_memset_list.4859:
 568 0000 00510040 		.word	1073762560
 569 0004 1000     		.short	16
 570 0006 20510040 		.4byte	1073762592
 571 000a 5000     		.short	80
 572 000c C0510040 		.word	1073762752
 573 0010 1000     		.short	16
 574 0012 F0510040 		.4byte	1073762800
 575 0016 1000     		.short	16
 576 0018 00000140 		.word	1073807360
 577 001c 0010     		.short	4096
 578 001e 00140140 		.4byte	1073812480
 579 0022 0008     		.short	2048
 580 0024 00400140 		.word	1073823744
 581 0028 000A     		.short	2560
 582 002a 004C0140 		.4byte	1073826816
 583 002e 0002     		.short	512
 584 0030 00500140 		.word	1073827840
 585 0034 2000     		.short	32
 586 0036 0000     		.text
 587              	.Letext0:
 588              		.file 2 "c:\\program files (x86)\\cypress\\psoc creator\\4.0\\psoc creator\\import\\gnu\\arm\\4.9.
 589              		.file 3 "Generated_Source\\PSoC5\\cytypes.h"
 590              		.section	.debug_info,"",%progbits
 591              	.Ldebug_info0:
 592 0000 D8020000 		.4byte	0x2d8
 593 0004 0400     		.2byte	0x4
 594 0006 00000000 		.4byte	.Ldebug_abbrev0
 595 000a 04       		.byte	0x4
 596 000b 01       		.uleb128 0x1
 597 000c 34010000 		.4byte	.LASF36
 598 0010 01       		.byte	0x1
 599 0011 59000000 		.4byte	.LASF37
 600 0015 06000000 		.4byte	.LASF38
 601 0019 00000000 		.4byte	.Ldebug_ranges0+0
 602 001d 00000000 		.4byte	0
 603 0021 00000000 		.4byte	.Ldebug_line0
 604 0025 02       		.uleb128 0x2
 605 0026 04       		.byte	0x4
 606 0027 05       		.byte	0x5
 607 0028 696E7400 		.ascii	"int\000"
 608 002c 03       		.uleb128 0x3
 609 002d 41000000 		.4byte	.LASF11
 610 0031 02       		.byte	0x2
 611 0032 D4       		.byte	0xd4
 612 0033 37000000 		.4byte	0x37
 613 0037 04       		.uleb128 0x4
 614 0038 04       		.byte	0x4
 615 0039 07       		.byte	0x7
 616 003a EE010000 		.4byte	.LASF0
 617 003e 04       		.uleb128 0x4
 618 003f 01       		.byte	0x1
 619 0040 06       		.byte	0x6
 620 0041 78020000 		.4byte	.LASF1
ARM GAS  C:\Users\User\AppData\Local\Temp\ccGddIjf.s 			page 18


 621 0045 04       		.uleb128 0x4
 622 0046 01       		.byte	0x1
 623 0047 08       		.byte	0x8
 624 0048 26010000 		.4byte	.LASF2
 625 004c 04       		.uleb128 0x4
 626 004d 02       		.byte	0x2
 627 004e 05       		.byte	0x5
 628 004f 46020000 		.4byte	.LASF3
 629 0053 04       		.uleb128 0x4
 630 0054 02       		.byte	0x2
 631 0055 07       		.byte	0x7
 632 0056 AA000000 		.4byte	.LASF4
 633 005a 04       		.uleb128 0x4
 634 005b 04       		.byte	0x4
 635 005c 05       		.byte	0x5
 636 005d 58020000 		.4byte	.LASF5
 637 0061 04       		.uleb128 0x4
 638 0062 04       		.byte	0x4
 639 0063 07       		.byte	0x7
 640 0064 EE000000 		.4byte	.LASF6
 641 0068 04       		.uleb128 0x4
 642 0069 08       		.byte	0x8
 643 006a 05       		.byte	0x5
 644 006b 30020000 		.4byte	.LASF7
 645 006f 04       		.uleb128 0x4
 646 0070 08       		.byte	0x8
 647 0071 07       		.byte	0x7
 648 0072 03020000 		.4byte	.LASF8
 649 0076 04       		.uleb128 0x4
 650 0077 04       		.byte	0x4
 651 0078 07       		.byte	0x7
 652 0079 27020000 		.4byte	.LASF9
 653 007d 05       		.uleb128 0x5
 654 007e 04       		.byte	0x4
 655 007f 04       		.uleb128 0x4
 656 0080 01       		.byte	0x1
 657 0081 08       		.byte	0x8
 658 0082 61020000 		.4byte	.LASF10
 659 0086 06       		.uleb128 0x6
 660 0087 00010000 		.4byte	.LASF12
 661 008b 03       		.byte	0x3
 662 008c 9201     		.2byte	0x192
 663 008e 45000000 		.4byte	0x45
 664 0092 06       		.uleb128 0x6
 665 0093 D6010000 		.4byte	.LASF13
 666 0097 03       		.byte	0x3
 667 0098 9301     		.2byte	0x193
 668 009a 53000000 		.4byte	0x53
 669 009e 06       		.uleb128 0x6
 670 009f E7010000 		.4byte	.LASF14
 671 00a3 03       		.byte	0x3
 672 00a4 9401     		.2byte	0x194
 673 00a6 61000000 		.4byte	0x61
 674 00aa 04       		.uleb128 0x4
 675 00ab 04       		.byte	0x4
 676 00ac 04       		.byte	0x4
 677 00ad C5000000 		.4byte	.LASF15
ARM GAS  C:\Users\User\AppData\Local\Temp\ccGddIjf.s 			page 19


 678 00b1 04       		.uleb128 0x4
 679 00b2 08       		.byte	0x8
 680 00b3 04       		.byte	0x4
 681 00b4 C2010000 		.4byte	.LASF16
 682 00b8 06       		.uleb128 0x6
 683 00b9 E9000000 		.4byte	.LASF17
 684 00bd 03       		.byte	0x3
 685 00be 3C02     		.2byte	0x23c
 686 00c0 C4000000 		.4byte	0xc4
 687 00c4 07       		.uleb128 0x7
 688 00c5 86000000 		.4byte	0x86
 689 00c9 06       		.uleb128 0x6
 690 00ca 00000000 		.4byte	.LASF18
 691 00ce 03       		.byte	0x3
 692 00cf 3D02     		.2byte	0x23d
 693 00d1 D5000000 		.4byte	0xd5
 694 00d5 07       		.uleb128 0x7
 695 00d6 92000000 		.4byte	0x92
 696 00da 08       		.uleb128 0x8
 697 00db 06010000 		.4byte	.LASF19
 698 00df 01       		.byte	0x1
 699 00e0 3F       		.byte	0x3f
 700 00e1 00000000 		.4byte	.LFB0
 701 00e5 1A000000 		.4byte	.LFE0-.LFB0
 702 00e9 01       		.uleb128 0x1
 703 00ea 9C       		.byte	0x9c
 704 00eb 08010000 		.4byte	0x108
 705 00ef 09       		.uleb128 0x9
 706 00f0 7300     		.ascii	"s\000"
 707 00f2 01       		.byte	0x1
 708 00f3 3F       		.byte	0x3f
 709 00f4 7D000000 		.4byte	0x7d
 710 00f8 02       		.uleb128 0x2
 711 00f9 91       		.byte	0x91
 712 00fa 74       		.sleb128 -12
 713 00fb 09       		.uleb128 0x9
 714 00fc 6E00     		.ascii	"n\000"
 715 00fe 01       		.byte	0x1
 716 00ff 3F       		.byte	0x3f
 717 0100 2C000000 		.4byte	0x2c
 718 0104 02       		.uleb128 0x2
 719 0105 91       		.byte	0x91
 720 0106 70       		.sleb128 -16
 721 0107 00       		.byte	0
 722 0108 08       		.uleb128 0x8
 723 0109 8D020000 		.4byte	.LASF20
 724 010d 01       		.byte	0x1
 725 010e 46       		.byte	0x46
 726 010f 00000000 		.4byte	.LFB1
 727 0113 1C000000 		.4byte	.LFE1-.LFB1
 728 0117 01       		.uleb128 0x1
 729 0118 9C       		.byte	0x9c
 730 0119 46010000 		.4byte	0x146
 731 011d 0A       		.uleb128 0xa
 732 011e DF000000 		.4byte	.LASF21
 733 0122 01       		.byte	0x1
 734 0123 46       		.byte	0x46
ARM GAS  C:\Users\User\AppData\Local\Temp\ccGddIjf.s 			page 20


 735 0124 7D000000 		.4byte	0x7d
 736 0128 02       		.uleb128 0x2
 737 0129 91       		.byte	0x91
 738 012a 74       		.sleb128 -12
 739 012b 09       		.uleb128 0x9
 740 012c 73726300 		.ascii	"src\000"
 741 0130 01       		.byte	0x1
 742 0131 46       		.byte	0x46
 743 0132 46010000 		.4byte	0x146
 744 0136 02       		.uleb128 0x2
 745 0137 91       		.byte	0x91
 746 0138 70       		.sleb128 -16
 747 0139 09       		.uleb128 0x9
 748 013a 6E00     		.ascii	"n\000"
 749 013c 01       		.byte	0x1
 750 013d 46       		.byte	0x46
 751 013e 2C000000 		.4byte	0x2c
 752 0142 02       		.uleb128 0x2
 753 0143 91       		.byte	0x91
 754 0144 6C       		.sleb128 -20
 755 0145 00       		.byte	0
 756 0146 0B       		.uleb128 0xb
 757 0147 04       		.byte	0x4
 758 0148 4C010000 		.4byte	0x14c
 759 014c 0C       		.uleb128 0xc
 760 014d 08       		.uleb128 0x8
 761 014e 8F000000 		.4byte	.LASF22
 762 0152 01       		.byte	0x1
 763 0153 4D       		.byte	0x4d
 764 0154 00000000 		.4byte	.LFB2
 765 0158 1C000000 		.4byte	.LFE2-.LFB2
 766 015c 01       		.uleb128 0x1
 767 015d 9C       		.byte	0x9c
 768 015e 8B010000 		.4byte	0x18b
 769 0162 0A       		.uleb128 0xa
 770 0163 DF000000 		.4byte	.LASF21
 771 0167 01       		.byte	0x1
 772 0168 4D       		.byte	0x4d
 773 0169 7D000000 		.4byte	0x7d
 774 016d 02       		.uleb128 0x2
 775 016e 91       		.byte	0x91
 776 016f 74       		.sleb128 -12
 777 0170 09       		.uleb128 0x9
 778 0171 73726300 		.ascii	"src\000"
 779 0175 01       		.byte	0x1
 780 0176 4D       		.byte	0x4d
 781 0177 46010000 		.4byte	0x146
 782 017b 02       		.uleb128 0x2
 783 017c 91       		.byte	0x91
 784 017d 70       		.sleb128 -16
 785 017e 09       		.uleb128 0x9
 786 017f 6E00     		.ascii	"n\000"
 787 0181 01       		.byte	0x1
 788 0182 4D       		.byte	0x4d
 789 0183 2C000000 		.4byte	0x2c
 790 0187 02       		.uleb128 0x2
 791 0188 91       		.byte	0x91
ARM GAS  C:\Users\User\AppData\Local\Temp\ccGddIjf.s 			page 21


 792 0189 6C       		.sleb128 -20
 793 018a 00       		.byte	0
 794 018b 0D       		.uleb128 0xd
 795 018c CB000000 		.4byte	.LASF23
 796 0190 01       		.byte	0x1
 797 0191 6F       		.byte	0x6f
 798 0192 00000000 		.4byte	.LFB3
 799 0196 0C000000 		.4byte	.LFE3-.LFB3
 800 019a 01       		.uleb128 0x1
 801 019b 9C       		.byte	0x9c
 802 019c AF010000 		.4byte	0x1af
 803 01a0 0A       		.uleb128 0xa
 804 01a1 DD010000 		.4byte	.LASF24
 805 01a5 01       		.byte	0x1
 806 01a6 6F       		.byte	0x6f
 807 01a7 86000000 		.4byte	0x86
 808 01ab 02       		.uleb128 0x2
 809 01ac 91       		.byte	0x91
 810 01ad 77       		.sleb128 -9
 811 01ae 00       		.byte	0
 812 01af 08       		.uleb128 0x8
 813 01b0 9F000000 		.4byte	.LASF25
 814 01b4 01       		.byte	0x1
 815 01b5 9E       		.byte	0x9e
 816 01b6 00000000 		.4byte	.LFB4
 817 01ba D8000000 		.4byte	.LFE4-.LFB4
 818 01be 01       		.uleb128 0x1
 819 01bf 9C       		.byte	0x9c
 820 01c0 E1010000 		.4byte	0x1e1
 821 01c4 0E       		.uleb128 0xe
 822 01c5 3E020000 		.4byte	.LASF26
 823 01c9 01       		.byte	0x1
 824 01ca A0       		.byte	0xa0
 825 01cb 9E000000 		.4byte	0x9e
 826 01cf 02       		.uleb128 0x2
 827 01d0 91       		.byte	0x91
 828 01d1 74       		.sleb128 -12
 829 01d2 0E       		.uleb128 0xe
 830 01d3 BD000000 		.4byte	.LASF27
 831 01d7 01       		.byte	0x1
 832 01d8 A1       		.byte	0xa1
 833 01d9 86000000 		.4byte	0x86
 834 01dd 02       		.uleb128 0x2
 835 01de 91       		.byte	0x91
 836 01df 73       		.sleb128 -13
 837 01e0 00       		.byte	0
 838 01e1 0D       		.uleb128 0xd
 839 01e2 48000000 		.4byte	.LASF28
 840 01e6 01       		.byte	0x1
 841 01e7 D9       		.byte	0xd9
 842 01e8 00000000 		.4byte	.LFB5
 843 01ec 44000000 		.4byte	.LFE5-.LFB5
 844 01f0 01       		.uleb128 0x1
 845 01f1 9C       		.byte	0x9c
 846 01f2 05020000 		.4byte	0x205
 847 01f6 0E       		.uleb128 0xe
 848 01f7 66020000 		.4byte	.LASF29
ARM GAS  C:\Users\User\AppData\Local\Temp\ccGddIjf.s 			page 22


 849 01fb 01       		.byte	0x1
 850 01fc DB       		.byte	0xdb
 851 01fd 86000000 		.4byte	0x86
 852 0201 02       		.uleb128 0x2
 853 0202 91       		.byte	0x91
 854 0203 77       		.sleb128 -9
 855 0204 00       		.byte	0
 856 0205 0F       		.uleb128 0xf
 857 0206 10010000 		.4byte	.LASF39
 858 020a 01       		.byte	0x1
 859 020b F3       		.byte	0xf3
 860 020c 00000000 		.4byte	.LFB6
 861 0210 28000000 		.4byte	.LFE6-.LFB6
 862 0214 01       		.uleb128 0x1
 863 0215 9C       		.byte	0x9c
 864 0216 37020000 		.4byte	0x237
 865 021a 0A       		.uleb128 0xa
 866 021b 50020000 		.4byte	.LASF30
 867 021f 01       		.byte	0x1
 868 0220 F3       		.byte	0xf3
 869 0221 86000000 		.4byte	0x86
 870 0225 02       		.uleb128 0x2
 871 0226 91       		.byte	0x91
 872 0227 6F       		.sleb128 -17
 873 0228 0E       		.uleb128 0xe
 874 0229 84020000 		.4byte	.LASF31
 875 022d 01       		.byte	0x1
 876 022e F5       		.byte	0xf5
 877 022f 86000000 		.4byte	0x86
 878 0233 02       		.uleb128 0x2
 879 0234 91       		.byte	0x91
 880 0235 77       		.sleb128 -9
 881 0236 00       		.byte	0
 882 0237 10       		.uleb128 0x10
 883 0238 C9010000 		.4byte	.LASF40
 884 023c 01       		.byte	0x1
 885 023d 1501     		.2byte	0x115
 886 023f 00000000 		.4byte	.LFB7
 887 0243 00010000 		.4byte	.LFE7-.LFB7
 888 0247 01       		.uleb128 0x1
 889 0248 9C       		.byte	0x9c
 890 0249 11       		.uleb128 0x11
 891 024a 18000000 		.4byte	.LBB2
 892 024e 74000000 		.4byte	.LBE2-.LBB2
 893 0252 12       		.uleb128 0x12
 894 0253 06       		.byte	0x6
 895 0254 01       		.byte	0x1
 896 0255 2101     		.2byte	0x121
 897 0257 76020000 		.4byte	0x276
 898 025b 13       		.uleb128 0x13
 899 025c FB010000 		.4byte	.LASF32
 900 0260 01       		.byte	0x1
 901 0261 2201     		.2byte	0x122
 902 0263 7D000000 		.4byte	0x7d
 903 0267 00       		.byte	0
 904 0268 13       		.uleb128 0x13
 905 0269 E4000000 		.4byte	.LASF33
ARM GAS  C:\Users\User\AppData\Local\Temp\ccGddIjf.s 			page 23


 906 026d 01       		.byte	0x1
 907 026e 2301     		.2byte	0x123
 908 0270 92000000 		.4byte	0x92
 909 0274 04       		.byte	0x4
 910 0275 00       		.byte	0
 911 0276 06       		.uleb128 0x6
 912 0277 1A020000 		.4byte	.LASF34
 913 027b 01       		.byte	0x1
 914 027c 2401     		.2byte	0x124
 915 027e 52020000 		.4byte	0x252
 916 0282 14       		.uleb128 0x14
 917 0283 76020000 		.4byte	0x276
 918 0287 92020000 		.4byte	0x292
 919 028b 15       		.uleb128 0x15
 920 028c 76000000 		.4byte	0x76
 921 0290 08       		.byte	0x8
 922 0291 00       		.byte	0
 923 0292 16       		.uleb128 0x16
 924 0293 7F000000 		.4byte	.LASF35
 925 0297 01       		.byte	0x1
 926 0298 2601     		.2byte	0x126
 927 029a A4020000 		.4byte	0x2a4
 928 029e 05       		.uleb128 0x5
 929 029f 03       		.byte	0x3
 930 02a0 00000000 		.4byte	cfg_memset_list.4859
 931 02a4 17       		.uleb128 0x17
 932 02a5 82020000 		.4byte	0x282
 933 02a9 18       		.uleb128 0x18
 934 02aa 6900     		.ascii	"i\000"
 935 02ac 01       		.byte	0x1
 936 02ad 3301     		.2byte	0x133
 937 02af 86000000 		.4byte	0x86
 938 02b3 02       		.uleb128 0x2
 939 02b4 91       		.byte	0x91
 940 02b5 77       		.sleb128 -9
 941 02b6 11       		.uleb128 0x11
 942 02b7 1E000000 		.4byte	.LBB3
 943 02bb 22000000 		.4byte	.LBE3-.LBB3
 944 02bf 18       		.uleb128 0x18
 945 02c0 6D7300   		.ascii	"ms\000"
 946 02c3 01       		.byte	0x1
 947 02c4 3801     		.2byte	0x138
 948 02c6 CD020000 		.4byte	0x2cd
 949 02ca 02       		.uleb128 0x2
 950 02cb 91       		.byte	0x91
 951 02cc 70       		.sleb128 -16
 952 02cd 0B       		.uleb128 0xb
 953 02ce 04       		.byte	0x4
 954 02cf D3020000 		.4byte	0x2d3
 955 02d3 17       		.uleb128 0x17
 956 02d4 76020000 		.4byte	0x276
 957 02d8 00       		.byte	0
 958 02d9 00       		.byte	0
 959 02da 00       		.byte	0
 960 02db 00       		.byte	0
 961              		.section	.debug_abbrev,"",%progbits
 962              	.Ldebug_abbrev0:
ARM GAS  C:\Users\User\AppData\Local\Temp\ccGddIjf.s 			page 24


 963 0000 01       		.uleb128 0x1
 964 0001 11       		.uleb128 0x11
 965 0002 01       		.byte	0x1
 966 0003 25       		.uleb128 0x25
 967 0004 0E       		.uleb128 0xe
 968 0005 13       		.uleb128 0x13
 969 0006 0B       		.uleb128 0xb
 970 0007 03       		.uleb128 0x3
 971 0008 0E       		.uleb128 0xe
 972 0009 1B       		.uleb128 0x1b
 973 000a 0E       		.uleb128 0xe
 974 000b 55       		.uleb128 0x55
 975 000c 17       		.uleb128 0x17
 976 000d 11       		.uleb128 0x11
 977 000e 01       		.uleb128 0x1
 978 000f 10       		.uleb128 0x10
 979 0010 17       		.uleb128 0x17
 980 0011 00       		.byte	0
 981 0012 00       		.byte	0
 982 0013 02       		.uleb128 0x2
 983 0014 24       		.uleb128 0x24
 984 0015 00       		.byte	0
 985 0016 0B       		.uleb128 0xb
 986 0017 0B       		.uleb128 0xb
 987 0018 3E       		.uleb128 0x3e
 988 0019 0B       		.uleb128 0xb
 989 001a 03       		.uleb128 0x3
 990 001b 08       		.uleb128 0x8
 991 001c 00       		.byte	0
 992 001d 00       		.byte	0
 993 001e 03       		.uleb128 0x3
 994 001f 16       		.uleb128 0x16
 995 0020 00       		.byte	0
 996 0021 03       		.uleb128 0x3
 997 0022 0E       		.uleb128 0xe
 998 0023 3A       		.uleb128 0x3a
 999 0024 0B       		.uleb128 0xb
 1000 0025 3B       		.uleb128 0x3b
 1001 0026 0B       		.uleb128 0xb
 1002 0027 49       		.uleb128 0x49
 1003 0028 13       		.uleb128 0x13
 1004 0029 00       		.byte	0
 1005 002a 00       		.byte	0
 1006 002b 04       		.uleb128 0x4
 1007 002c 24       		.uleb128 0x24
 1008 002d 00       		.byte	0
 1009 002e 0B       		.uleb128 0xb
 1010 002f 0B       		.uleb128 0xb
 1011 0030 3E       		.uleb128 0x3e
 1012 0031 0B       		.uleb128 0xb
 1013 0032 03       		.uleb128 0x3
 1014 0033 0E       		.uleb128 0xe
 1015 0034 00       		.byte	0
 1016 0035 00       		.byte	0
 1017 0036 05       		.uleb128 0x5
 1018 0037 0F       		.uleb128 0xf
 1019 0038 00       		.byte	0
ARM GAS  C:\Users\User\AppData\Local\Temp\ccGddIjf.s 			page 25


 1020 0039 0B       		.uleb128 0xb
 1021 003a 0B       		.uleb128 0xb
 1022 003b 00       		.byte	0
 1023 003c 00       		.byte	0
 1024 003d 06       		.uleb128 0x6
 1025 003e 16       		.uleb128 0x16
 1026 003f 00       		.byte	0
 1027 0040 03       		.uleb128 0x3
 1028 0041 0E       		.uleb128 0xe
 1029 0042 3A       		.uleb128 0x3a
 1030 0043 0B       		.uleb128 0xb
 1031 0044 3B       		.uleb128 0x3b
 1032 0045 05       		.uleb128 0x5
 1033 0046 49       		.uleb128 0x49
 1034 0047 13       		.uleb128 0x13
 1035 0048 00       		.byte	0
 1036 0049 00       		.byte	0
 1037 004a 07       		.uleb128 0x7
 1038 004b 35       		.uleb128 0x35
 1039 004c 00       		.byte	0
 1040 004d 49       		.uleb128 0x49
 1041 004e 13       		.uleb128 0x13
 1042 004f 00       		.byte	0
 1043 0050 00       		.byte	0
 1044 0051 08       		.uleb128 0x8
 1045 0052 2E       		.uleb128 0x2e
 1046 0053 01       		.byte	0x1
 1047 0054 03       		.uleb128 0x3
 1048 0055 0E       		.uleb128 0xe
 1049 0056 3A       		.uleb128 0x3a
 1050 0057 0B       		.uleb128 0xb
 1051 0058 3B       		.uleb128 0x3b
 1052 0059 0B       		.uleb128 0xb
 1053 005a 27       		.uleb128 0x27
 1054 005b 19       		.uleb128 0x19
 1055 005c 11       		.uleb128 0x11
 1056 005d 01       		.uleb128 0x1
 1057 005e 12       		.uleb128 0x12
 1058 005f 06       		.uleb128 0x6
 1059 0060 40       		.uleb128 0x40
 1060 0061 18       		.uleb128 0x18
 1061 0062 9642     		.uleb128 0x2116
 1062 0064 19       		.uleb128 0x19
 1063 0065 01       		.uleb128 0x1
 1064 0066 13       		.uleb128 0x13
 1065 0067 00       		.byte	0
 1066 0068 00       		.byte	0
 1067 0069 09       		.uleb128 0x9
 1068 006a 05       		.uleb128 0x5
 1069 006b 00       		.byte	0
 1070 006c 03       		.uleb128 0x3
 1071 006d 08       		.uleb128 0x8
 1072 006e 3A       		.uleb128 0x3a
 1073 006f 0B       		.uleb128 0xb
 1074 0070 3B       		.uleb128 0x3b
 1075 0071 0B       		.uleb128 0xb
 1076 0072 49       		.uleb128 0x49
ARM GAS  C:\Users\User\AppData\Local\Temp\ccGddIjf.s 			page 26


 1077 0073 13       		.uleb128 0x13
 1078 0074 02       		.uleb128 0x2
 1079 0075 18       		.uleb128 0x18
 1080 0076 00       		.byte	0
 1081 0077 00       		.byte	0
 1082 0078 0A       		.uleb128 0xa
 1083 0079 05       		.uleb128 0x5
 1084 007a 00       		.byte	0
 1085 007b 03       		.uleb128 0x3
 1086 007c 0E       		.uleb128 0xe
 1087 007d 3A       		.uleb128 0x3a
 1088 007e 0B       		.uleb128 0xb
 1089 007f 3B       		.uleb128 0x3b
 1090 0080 0B       		.uleb128 0xb
 1091 0081 49       		.uleb128 0x49
 1092 0082 13       		.uleb128 0x13
 1093 0083 02       		.uleb128 0x2
 1094 0084 18       		.uleb128 0x18
 1095 0085 00       		.byte	0
 1096 0086 00       		.byte	0
 1097 0087 0B       		.uleb128 0xb
 1098 0088 0F       		.uleb128 0xf
 1099 0089 00       		.byte	0
 1100 008a 0B       		.uleb128 0xb
 1101 008b 0B       		.uleb128 0xb
 1102 008c 49       		.uleb128 0x49
 1103 008d 13       		.uleb128 0x13
 1104 008e 00       		.byte	0
 1105 008f 00       		.byte	0
 1106 0090 0C       		.uleb128 0xc
 1107 0091 26       		.uleb128 0x26
 1108 0092 00       		.byte	0
 1109 0093 00       		.byte	0
 1110 0094 00       		.byte	0
 1111 0095 0D       		.uleb128 0xd
 1112 0096 2E       		.uleb128 0x2e
 1113 0097 01       		.byte	0x1
 1114 0098 03       		.uleb128 0x3
 1115 0099 0E       		.uleb128 0xe
 1116 009a 3A       		.uleb128 0x3a
 1117 009b 0B       		.uleb128 0xb
 1118 009c 3B       		.uleb128 0x3b
 1119 009d 0B       		.uleb128 0xb
 1120 009e 27       		.uleb128 0x27
 1121 009f 19       		.uleb128 0x19
 1122 00a0 11       		.uleb128 0x11
 1123 00a1 01       		.uleb128 0x1
 1124 00a2 12       		.uleb128 0x12
 1125 00a3 06       		.uleb128 0x6
 1126 00a4 40       		.uleb128 0x40
 1127 00a5 18       		.uleb128 0x18
 1128 00a6 9742     		.uleb128 0x2117
 1129 00a8 19       		.uleb128 0x19
 1130 00a9 01       		.uleb128 0x1
 1131 00aa 13       		.uleb128 0x13
 1132 00ab 00       		.byte	0
 1133 00ac 00       		.byte	0
ARM GAS  C:\Users\User\AppData\Local\Temp\ccGddIjf.s 			page 27


 1134 00ad 0E       		.uleb128 0xe
 1135 00ae 34       		.uleb128 0x34
 1136 00af 00       		.byte	0
 1137 00b0 03       		.uleb128 0x3
 1138 00b1 0E       		.uleb128 0xe
 1139 00b2 3A       		.uleb128 0x3a
 1140 00b3 0B       		.uleb128 0xb
 1141 00b4 3B       		.uleb128 0x3b
 1142 00b5 0B       		.uleb128 0xb
 1143 00b6 49       		.uleb128 0x49
 1144 00b7 13       		.uleb128 0x13
 1145 00b8 02       		.uleb128 0x2
 1146 00b9 18       		.uleb128 0x18
 1147 00ba 00       		.byte	0
 1148 00bb 00       		.byte	0
 1149 00bc 0F       		.uleb128 0xf
 1150 00bd 2E       		.uleb128 0x2e
 1151 00be 01       		.byte	0x1
 1152 00bf 3F       		.uleb128 0x3f
 1153 00c0 19       		.uleb128 0x19
 1154 00c1 03       		.uleb128 0x3
 1155 00c2 0E       		.uleb128 0xe
 1156 00c3 3A       		.uleb128 0x3a
 1157 00c4 0B       		.uleb128 0xb
 1158 00c5 3B       		.uleb128 0x3b
 1159 00c6 0B       		.uleb128 0xb
 1160 00c7 27       		.uleb128 0x27
 1161 00c8 19       		.uleb128 0x19
 1162 00c9 11       		.uleb128 0x11
 1163 00ca 01       		.uleb128 0x1
 1164 00cb 12       		.uleb128 0x12
 1165 00cc 06       		.uleb128 0x6
 1166 00cd 40       		.uleb128 0x40
 1167 00ce 18       		.uleb128 0x18
 1168 00cf 9742     		.uleb128 0x2117
 1169 00d1 19       		.uleb128 0x19
 1170 00d2 01       		.uleb128 0x1
 1171 00d3 13       		.uleb128 0x13
 1172 00d4 00       		.byte	0
 1173 00d5 00       		.byte	0
 1174 00d6 10       		.uleb128 0x10
 1175 00d7 2E       		.uleb128 0x2e
 1176 00d8 01       		.byte	0x1
 1177 00d9 3F       		.uleb128 0x3f
 1178 00da 19       		.uleb128 0x19
 1179 00db 03       		.uleb128 0x3
 1180 00dc 0E       		.uleb128 0xe
 1181 00dd 3A       		.uleb128 0x3a
 1182 00de 0B       		.uleb128 0xb
 1183 00df 3B       		.uleb128 0x3b
 1184 00e0 05       		.uleb128 0x5
 1185 00e1 27       		.uleb128 0x27
 1186 00e2 19       		.uleb128 0x19
 1187 00e3 11       		.uleb128 0x11
 1188 00e4 01       		.uleb128 0x1
 1189 00e5 12       		.uleb128 0x12
 1190 00e6 06       		.uleb128 0x6
ARM GAS  C:\Users\User\AppData\Local\Temp\ccGddIjf.s 			page 28


 1191 00e7 40       		.uleb128 0x40
 1192 00e8 18       		.uleb128 0x18
 1193 00e9 9642     		.uleb128 0x2116
 1194 00eb 19       		.uleb128 0x19
 1195 00ec 00       		.byte	0
 1196 00ed 00       		.byte	0
 1197 00ee 11       		.uleb128 0x11
 1198 00ef 0B       		.uleb128 0xb
 1199 00f0 01       		.byte	0x1
 1200 00f1 11       		.uleb128 0x11
 1201 00f2 01       		.uleb128 0x1
 1202 00f3 12       		.uleb128 0x12
 1203 00f4 06       		.uleb128 0x6
 1204 00f5 00       		.byte	0
 1205 00f6 00       		.byte	0
 1206 00f7 12       		.uleb128 0x12
 1207 00f8 13       		.uleb128 0x13
 1208 00f9 01       		.byte	0x1
 1209 00fa 0B       		.uleb128 0xb
 1210 00fb 0B       		.uleb128 0xb
 1211 00fc 3A       		.uleb128 0x3a
 1212 00fd 0B       		.uleb128 0xb
 1213 00fe 3B       		.uleb128 0x3b
 1214 00ff 05       		.uleb128 0x5
 1215 0100 01       		.uleb128 0x1
 1216 0101 13       		.uleb128 0x13
 1217 0102 00       		.byte	0
 1218 0103 00       		.byte	0
 1219 0104 13       		.uleb128 0x13
 1220 0105 0D       		.uleb128 0xd
 1221 0106 00       		.byte	0
 1222 0107 03       		.uleb128 0x3
 1223 0108 0E       		.uleb128 0xe
 1224 0109 3A       		.uleb128 0x3a
 1225 010a 0B       		.uleb128 0xb
 1226 010b 3B       		.uleb128 0x3b
 1227 010c 05       		.uleb128 0x5
 1228 010d 49       		.uleb128 0x49
 1229 010e 13       		.uleb128 0x13
 1230 010f 38       		.uleb128 0x38
 1231 0110 0B       		.uleb128 0xb
 1232 0111 00       		.byte	0
 1233 0112 00       		.byte	0
 1234 0113 14       		.uleb128 0x14
 1235 0114 01       		.uleb128 0x1
 1236 0115 01       		.byte	0x1
 1237 0116 49       		.uleb128 0x49
 1238 0117 13       		.uleb128 0x13
 1239 0118 01       		.uleb128 0x1
 1240 0119 13       		.uleb128 0x13
 1241 011a 00       		.byte	0
 1242 011b 00       		.byte	0
 1243 011c 15       		.uleb128 0x15
 1244 011d 21       		.uleb128 0x21
 1245 011e 00       		.byte	0
 1246 011f 49       		.uleb128 0x49
 1247 0120 13       		.uleb128 0x13
ARM GAS  C:\Users\User\AppData\Local\Temp\ccGddIjf.s 			page 29


 1248 0121 2F       		.uleb128 0x2f
 1249 0122 0B       		.uleb128 0xb
 1250 0123 00       		.byte	0
 1251 0124 00       		.byte	0
 1252 0125 16       		.uleb128 0x16
 1253 0126 34       		.uleb128 0x34
 1254 0127 00       		.byte	0
 1255 0128 03       		.uleb128 0x3
 1256 0129 0E       		.uleb128 0xe
 1257 012a 3A       		.uleb128 0x3a
 1258 012b 0B       		.uleb128 0xb
 1259 012c 3B       		.uleb128 0x3b
 1260 012d 05       		.uleb128 0x5
 1261 012e 49       		.uleb128 0x49
 1262 012f 13       		.uleb128 0x13
 1263 0130 02       		.uleb128 0x2
 1264 0131 18       		.uleb128 0x18
 1265 0132 00       		.byte	0
 1266 0133 00       		.byte	0
 1267 0134 17       		.uleb128 0x17
 1268 0135 26       		.uleb128 0x26
 1269 0136 00       		.byte	0
 1270 0137 49       		.uleb128 0x49
 1271 0138 13       		.uleb128 0x13
 1272 0139 00       		.byte	0
 1273 013a 00       		.byte	0
 1274 013b 18       		.uleb128 0x18
 1275 013c 34       		.uleb128 0x34
 1276 013d 00       		.byte	0
 1277 013e 03       		.uleb128 0x3
 1278 013f 08       		.uleb128 0x8
 1279 0140 3A       		.uleb128 0x3a
 1280 0141 0B       		.uleb128 0xb
 1281 0142 3B       		.uleb128 0x3b
 1282 0143 05       		.uleb128 0x5
 1283 0144 49       		.uleb128 0x49
 1284 0145 13       		.uleb128 0x13
 1285 0146 02       		.uleb128 0x2
 1286 0147 18       		.uleb128 0x18
 1287 0148 00       		.byte	0
 1288 0149 00       		.byte	0
 1289 014a 00       		.byte	0
 1290              		.section	.debug_aranges,"",%progbits
 1291 0000 54000000 		.4byte	0x54
 1292 0004 0200     		.2byte	0x2
 1293 0006 00000000 		.4byte	.Ldebug_info0
 1294 000a 04       		.byte	0x4
 1295 000b 00       		.byte	0
 1296 000c 0000     		.2byte	0
 1297 000e 0000     		.2byte	0
 1298 0010 00000000 		.4byte	.LFB0
 1299 0014 1A000000 		.4byte	.LFE0-.LFB0
 1300 0018 00000000 		.4byte	.LFB1
 1301 001c 1C000000 		.4byte	.LFE1-.LFB1
 1302 0020 00000000 		.4byte	.LFB2
 1303 0024 1C000000 		.4byte	.LFE2-.LFB2
 1304 0028 00000000 		.4byte	.LFB3
ARM GAS  C:\Users\User\AppData\Local\Temp\ccGddIjf.s 			page 30


 1305 002c 0C000000 		.4byte	.LFE3-.LFB3
 1306 0030 00000000 		.4byte	.LFB4
 1307 0034 D8000000 		.4byte	.LFE4-.LFB4
 1308 0038 00000000 		.4byte	.LFB5
 1309 003c 44000000 		.4byte	.LFE5-.LFB5
 1310 0040 00000000 		.4byte	.LFB6
 1311 0044 28000000 		.4byte	.LFE6-.LFB6
 1312 0048 00000000 		.4byte	.LFB7
 1313 004c 00010000 		.4byte	.LFE7-.LFB7
 1314 0050 00000000 		.4byte	0
 1315 0054 00000000 		.4byte	0
 1316              		.section	.debug_ranges,"",%progbits
 1317              	.Ldebug_ranges0:
 1318 0000 00000000 		.4byte	.LFB0
 1319 0004 1A000000 		.4byte	.LFE0
 1320 0008 00000000 		.4byte	.LFB1
 1321 000c 1C000000 		.4byte	.LFE1
 1322 0010 00000000 		.4byte	.LFB2
 1323 0014 1C000000 		.4byte	.LFE2
 1324 0018 00000000 		.4byte	.LFB3
 1325 001c 0C000000 		.4byte	.LFE3
 1326 0020 00000000 		.4byte	.LFB4
 1327 0024 D8000000 		.4byte	.LFE4
 1328 0028 00000000 		.4byte	.LFB5
 1329 002c 44000000 		.4byte	.LFE5
 1330 0030 00000000 		.4byte	.LFB6
 1331 0034 28000000 		.4byte	.LFE6
 1332 0038 00000000 		.4byte	.LFB7
 1333 003c 00010000 		.4byte	.LFE7
 1334 0040 00000000 		.4byte	0
 1335 0044 00000000 		.4byte	0
 1336              		.section	.debug_line,"",%progbits
 1337              	.Ldebug_line0:
 1338 0000 BA010000 		.section	.debug_str,"MS",%progbits,1
 1338      0200CB00 
 1338      00000201 
 1338      FB0E0D00 
 1338      01010101 
 1339              	.LASF18:
 1340 0000 72656731 		.ascii	"reg16\000"
 1340      3600
 1341              	.LASF38:
 1342 0006 433A5C55 		.ascii	"C:\\Users\\User\\Desktop\\PSOC\\EmptyProject\\Empty"
 1342      73657273 
 1342      5C557365 
 1342      725C4465 
 1342      736B746F 
 1343 0033 70726F6A 		.ascii	"project.cydsn\000"
 1343      6563742E 
 1343      63796473 
 1343      6E00
 1344              	.LASF11:
 1345 0041 73697A65 		.ascii	"size_t\000"
 1345      5F7400
 1346              	.LASF28:
 1347 0048 416E616C 		.ascii	"AnalogSetDefault\000"
 1347      6F675365 
ARM GAS  C:\Users\User\AppData\Local\Temp\ccGddIjf.s 			page 31


 1347      74446566 
 1347      61756C74 
 1347      00
 1348              	.LASF37:
 1349 0059 47656E65 		.ascii	"Generated_Source\\PSoC5\\cyfitter_cfg.c\000"
 1349      72617465 
 1349      645F536F 
 1349      75726365 
 1349      5C50536F 
 1350              	.LASF35:
 1351 007f 6366675F 		.ascii	"cfg_memset_list\000"
 1351      6D656D73 
 1351      65745F6C 
 1351      69737400 
 1352              	.LASF22:
 1353 008f 4359434F 		.ascii	"CYCONFIGCPYCODE\000"
 1353      4E464947 
 1353      43505943 
 1353      4F444500 
 1354              	.LASF25:
 1355 009f 436C6F63 		.ascii	"ClockSetup\000"
 1355      6B536574 
 1355      757000
 1356              	.LASF4:
 1357 00aa 73686F72 		.ascii	"short unsigned int\000"
 1357      7420756E 
 1357      7369676E 
 1357      65642069 
 1357      6E7400
 1358              	.LASF27:
 1359 00bd 706C6C4C 		.ascii	"pllLock\000"
 1359      6F636B00 
 1360              	.LASF15:
 1361 00c5 666C6F61 		.ascii	"float\000"
 1361      7400
 1362              	.LASF23:
 1363 00cb 4379436C 		.ascii	"CyClockStartupError\000"
 1363      6F636B53 
 1363      74617274 
 1363      75704572 
 1363      726F7200 
 1364              	.LASF21:
 1365 00df 64657374 		.ascii	"dest\000"
 1365      00
 1366              	.LASF33:
 1367 00e4 73697A65 		.ascii	"size\000"
 1367      00
 1368              	.LASF17:
 1369 00e9 72656738 		.ascii	"reg8\000"
 1369      00
 1370              	.LASF6:
 1371 00ee 6C6F6E67 		.ascii	"long unsigned int\000"
 1371      20756E73 
 1371      69676E65 
 1371      6420696E 
 1371      7400
 1372              	.LASF12:
ARM GAS  C:\Users\User\AppData\Local\Temp\ccGddIjf.s 			page 32


 1373 0100 75696E74 		.ascii	"uint8\000"
 1373      3800
 1374              	.LASF19:
 1375 0106 43594D45 		.ascii	"CYMEMZERO\000"
 1375      4D5A4552 
 1375      4F00
 1376              	.LASF39:
 1377 0110 53657441 		.ascii	"SetAnalogRoutingPumps\000"
 1377      6E616C6F 
 1377      67526F75 
 1377      74696E67 
 1377      50756D70 
 1378              	.LASF2:
 1379 0126 756E7369 		.ascii	"unsigned char\000"
 1379      676E6564 
 1379      20636861 
 1379      7200
 1380              	.LASF36:
 1381 0134 474E5520 		.ascii	"GNU C 4.9.3 20150303 (release) [ARM/embedded-4_9-br"
 1381      4320342E 
 1381      392E3320 
 1381      32303135 
 1381      30333033 
 1382 0167 616E6368 		.ascii	"anch revision 221220] -mcpu=cortex-m3 -mthumb -g -O"
 1382      20726576 
 1382      6973696F 
 1382      6E203232 
 1382      31323230 
 1383 019a 30202D66 		.ascii	"0 -ffunction-sections -ffat-lto-objects\000"
 1383      66756E63 
 1383      74696F6E 
 1383      2D736563 
 1383      74696F6E 
 1384              	.LASF16:
 1385 01c2 646F7562 		.ascii	"double\000"
 1385      6C6500
 1386              	.LASF40:
 1387 01c9 63796669 		.ascii	"cyfitter_cfg\000"
 1387      74746572 
 1387      5F636667 
 1387      00
 1388              	.LASF13:
 1389 01d6 75696E74 		.ascii	"uint16\000"
 1389      313600
 1390              	.LASF24:
 1391 01dd 6572726F 		.ascii	"errorCode\000"
 1391      72436F64 
 1391      6500
 1392              	.LASF14:
 1393 01e7 75696E74 		.ascii	"uint32\000"
 1393      333200
 1394              	.LASF0:
 1395 01ee 756E7369 		.ascii	"unsigned int\000"
 1395      676E6564 
 1395      20696E74 
 1395      00
 1396              	.LASF32:
ARM GAS  C:\Users\User\AppData\Local\Temp\ccGddIjf.s 			page 33


 1397 01fb 61646472 		.ascii	"address\000"
 1397      65737300 
 1398              	.LASF8:
 1399 0203 6C6F6E67 		.ascii	"long long unsigned int\000"
 1399      206C6F6E 
 1399      6720756E 
 1399      7369676E 
 1399      65642069 
 1400              	.LASF34:
 1401 021a 6366675F 		.ascii	"cfg_memset_t\000"
 1401      6D656D73 
 1401      65745F74 
 1401      00
 1402              	.LASF9:
 1403 0227 73697A65 		.ascii	"sizetype\000"
 1403      74797065 
 1403      00
 1404              	.LASF7:
 1405 0230 6C6F6E67 		.ascii	"long long int\000"
 1405      206C6F6E 
 1405      6720696E 
 1405      7400
 1406              	.LASF26:
 1407 023e 74696D65 		.ascii	"timeout\000"
 1407      6F757400 
 1408              	.LASF3:
 1409 0246 73686F72 		.ascii	"short int\000"
 1409      7420696E 
 1409      7400
 1410              	.LASF30:
 1411 0250 656E6162 		.ascii	"enabled\000"
 1411      6C656400 
 1412              	.LASF5:
 1413 0258 6C6F6E67 		.ascii	"long int\000"
 1413      20696E74 
 1413      00
 1414              	.LASF10:
 1415 0261 63686172 		.ascii	"char\000"
 1415      00
 1416              	.LASF29:
 1417 0266 62675F78 		.ascii	"bg_xover_inl_trim\000"
 1417      6F766572 
 1417      5F696E6C 
 1417      5F747269 
 1417      6D00
 1418              	.LASF1:
 1419 0278 7369676E 		.ascii	"signed char\000"
 1419      65642063 
 1419      68617200 
 1420              	.LASF31:
 1421 0284 72656756 		.ascii	"regValue\000"
 1421      616C7565 
 1421      00
 1422              	.LASF20:
 1423 028d 4359434F 		.ascii	"CYCONFIGCPY\000"
 1423      4E464947 
 1423      43505900 
ARM GAS  C:\Users\User\AppData\Local\Temp\ccGddIjf.s 			page 34


 1424              		.ident	"GCC: (GNU Tools for ARM Embedded Processors) 4.9.3 20150303 (release) [ARM/embedded-4_9-br
